Component: ARM Compiler 5.06 update 5 (build 528) Tool: armlink [4d35e2]

==============================================================================

Section Cross References

    startup_stm32f103xb.o(STACK) refers (Special) to heapauxi.o(.text) for __use_two_region_memory
    startup_stm32f103xb.o(HEAP) refers (Special) to heapauxi.o(.text) for __use_two_region_memory
    startup_stm32f103xb.o(RESET) refers (Special) to heapauxi.o(.text) for __use_two_region_memory
    startup_stm32f103xb.o(RESET) refers to startup_stm32f103xb.o(STACK) for __initial_sp
    startup_stm32f103xb.o(RESET) refers to startup_stm32f103xb.o(.text) for Reset_Handler
    startup_stm32f103xb.o(RESET) refers to stm32f1xx_it.o(i.NMI_Handler) for NMI_Handler
    startup_stm32f103xb.o(RESET) refers to stm32f1xx_it.o(i.HardFault_Handler) for HardFault_Handler
    startup_stm32f103xb.o(RESET) refers to stm32f1xx_it.o(i.MemManage_Handler) for MemManage_Handler
    startup_stm32f103xb.o(RESET) refers to stm32f1xx_it.o(i.BusFault_Handler) for BusFault_Handler
    startup_stm32f103xb.o(RESET) refers to stm32f1xx_it.o(i.UsageFault_Handler) for UsageFault_Handler
    startup_stm32f103xb.o(RESET) refers to stm32f1xx_it.o(i.SVC_Handler) for SVC_Handler
    startup_stm32f103xb.o(RESET) refers to stm32f1xx_it.o(i.DebugMon_Handler) for DebugMon_Handler
    startup_stm32f103xb.o(RESET) refers to stm32f1xx_it.o(i.PendSV_Handler) for PendSV_Handler
    startup_stm32f103xb.o(RESET) refers to stm32f1xx_it.o(i.SysTick_Handler) for SysTick_Handler
    startup_stm32f103xb.o(RESET) refers to stm32f1xx_it.o(i.USART2_IRQHandler) for USART2_IRQHandler
    startup_stm32f103xb.o(.text) refers (Special) to heapauxi.o(.text) for __use_two_region_memory
    startup_stm32f103xb.o(.text) refers to system_stm32f1xx.o(i.SystemInit) for SystemInit
    startup_stm32f103xb.o(.text) refers to __main.o(!!!main) for __main
    startup_stm32f103xb.o(.text) refers to startup_stm32f103xb.o(HEAP) for Heap_Mem
    startup_stm32f103xb.o(.text) refers to startup_stm32f103xb.o(STACK) for Stack_Mem
    system_stm32f1xx.o(i.SystemCoreClockUpdate) refers to system_stm32f1xx.o(.data) for SystemCoreClock
    system_stm32f1xx.o(i.SystemCoreClockUpdate) refers to system_stm32f1xx.o(.constdata) for AHBPrescTable
    stm32f1xx_hal.o(i.HAL_DeInit) refers to stm32f1xx_hal.o(i.HAL_MspDeInit) for HAL_MspDeInit
    stm32f1xx_hal.o(i.HAL_Delay) refers to stm32f1xx_hal.o(i.HAL_GetTick) for HAL_GetTick
    stm32f1xx_hal.o(i.HAL_Delay) refers to stm32f1xx_hal.o(.data) for uwTickFreq
    stm32f1xx_hal.o(i.HAL_GetTick) refers to stm32f1xx_hal.o(.data) for uwTick
    stm32f1xx_hal.o(i.HAL_GetTickFreq) refers to stm32f1xx_hal.o(.data) for uwTickFreq
    stm32f1xx_hal.o(i.HAL_GetTickPrio) refers to stm32f1xx_hal.o(.data) for uwTickPrio
    stm32f1xx_hal.o(i.HAL_IncTick) refers to stm32f1xx_hal.o(.data) for uwTick
    stm32f1xx_hal.o(i.HAL_Init) refers to stm32f1xx_hal_cortex.o(i.HAL_NVIC_SetPriorityGrouping) for HAL_NVIC_SetPriorityGrouping
    stm32f1xx_hal.o(i.HAL_Init) refers to stm32f1xx_hal.o(i.HAL_InitTick) for HAL_InitTick
    stm32f1xx_hal.o(i.HAL_Init) refers to stm32f1xx_hal.o(i.HAL_MspInit) for HAL_MspInit
    stm32f1xx_hal.o(i.HAL_InitTick) refers to stm32f1xx_hal_cortex.o(i.HAL_SYSTICK_Config) for HAL_SYSTICK_Config
    stm32f1xx_hal.o(i.HAL_InitTick) refers to stm32f1xx_hal_cortex.o(i.HAL_NVIC_SetPriority) for HAL_NVIC_SetPriority
    stm32f1xx_hal.o(i.HAL_InitTick) refers to stm32f1xx_hal.o(.data) for uwTickFreq
    stm32f1xx_hal.o(i.HAL_InitTick) refers to system_stm32f1xx.o(.data) for SystemCoreClock
    stm32f1xx_hal.o(i.HAL_SetTickFreq) refers to stm32f1xx_hal.o(i.HAL_InitTick) for HAL_InitTick
    stm32f1xx_hal.o(i.HAL_SetTickFreq) refers to stm32f1xx_hal.o(.data) for uwTickFreq
    stm32f1xx_hal_cortex.o(i.HAL_NVIC_GetPriorityGrouping) refers to stm32f1xx_hal_cortex.o(i.__NVIC_GetPriorityGrouping) for __NVIC_GetPriorityGrouping
    stm32f1xx_hal_cortex.o(i.HAL_NVIC_SetPriority) refers to stm32f1xx_hal_cortex.o(i.__NVIC_GetPriorityGrouping) for __NVIC_GetPriorityGrouping
    stm32f1xx_hal_cortex.o(i.HAL_NVIC_SetPriority) refers to stm32f1xx_hal_cortex.o(i.__NVIC_SetPriority) for __NVIC_SetPriority
    stm32f1xx_hal_cortex.o(i.HAL_SYSTICK_Config) refers to stm32f1xx_hal_cortex.o(i.__NVIC_SetPriority) for __NVIC_SetPriority
    stm32f1xx_hal_cortex.o(i.HAL_SYSTICK_IRQHandler) refers to stm32f1xx_hal_cortex.o(i.HAL_SYSTICK_Callback) for HAL_SYSTICK_Callback
    stm32f1xx_hal_dma.o(i.HAL_DMA_PollForTransfer) refers to stm32f1xx_hal.o(i.HAL_GetTick) for HAL_GetTick
    stm32f1xx_hal_dma.o(i.HAL_DMA_Start) refers to stm32f1xx_hal_dma.o(i.DMA_SetConfig) for DMA_SetConfig
    stm32f1xx_hal_dma.o(i.HAL_DMA_Start_IT) refers to stm32f1xx_hal_dma.o(i.DMA_SetConfig) for DMA_SetConfig
    stm32f1xx_hal_flash.o(i.FLASH_Program_HalfWord) refers to stm32f1xx_hal_flash.o(.bss) for pFlash
    stm32f1xx_hal_flash.o(i.FLASH_SetErrorCode) refers to stm32f1xx_hal_flash.o(.bss) for pFlash
[...]
    ../clib/printf.c                         0x00000000   Number         0  __printf_wp.o ABSOLUTE
    ../clib/printf.c                         0x00000000   Number         0  __printf_flags_ss.o ABSOLUTE
    ../clib/printf.c                         0x00000000   Number         0  __printf_ss.o ABSOLUTE
    ../clib/printf.c                         0x00000000   Number         0  __printf_flags.o ABSOLUTE
    ../clib/printf.c                         0x00000000   Number         0  _printf_hex_int_ll_ptr.o ABSOLUTE
    ../clib/printf.c                         0x00000000   Number         0  _printf_hex_ll_ptr.o ABSOLUTE
    ../clib/printf.c                         0x00000000   Number         0  _printf_hex_int_ptr.o ABSOLUTE
    ../clib/printf.c                         0x00000000   Number         0  _printf_hex_ptr.o ABSOLUTE
    ../clib/printf.c                         0x00000000   Number         0  _printf_hex_int_ll.o ABSOLUTE
    ../clib/printf.c                         0x00000000   Number         0  _printf_hex_int.o ABSOLUTE
    ../clib/printf.c                         0x00000000   Number         0  __2snprintf.o ABSOLUTE
    ../clib/printf_percent.s                 0x00000000   Number         0  _printf_percent_end.o ABSOLUTE
    ../clib/printf_percent.s                 0x00000000   Number         0  _printf_percent.o ABSOLUTE
    ../clib/printf_percent.s                 0x00000000   Number         0  _printf_u.o ABSOLUTE
    ../clib/printf_percent.s                 0x00000000   Number         0  _printf_d.o ABSOLUTE
    ../clib/printf_percent.s                 0x00000000   Number         0  _printf_x.o ABSOLUTE
    ../clib/scanf.c                          0x00000000   Number         0  _strtoul.o ABSOLUTE
    ../clib/scanf.c                          0x00000000   Number         0  _chval.o ABSOLUTE
    ../clib/scanf.c                          0x00000000   Number         0  strtol.o ABSOLUTE
    ../clib/signal.c                         0x00000000   Number         0  defsig_fpe_inner.o ABSOLUTE
    ../clib/signal.c                         0x00000000   Number         0  defsig_abrt_inner.o ABSOLUTE
    ../clib/signal.c                         0x00000000   Number         0  defsig_rtmem_inner.o ABSOLUTE
    ../clib/signal.c                         0x00000000   Number         0  defsig_general.o ABSOLUTE
    ../clib/signal.c                         0x00000000   Number         0  __raise.o ABSOLUTE
    ../clib/signal.c                         0x00000000   Number         0  defsig_other.o ABSOLUTE
    ../clib/signal.c                         0x00000000   Number         0  defsig_segv_inner.o ABSOLUTE
    ../clib/signal.c                         0x00000000   Number         0  defsig_cppl_inner.o ABSOLUTE
    ../clib/signal.c                         0x00000000   Number         0  defsig_pvfn_inner.o ABSOLUTE
    ../clib/signal.c                         0x00000000   Number         0  defsig_stak_inner.o ABSOLUTE
    ../clib/signal.c                         0x00000000   Number         0  defsig_rtmem_formal.o ABSOLUTE
    ../clib/signal.c                         0x00000000   Number         0  defsig_rtred_inner.o ABSOLUTE
    ../clib/signal.c                         0x00000000   Number         0  defsig_rtmem_outer.o ABSOLUTE
    ../clib/signal.c                         0x00000000   Number         0  defsig_exit.o ABSOLUTE
    ../clib/signal.s                         0x00000000   Number         0  defsig.o ABSOLUTE
    ../clib/stdlib.c                         0x00000000   Number         0  exit.o ABSOLUTE
    ../clib/string.c                         0x00000000   Number         0  strncmp.o ABSOLUTE
    ../fplib/faddsub.s                       0x00000000   Number         0  faddsub_clz.o ABSOLUTE
    ../fplib/fcmpi.s                         0x00000000   Number         0  fcmpi.o ABSOLUTE
    ../fplib/fdiv.s                          0x00000000   Number         0  fdiv.o ABSOLUTE
    ../fplib/feqf.s                          0x00000000   Number         0  feqf.o ABSOLUTE
    ../fplib/ffix.s                          0x00000000   Number         0  ffix.o ABSOLUTE
    ../fplib/fflt.s                          0x00000000   Number         0  fflt_clz.o ABSOLUTE
    ../fplib/fleqf.s                         0x00000000   Number         0  fleqf.o ABSOLUTE
    ../fplib/fmul.s                          0x00000000   Number         0  fmul.o ABSOLUTE
    ../fplib/fnaninf.s                       0x00000000   Number         0  fnaninf.o ABSOLUTE
    ../fplib/fpinit.s                        0x00000000   Number         0  fpinit.o ABSOLUTE
    ../fplib/fretinf.s                       0x00000000   Number         0  fretinf.o ABSOLUTE
    ../fplib/frleqf.s                        0x00000000   Number         0  frleqf.o ABSOLUTE
    ../fplib/usenofp.s                       0x00000000   Number         0  usenofp.o ABSOLUTE
    App\App_Test.c                           0x00000000   Number         0  app_test.o ABSOLUTE
    App\\App_Test.c                          0x00000000   Number         0  app_test.o ABSOLUTE
    App\\buleteethtest.c                     0x00000000   Number         0  buleteethtest.o ABSOLUTE
    App\buleteethtest.c                      0x00000000   Number         0  buleteethtest.o ABSOLUTE
    Drivers\CMSIS\Device\ST\STM32F1xx\Source\Templates\arm\startup_stm32f103xb.s 0x00000000   Number         0  startup_stm32f103xb.o ABSOLUTE
    Drivers\CMSIS\Device\ST\STM32F1xx\Source\Templates\system_stm32f1xx.c 0x00000000   Number         0  system_stm32f1xx.o ABSOLUTE
    Drivers\STM32F1xx_HAL_Driver\Src\stm32f1xx_hal.c 0x00000000   Number         0  stm32f1xx_hal.o ABSOLUTE
    Drivers\STM32F1xx_HAL_Driver\Src\stm32f1xx_hal_cortex.c 0x00000000   Number         0  stm32f1xx_hal_cortex.o ABSOLUTE
    Drivers\STM32F1xx_HAL_Driver\Src\stm32f1xx_hal_dma.c 0x00000000   Number         0  stm32f1xx_hal_dma.o ABSOLUTE
    Drivers\STM32F1xx_HAL_Driver\Src\stm32f1xx_hal_flash.c 0x00000000   Number         0  stm32f1xx_hal_flash.o ABSOLUTE
    Drivers\STM32F1xx_HAL_Driver\Src\stm32f1xx_hal_flash_ex.c 0x00000000   Number         0  stm32f1xx_hal_flash_ex.o ABSOLUTE
    Drivers\STM32F1xx_HAL_Driver\Src\stm32f1xx_hal_gpio.c 0x00000000   Number         0  stm32f1xx_hal_gpio.o ABSOLUTE
    Drivers\STM32F1xx_HAL_Driver\Src\stm32f1xx_hal_i2c.c 0x00000000   Number         0  stm32f1xx_hal_i2c.o ABSOLUTE
    Drivers\STM32F1xx_HAL_Driver\Src\stm32f1xx_hal_rcc.c 0x00000000   Number         0  stm32f1xx_hal_rcc.o ABSOLUTE
    Drivers\STM32F1xx_HAL_Driver\Src\stm32f1xx_hal_rcc_ex.c 0x00000000   Number         0  stm32f1xx_hal_rcc_ex.o ABSOLUTE
    Drivers\STM32F1xx_HAL_Driver\Src\stm32f1xx_hal_tim.c 0x00000000   Number         0  stm32f1xx_hal_tim.o ABSOLUTE
    Drivers\STM32F1xx_HAL_Driver\Src\stm32f1xx_hal_tim_ex.c 0x00000000   Number         0  stm32f1xx_hal_tim_ex.o ABSOLUTE
    Drivers\STM32F1xx_HAL_Driver\Src\stm32f1xx_hal_uart.c 0x00000000   Number         0  stm32f1xx_hal_uart.o ABSOLUTE
    Drivers\\CMSIS\\Device\\ST\\STM32F1xx\\Source\\Templates\\system_stm32f1xx.c 0x00000000   Number         0  system_stm32f1xx.o ABSOLUTE
    Drivers\\STM32F1xx_HAL_Driver\\Src\\stm32f1xx_hal.c 0x00000000   Number         0  stm32f1xx_hal.o ABSOLUTE
    Drivers\\STM32F1xx_HAL_Driver\\Src\\stm32f1xx_hal_cortex.c 0x00000000   Number         0  stm32f1xx_hal_cortex.o ABSOLUTE
    Drivers\\STM32F1xx_HAL_Driver\\Src\\stm32f1xx_hal_dma.c 0x00000000   Number         0  stm32f1xx_hal_dma.o ABSOLUTE
    Drivers\\STM32F1xx_HAL_Driver\\Src\\stm32f1xx_hal_flash.c 0x00000000   Number         0  stm32f1xx_hal_flash.o ABSOLUTE
    Drivers\\STM32F1xx_HAL_Driver\\Src\\stm32f1xx_hal_flash_ex.c 0x00000000   Number         0  stm32f1xx_hal_flash_ex.o ABSOLUTE
    Drivers\\STM32F1xx_HAL_Driver\\Src\\stm32f1xx_hal_gpio.c 0x00000000   Number         0  stm32f1xx_hal_gpio.o ABSOLUTE
    Drivers\\STM32F1xx_HAL_Driver\\Src\\stm32f1xx_hal_i2c.c 0x00000000   Number         0  stm32f1xx_hal_i2c.o ABSOLUTE
    Drivers\\STM32F1xx_HAL_Driver\\Src\\stm32f1xx_hal_rcc.c 0x00000000   Number         0  stm32f1xx_hal_rcc.o ABSOLUTE
    Drivers\\STM32F1xx_HAL_Driver\\Src\\stm32f1xx_hal_rcc_ex.c 0x00000000   Number         0  stm32f1xx_hal_rcc_ex.o ABSOLUTE
    Drivers\\STM32F1xx_HAL_Driver\\Src\\stm32f1xx_hal_tim.c 0x00000000   Number         0  stm32f1xx_hal_tim.o ABSOLUTE
    Drivers\\STM32F1xx_HAL_Driver\\Src\\stm32f1xx_hal_tim_ex.c 0x00000000   Number         0  stm32f1xx_hal_tim_ex.o ABSOLUTE
    Drivers\\STM32F1xx_HAL_Driver\\Src\\stm32f1xx_hal_uart.c 0x00000000   Number         0  stm32f1xx_hal_uart.o ABSOLUTE
    Hardware\I2C.c                           0x00000000   Number         0  i2c.o ABSOLUTE
    Hardware\Motor.c                         0x00000000   Number         0  motor.o ABSOLUTE
    Hardware\Mulun.c                         0x00000000   Number         0  mulun.o ABSOLUTE
    Hardware\UART.c                          0x00000000   Number         0  uart.o ABSOLUTE
    Hardware\UpperComputer.c                 0x00000000   Number         0  uppercomputer.o ABSOLUTE
    Hardware\WT101.c                         0x00000000   Number         0  wt101.o ABSOLUTE
    Hardware\\I2C.c                          0x00000000   Number         0  i2c.o ABSOLUTE
    Hardware\\Motor.c                        0x00000000   Number         0  motor.o ABSOLUTE
    Hardware\\UART.c                         0x00000000   Number         0  uart.o ABSOLUTE
    Hardware\\UpperComputer.c                0x00000000   Number         0  uppercomputer.o ABSOLUTE
    Hardware\\WT101.c                        0x00000000   Number         0  wt101.o ABSOLUTE
    User\\main.c                             0x00000000   Number         0  main.o ABSOLUTE
    User\\stm32f1xx_it.c                     0x00000000   Number         0  stm32f1xx_it.o ABSOLUTE
    User\main.c                              0x00000000   Number         0  main.o ABSOLUTE
    User\stm32f1xx_it.c                      0x00000000   Number         0  stm32f1xx_it.o ABSOLUTE
    dc.s                                     0x00000000   Number         0  dc.o ABSOLUTE
    RESET                                    0x08000000   Section      236  startup_stm32f103xb.o(RESET)
    !!!main                                  0x080000ec   Section        8  __main.o(!!!main)
    !!!scatter                               0x080000f4   Section       52  __scatter.o(!!!scatter)
    !!handler_copy                           0x08000128   Section       26  __scatter_copy.o(!!handler_copy)
    !!handler_zi                             0x08000144   Section       28  __scatter_zi.o(!!handler_zi)
    .ARM.Collect$$_printf_percent$$00000000  0x08000160   Section        0  _printf_percent.o(.ARM.Collect$$_printf_percent$$00000000)
    .ARM.Collect$$_printf_percent$$00000009  0x08000160   Section        6  _printf_d.o(.ARM.Collect$$_printf_percent$$00000009)
    .ARM.Collect$$_printf_percent$$00000017  0x08000166   Section        4  _printf_percent_end.o(.ARM.Collect$$_printf_percent$$00000017)
    .ARM.Collect$$libinit$$00000000          0x0800016a   Section        2  libinit.o(.ARM.Collect$$libinit$$00000000)
    .ARM.Collect$$libinit$$00000002          0x0800016c   Section        0  libinit2.o(.ARM.Collect$$libinit$$00000002)
    .ARM.Collect$$libinit$$00000004          0x0800016c   Section        0  libinit2.o(.ARM.Collect$$libinit$$00000004)
    .ARM.Collect$$libinit$$0000000A          0x0800016c   Section        0  libinit2.o(.ARM.Collect$$libinit$$0000000A)
    .ARM.Collect$$libinit$$0000000C          0x0800016c   Section        0  libinit2.o(.ARM.Collect$$libinit$$0000000C)
    .ARM.Collect$$libinit$$0000000E          0x0800016c   Section        0  libinit2.o(.ARM.Collect$$libinit$$0000000E)
    .ARM.Collect$$libinit$$0000000F          0x0800016c   Section        6  libinit2.o(.ARM.Collect$$libinit$$0000000F)
    .ARM.Collect$$libinit$$00000011          0x08000172   Section        0  libinit2.o(.ARM.Collect$$libinit$$00000011)
    .ARM.Collect$$libinit$$00000012          0x08000172   Section       12  libinit2.o(.ARM.Collect$$libinit$$00000012)
    .ARM.Collect$$libinit$$00000013          0x0800017e   Section        0  libinit2.o(.ARM.Collect$$libinit$$00000013)
    .ARM.Collect$$libinit$$00000015          0x0800017e   Section        0  libinit2.o(.ARM.Collect$$libinit$$00000015)
    .ARM.Collect$$libinit$$00000017          0x0800017e   Section        0  libinit2.o(.ARM.Collect$$libinit$$00000017)
    .ARM.Collect$$libinit$$00000019          0x0800017e   Section        0  libinit2.o(.ARM.Collect$$libinit$$00000019)
    .ARM.Collect$$libinit$$0000001B          0x0800017e   Section        0  libinit2.o(.ARM.Collect$$libinit$$0000001B)
    .ARM.Collect$$libinit$$0000001D          0x0800017e   Section        0  libinit2.o(.ARM.Collect$$libinit$$0000001D)
    .ARM.Collect$$libinit$$0000001F          0x0800017e   Section        0  libinit2.o(.ARM.Collect$$libinit$$0000001F)
    .ARM.Collect$$libinit$$00000021          0x0800017e   Section        0  libinit2.o(.ARM.Collect$$libinit$$00000021)
    .ARM.Collect$$libinit$$00000023          0x0800017e   Section        0  libinit2.o(.ARM.Collect$$libinit$$00000023)
    .ARM.Collect$$libinit$$00000025          0x0800017e   Section        0  libinit2.o(.ARM.Collect$$libinit$$00000025)
    .ARM.Collect$$libinit$$0000002C          0x0800017e   Section        0  libinit2.o(.ARM.Collect$$libinit$$0000002C)
    .ARM.Collect$$libinit$$0000002E          0x0800017e   Section        0  libinit2.o(.ARM.Collect$$libinit$$0000002E)
    .ARM.Collect$$libinit$$00000030          0x0800017e   Section        0  libinit2.o(.ARM.Collect$$libinit$$00000030)
    .ARM.Collect$$libinit$$00000032          0x0800017e   Section        0  libinit2.o(.ARM.Collect$$libinit$$00000032)
    .ARM.Collect$$libinit$$00000033          0x0800017e   Section        2  libinit2.o(.ARM.Collect$$libinit$$00000033)
    .ARM.Collect$$libshutdown$$00000000      0x08000180   Section        2  libshutdown.o(.ARM.Collect$$libshutdown$$00000000)
    .ARM.Collect$$libshutdown$$00000002      0x08000182   Section        0  libshutdown2.o(.ARM.Collect$$libshutdown$$00000002)
    .ARM.Collect$$libshutdown$$00000004      0x08000182   Section        0  libshutdown2.o(.ARM.Collect$$libshutdown$$00000004)
    .ARM.Collect$$libshutdown$$00000007      0x08000182   Section        0  libshutdown2.o(.ARM.Collect$$libshutdown$$00000007)
    .ARM.Collect$$libshutdown$$0000000A      0x08000182   Section        0  libshutdown2.o(.ARM.Collect$$libshutdown$$0000000A)
    .ARM.Collect$$libshutdown$$0000000C      0x08000182   Section        0  libshutdown2.o(.ARM.Collect$$libshutdown$$0000000C)
    .ARM.Collect$$libshutdown$$0000000F      0x08000182   Section        0  libshutdown2.o(.ARM.Collect$$libshutdown$$0000000F)
    .ARM.Collect$$libshutdown$$00000010      0x08000182   Section        2  libshutdown2.o(.ARM.Collect$$libshutdown$$00000010)
    .ARM.Collect$$rtentry$$00000000          0x08000184   Section        0  __rtentry.o(.ARM.Collect$$rtentry$$00000000)
    .ARM.Collect$$rtentry$$00000002          0x08000184   Section        0  __rtentry2.o(.ARM.Collect$$rtentry$$00000002)
    .ARM.Collect$$rtentry$$00000004          0x08000184   Section        6  __rtentry4.o(.ARM.Collect$$rtentry$$00000004)
    .ARM.Collect$$rtentry$$00000009          0x0800018a   Section        0  __rtentry2.o(.ARM.Collect$$rtentry$$00000009)
    .ARM.Collect$$rtentry$$0000000A          0x0800018a   Section        4  __rtentry2.o(.ARM.Collect$$rtentry$$0000000A)
    .ARM.Collect$$rtentry$$0000000C          0x0800018e   Section        0  __rtentry2.o(.ARM.Collect$$rtentry$$0000000C)
    .ARM.Collect$$rtentry$$0000000D          0x0800018e   Section        8  __rtentry2.o(.ARM.Collect$$rtentry$$0000000D)
    .ARM.Collect$$rtexit$$00000000           0x08000196   Section        2  rtexit.o(.ARM.Collect$$rtexit$$00000000)
    .ARM.Collect$$rtexit$$00000002           0x08000198   Section        0  rtexit2.o(.ARM.Collect$$rtexit$$00000002)
    .ARM.Collect$$rtexit$$00000003           0x08000198   Section        4  rtexit2.o(.ARM.Collect$$rtexit$$00000003)
    .ARM.Collect$$rtexit$$00000004           0x0800019c   Section        6  rtexit2.o(.ARM.Collect$$rtexit$$00000004)
    .text                                    0x080001a4   Section       64  startup_stm32f103xb.o(.text)
    .text                                    0x080001e4   Section        0  noretval__2snprintf.o(.text)
    .text                                    0x08000218   Section        0  _printf_dec.o(.text)
    .text                                    0x08000290   Section        0  __printf_flags_ss_wp.o(.text)
    .text                                    0x08000418   Section        0  strtol.o(.text)
    .text                                    0x08000488   Section        0  strncmp.o(.text)
    .text                                    0x0800051e   Section       78  rt_memclr_w.o(.text)
    .text                                    0x0800056c   Section       86  strncpy.o(.text)
    .text                                    0x080005c2   Section        0  heapauxi.o(.text)
    .text                                    0x080005c8   Section       16  rt_ctype_table.o(.text)
    .text                                    0x080005d8   Section        8  rt_errno_addr_intlibspace.o(.text)
    .text                                    0x080005e0   Section        0  _printf_intcommon.o(.text)
    .text                                    0x08000694   Section        0  _printf_char_common.o(.text)
    _printf_input_char                       0x08000695   Thumb Code    10  _printf_char_common.o(.text)
    .text                                    0x080006c4   Section        0  _sputc.o(.text)
    .text                                    0x080006ce   Section        0  _snputc.o(.text)
    .text                                    0x080006de   Section        0  _strtoul.o(.text)
    .text                                    0x0800077c   Section       68  rt_memclr.o(.text)
    .text                                    0x080007c0   Section        8  libspace.o(.text)
    .text                                    0x080007c8   Section        8  rt_locale_intlibspace.o(.text)
    .text                                    0x080007d0   Section        0  _chval.o(.text)
    .text                                    0x080007ec   Section       74  sys_stackheap_outer.o(.text)
    .text                                    0x08000836   Section        0  exit.o(.text)
    .text                                    0x08000848   Section      128  strcmpv7m.o(.text)
    .text                                    0x080008c8   Section        0  sys_exit.o(.text)
    .text                                    0x080008d4   Section        2  use_no_semi.o(.text)
    .text                                    0x080008d6   Section        0  indicate_semi.o(.text)
    i.BluetoothTest_ClampJoystick            0x080008d6   Section        0  buleteethtest.o(i.BluetoothTest_ClampJoystick)
    BluetoothTest_ClampJoystick              0x080008d7   Thumb Code    26  buleteethtest.o(i.BluetoothTest_ClampJoystick)
    i.BluetoothTest_Init                     0x080008f0   Section        0  buleteethtest.o(i.BluetoothTest_Init)
    i.BluetoothTest_MapRotation              0x080009d0   Section        0  buleteethtest.o(i.BluetoothTest_MapRotation)
    i.BluetoothTest_MapTranslation           0x080009f0   Section        0  buleteethtest.o(i.BluetoothTest_MapTranslation)
    i.BluetoothTest_ParseJoystick            0x08000a20   Section        0  buleteethtest.o(i.BluetoothTest_ParseJoystick)
    i.BluetoothTest_ReceiveByte              0x08000ad8   Section        0  buleteethtest.o(i.BluetoothTest_ReceiveByte)
    BluetoothTest_ReceiveByte                0x08000ad9   Thumb Code    90  buleteethtest.o(i.BluetoothTest_ReceiveByte)
    i.BluetoothTest_RunStep                  0x08000b44   Section        0  buleteethtest.o(i.BluetoothTest_RunStep)
    i.BusFault_Handler                       0x08000c24   Section        0  stm32f1xx_it.o(i.BusFault_Handler)
    i.DebugMon_Handler                       0x08000c28   Section        0  stm32f1xx_it.o(i.DebugMon_Handler)
    i.Error_Handler                          0x08000c2a   Section        0  main.o(i.Error_Handler)
    Error_Handler                            0x08000c2b   Thumb Code     6  main.o(i.Error_Handler)
    i.HAL_DMA_Abort                          0x08000c30   Section        0  stm32f1xx_hal_dma.o(i.HAL_DMA_Abort)
    i.HAL_DMA_Abort_IT                       0x08000c88   Section        0  stm32f1xx_hal_dma.o(i.HAL_DMA_Abort_IT)
    i.HAL_GPIO_Init                          0x08000d38   Section        0  stm32f1xx_hal_gpio.o(i.HAL_GPIO_Init)
    i.HAL_GPIO_WritePin                      0x08001058   Section        0  stm32f1xx_hal_gpio.o(i.HAL_GPIO_WritePin)
    i.HAL_GetTick                            0x08001064   Section        0  stm32f1xx_hal.o(i.HAL_GetTick)
    i.HAL_IncTick                            0x08001070   Section        0  stm32f1xx_hal.o(i.HAL_IncTick)
    i.HAL_Init                               0x08001088   Section        0  stm32f1xx_hal.o(i.HAL_Init)
    i.HAL_InitTick                           0x080010b0   Section        0  stm32f1xx_hal.o(i.HAL_InitTick)
    i.HAL_MspInit                            0x080010fc   Section        0  stm32f1xx_hal.o(i.HAL_MspInit)
    i.HAL_NVIC_EnableIRQ                     0x080010fe   Section        0  stm32f1xx_hal_cortex.o(i.HAL_NVIC_EnableIRQ)
    i.HAL_NVIC_SetPriority                   0x0800111e   Section        0  stm32f1xx_hal_cortex.o(i.HAL_NVIC_SetPriority)
    i.HAL_NVIC_SetPriorityGrouping           0x0800119c   Section        0  stm32f1xx_hal_cortex.o(i.HAL_NVIC_SetPriorityGrouping)
    i.HAL_RCC_ClockConfig                    0x080011c4   Section        0  stm32f1xx_hal_rcc.o(i.HAL_RCC_ClockConfig)
    i.HAL_RCC_GetHCLKFreq                    0x08001350   Section        0  stm32f1xx_hal_rcc.o(i.HAL_RCC_GetHCLKFreq)
    i.HAL_RCC_GetPCLK1Freq                   0x0800135c   Section        0  stm32f1xx_hal_rcc.o(i.HAL_RCC_GetPCLK1Freq)
    i.HAL_RCC_GetPCLK2Freq                   0x0800137c   Section        0  stm32f1xx_hal_rcc.o(i.HAL_RCC_GetPCLK2Freq)
    i.HAL_RCC_GetSysClockFreq                0x0800139c   Section        0  stm32f1xx_hal_rcc.o(i.HAL_RCC_GetSysClockFreq)
    i.HAL_RCC_OscConfig                      0x0800140c   Section        0  stm32f1xx_hal_rcc.o(i.HAL_RCC_OscConfig)
    i.HAL_SYSTICK_Config                     0x08001870   Section        0  stm32f1xx_hal_cortex.o(i.HAL_SYSTICK_Config)
    i.HAL_TIMEx_MasterConfigSynchronization  0x080018a4   Section        0  stm32f1xx_hal_tim_ex.o(i.HAL_TIMEx_MasterConfigSynchronization)
    i.HAL_TIM_PWM_ConfigChannel              0x08001928   Section        0  stm32f1xx_hal_tim.o(i.HAL_TIM_PWM_ConfigChannel)
    i.HAL_TIM_PWM_Init                       0x08001a2c   Section        0  stm32f1xx_hal_tim.o(i.HAL_TIM_PWM_Init)
    i.HAL_TIM_PWM_MspInit                    0x08001a92   Section        0  stm32f1xx_hal_tim.o(i.HAL_TIM_PWM_MspInit)
    i.HAL_TIM_PWM_Start                      0x08001a94   Section        0  stm32f1xx_hal_tim.o(i.HAL_TIM_PWM_Start)
    i.HAL_UARTEx_RxEventCallback             0x08001b68   Section        0  stm32f1xx_hal_uart.o(i.HAL_UARTEx_RxEventCallback)
    i.HAL_UART_ErrorCallback                 0x08001b6a   Section        0  stm32f1xx_hal_uart.o(i.HAL_UART_ErrorCallback)
    i.HAL_UART_IRQHandler                    0x08001b6c   Section        0  stm32f1xx_hal_uart.o(i.HAL_UART_IRQHandler)
    i.HAL_UART_Init                          0x08001e50   Section        0  stm32f1xx_hal_uart.o(i.HAL_UART_Init)
    i.HAL_UART_MspInit                       0x08001ec6   Section        0  stm32f1xx_hal_uart.o(i.HAL_UART_MspInit)
    i.HAL_UART_Receive_IT                    0x08001ec8   Section        0  stm32f1xx_hal_uart.o(i.HAL_UART_Receive_IT)
    i.HAL_UART_RxCpltCallback                0x08001ef4   Section        0  uart.o(i.HAL_UART_RxCpltCallback)
    i.HAL_UART_Transmit                      0x08001f2c   Section        0  stm32f1xx_hal_uart.o(i.HAL_UART_Transmit)
    i.HAL_UART_TxCpltCallback                0x08001fea   Section        0  stm32f1xx_hal_uart.o(i.HAL_UART_TxCpltCallback)
    i.HardFault_Handler                      0x08001fec   Section        0  stm32f1xx_it.o(i.HardFault_Handler)
    i.MemManage_Handler                      0x08001ff0   Section        0  stm32f1xx_it.o(i.MemManage_Handler)
    i.Motor_ClampPwm                         0x08001ff4   Section        0  motor.o(i.Motor_ClampPwm)
    Motor_ClampPwm                           0x08001ff5   Thumb Code    30  motor.o(i.Motor_ClampPwm)
    i.Motor_ConfigGpio                       0x08002014   Section        0  motor.o(i.Motor_ConfigGpio)
    Motor_ConfigGpio                         0x08002015   Thumb Code   194  motor.o(i.Motor_ConfigGpio)
    i.Motor_ConfigTimer                      0x080020e8   Section        0  motor.o(i.Motor_ConfigTimer)
    Motor_ConfigTimer                        0x080020e9   Thumb Code   144  motor.o(i.Motor_ConfigTimer)
    i.Motor_FailStop                         0x0800217c   Section        0  motor.o(i.Motor_FailStop)
    Motor_FailStop                           0x0800217d   Thumb Code     4  motor.o(i.Motor_FailStop)
    i.Motor_Init                             0x08002180   Section        0  motor.o(i.Motor_Init)
    i.Motor_LB_SetSpeed                      0x080021f4   Section        0  motor.o(i.Motor_LB_SetSpeed)
    i.Motor_LF_SetSpeed                      0x08002220   Section        0  motor.o(i.Motor_LF_SetSpeed)
    i.Motor_RB_SetSpeed                      0x0800224c   Section        0  motor.o(i.Motor_RB_SetSpeed)
    i.Motor_RF_SetSpeed                      0x08002274   Section        0  motor.o(i.Motor_RF_SetSpeed)
    i.Motor_SetDirection                     0x080022a0   Section        0  motor.o(i.Motor_SetDirection)
    Motor_SetDirection                       0x080022a1   Thumb Code    68  motor.o(i.Motor_SetDirection)
    i.NMI_Handler                            0x080022e4   Section        0  stm32f1xx_it.o(i.NMI_Handler)
    i.PID_Mulun_Init                         0x080022e8   Section        0  mulun.o(i.PID_Mulun_Init)
    i.PendSV_Handler                         0x08002314   Section        0  stm32f1xx_it.o(i.PendSV_Handler)
    i.RCC_Delay                              0x08002318   Section        0  stm32f1xx_hal_rcc.o(i.RCC_Delay)
    RCC_Delay                                0x08002319   Thumb Code    36  stm32f1xx_hal_rcc.o(i.RCC_Delay)
    i.SVC_Handler                            0x08002340   Section        0  stm32f1xx_it.o(i.SVC_Handler)
    i.SysTick_Handler                        0x08002342   Section        0  stm32f1xx_it.o(i.SysTick_Handler)
    i.SystemClock_Config                     0x0800234a   Section        0  main.o(i.SystemClock_Config)
    SystemClock_Config                       0x0800234b   Thumb Code   102  main.o(i.SystemClock_Config)
    i.SystemInit                             0x080023b0   Section        0  system_stm32f1xx.o(i.SystemInit)
    i.TIM_Base_SetConfig                     0x08002408   Section        0  stm32f1xx_hal_tim.o(i.TIM_Base_SetConfig)
    i.TIM_CCxChannelCmd                      0x08002484   Section        0  stm32f1xx_hal_tim.o(i.TIM_CCxChannelCmd)
    i.TIM_OC1_SetConfig                      0x080024a8   Section        0  stm32f1xx_hal_tim.o(i.TIM_OC1_SetConfig)
    TIM_OC1_SetConfig                        0x080024a9   Thumb Code    94  stm32f1xx_hal_tim.o(i.TIM_OC1_SetConfig)
    i.TIM_OC2_SetConfig                      0x0800250c   Section        0  stm32f1xx_hal_tim.o(i.TIM_OC2_SetConfig)
    i.TIM_OC3_SetConfig                      0x08002578   Section        0  stm32f1xx_hal_tim.o(i.TIM_OC3_SetConfig)
    TIM_OC3_SetConfig                        0x08002579   Thumb Code   102  stm32f1xx_hal_tim.o(i.TIM_OC3_SetConfig)
    i.TIM_OC4_SetConfig                      0x080025e4   Section        0  stm32f1xx_hal_tim.o(i.TIM_OC4_SetConfig)
    TIM_OC4_SetConfig                        0x080025e5   Thumb Code    68  stm32f1xx_hal_tim.o(i.TIM_OC4_SetConfig)
    i.UART_DMAAbortOnError                   0x0800262c   Section        0  stm32f1xx_hal_uart.o(i.UART_DMAAbortOnError)
    UART_DMAAbortOnError                     0x0800262d   Thumb Code    20  stm32f1xx_hal_uart.o(i.UART_DMAAbortOnError)
    i.UART_EndRxTransfer                     0x08002640   Section        0  stm32f1xx_hal_uart.o(i.UART_EndRxTransfer)
    UART_EndRxTransfer                       0x08002641   Thumb Code   108  stm32f1xx_hal_uart.o(i.UART_EndRxTransfer)
    i.UART_EndTransmit_IT                    0x080026ac   Section        0  stm32f1xx_hal_uart.o(i.UART_EndTransmit_IT)
    UART_EndTransmit_IT                      0x080026ad   Thumb Code    32  stm32f1xx_hal_uart.o(i.UART_EndTransmit_IT)
    i.UART_Init                              0x080026cc   Section        0  uart.o(i.UART_Init)
    i.UART_Receive_IT                        0x080027ac   Section        0  stm32f1xx_hal_uart.o(i.UART_Receive_IT)
    UART_Receive_IT                          0x080027ad   Thumb Code   252  stm32f1xx_hal_uart.o(i.UART_Receive_IT)
    i.UART_SendByte                          0x080028a8   Section        0  uart.o(i.UART_SendByte)
    i.UART_SendString                        0x080028c0   Section        0  uart.o(i.UART_SendString)
    i.UART_SetConfig                         0x080028d8   Section        0  stm32f1xx_hal_uart.o(i.UART_SetConfig)
    UART_SetConfig                           0x080028d9   Thumb Code   248  stm32f1xx_hal_uart.o(i.UART_SetConfig)
    i.UART_StartReceiveIT                    0x080029d4   Section        0  uart.o(i.UART_StartReceiveIT)
    i.UART_Start_Receive_IT                  0x080029f4   Section        0  stm32f1xx_hal_uart.o(i.UART_Start_Receive_IT)
    i.UART_Transmit_IT                       0x08002a34   Section        0  stm32f1xx_hal_uart.o(i.UART_Transmit_IT)
    UART_Transmit_IT                         0x08002a35   Thumb Code    96  stm32f1xx_hal_uart.o(i.UART_Transmit_IT)
    i.UART_WaitOnFlagUntilTimeout            0x08002a94   Section        0  stm32f1xx_hal_uart.o(i.UART_WaitOnFlagUntilTimeout)
    UART_WaitOnFlagUntilTimeout              0x08002a95   Thumb Code   140  stm32f1xx_hal_uart.o(i.UART_WaitOnFlagUntilTimeout)
    i.USART2_IRQHandler                      0x08002b20   Section        0  stm32f1xx_it.o(i.USART2_IRQHandler)
    i.UsageFault_Handler                     0x08002b30   Section        0  stm32f1xx_it.o(i.UsageFault_Handler)
    i.__NVIC_GetPriorityGrouping             0x08002b34   Section        0  stm32f1xx_hal_cortex.o(i.__NVIC_GetPriorityGrouping)
    __NVIC_GetPriorityGrouping               0x08002b35   Thumb Code    10  stm32f1xx_hal_cortex.o(i.__NVIC_GetPriorityGrouping)
    i.__NVIC_SetPriority                     0x08002b44   Section        0  stm32f1xx_hal_cortex.o(i.__NVIC_SetPriority)
    __NVIC_SetPriority                       0x08002b45   Thumb Code    32  stm32f1xx_hal_cortex.o(i.__NVIC_SetPriority)
    i._is_digit                              0x08002b6c   Section        0  __printf_wp.o(i._is_digit)
    i.main                                   0x08002b7a   Section        0  main.o(i.main)
    i.mecanum_move_limited                   0x08002b8e   Section        0  motor.o(i.mecanum_move_limited)
    i.motor_PWM_Init                         0x08002c5c   Section        0  motor.o(i.motor_PWM_Init)
    i.motor_stop_all                         0x08002c94   Section        0  motor.o(i.motor_stop_all)
    locale$$code                             0x08002cb8   Section       44  lc_ctype_c.o(locale$$code)
    x$fpl$fadd                               0x08002ce4   Section      196  faddsub_clz.o(x$fpl$fadd)
    _fadd1                                   0x08002cf3   Thumb Code     0  faddsub_clz.o(x$fpl$fadd)
    x$fpl$ffix                               0x08002da8   Section       54  ffix.o(x$fpl$ffix)
    x$fpl$fflt                               0x08002de0   Section       48  fflt_clz.o(x$fpl$fflt)
    x$fpl$fmul                               0x08002e10   Section      258  fmul.o(x$fpl$fmul)
    x$fpl$fnaninf                            0x08002f12   Section      140  fnaninf.o(x$fpl$fnaninf)
    x$fpl$fretinf                            0x08002f9e   Section       10  fretinf.o(x$fpl$fretinf)
    x$fpl$fsub                               0x08002fa8   Section      234  faddsub_clz.o(x$fpl$fsub)
    _fsub1                                   0x08002fb7   Thumb Code     0  faddsub_clz.o(x$fpl$fsub)
    .constdata                               0x08003092   Section       24  system_stm32f1xx.o(.constdata)
    x$fpl$usenofp                            0x08003092   Section        0  usenofp.o(x$fpl$usenofp)
    .constdata                               0x080030aa   Section       18  stm32f1xx_hal_rcc.o(.constdata)
    aPLLMULFactorTable                       0x080030aa   Data          16  stm32f1xx_hal_rcc.o(.constdata)
    aPredivFactorTable                       0x080030ba   Data           2  stm32f1xx_hal_rcc.o(.constdata)
    .constdata                               0x080030bc   Section       17  __printf_flags_ss_wp.o(.constdata)
    maptable                                 0x080030bc   Data          17  __printf_flags_ss_wp.o(.constdata)
    locale$$data                             0x080030f0   Section      272  lc_ctype_c.o(locale$$data)
    __lcctype_c_name                         0x080030f4   Data           2  lc_ctype_c.o(locale$$data)
    __lcctype_c_start                        0x080030fc   Data           0  lc_ctype_c.o(locale$$data)
    __lcctype_c_end                          0x08003200   Data           0  lc_ctype_c.o(locale$$data)
    .data                                    0x20000000   Section        4  system_stm32f1xx.o(.data)
    .data                                    0x20000004   Section        9  stm32f1xx_hal.o(.data)
    .data                                    0x20000010   Section        8  uart.o(.data)
    uart_rx_byte                             0x20000010   Data           1  uart.o(.data)
    uart_rx_handler                          0x20000014   Data           4  uart.o(.data)
    .data                                    0x20000018   Section       12  buleteethtest.o(.data)
    bluetooth_packet_index                   0x20000018   Data           1  buleteethtest.o(.data)
    bluetooth_collecting                     0x20000019   Data           1  buleteethtest.o(.data)
    bluetooth_packet_ready                   0x2000001a   Data           1  buleteethtest.o(.data)
    bluetooth_command_valid                  0x2000001b   Data           1  buleteethtest.o(.data)
    bluetooth_led_state                      0x2000001c   Data           1  buleteethtest.o(.data)
    bluetooth_last_telemetry_tick            0x20000020   Data           4  buleteethtest.o(.data)
    .bss                                     0x20000024   Section       72  uart.o(.bss)
    .bss                                     0x2000006c   Section      172  motor.o(.bss)
    mulun_pid                                0x2000006c   Data          28  motor.o(.bss)
    .bss                                     0x20000118   Section       80  buleteethtest.o(.bss)
    bluetooth_packet                         0x20000118   Data          64  buleteethtest.o(.bss)
    bluetooth_joystick                       0x20000158   Data          16  buleteethtest.o(.bss)
    .bss                                     0x20000168   Section       96  libspace.o(.bss)
    HEAP                                     0x200001c8   Section      512  startup_stm32f103xb.o(HEAP)
    Heap_Mem                                 0x200001c8   Data         512  startup_stm32f103xb.o(HEAP)
    STACK                                    0x200003c8   Section     1024  startup_stm32f103xb.o(STACK)
    Stack_Mem                                0x200003c8   Data        1024  startup_stm32f103xb.o(STACK)
    __initial_sp                             0x200007c8   Data           0  startup_stm32f103xb.o(STACK)

    Global Symbols

    Symbol Name                              Value     Ov Type        Size  Object(Section)

    BuildAttributes$$THM_ISAv4$P$D$K$B$S$PE$A:L22UL41UL21$X:L11$S22US41US21$IEEE1$IW$USESV6$~STKCKD$USESV7$~SHL$OSPACE$ROPI$EBA8$UX$STANDARDLIB$REQ8$PRES8$EABIv2 0x00000000   Number         0  anon$$obj.o ABSOLUTE
    __ARM_use_no_argv                        0x00000000   Number         0  main.o ABSOLUTE
    _printf_flags                            0x00000000   Number         0  printf_stubs.o ABSOLUTE
    _printf_return_value                     0x00000000   Number         0  printf_stubs.o ABSOLUTE
    _printf_sizespec                         0x00000000   Number         0  printf_stubs.o ABSOLUTE
    _printf_widthprec                        0x00000000   Number         0  printf_stubs.o ABSOLUTE
    __ARM_exceptions_init                     - Undefined Weak Reference
    __alloca_initialize                       - Undefined Weak Reference
    __arm_preinit_                            - Undefined Weak Reference
    __cpp_initialize__aeabi_                  - Undefined Weak Reference
    __cxa_finalize                            - Undefined Weak Reference
    __sigvec_lookup                           - Undefined Weak Reference
    _atexit_init                              - Undefined Weak Reference
    _call_atexit_fns                          - Undefined Weak Reference
    _clock_init                               - Undefined Weak Reference
    _fp_trap_init                             - Undefined Weak Reference
    _fp_trap_shutdown                         - Undefined Weak Reference
    _get_lc_collate                           - Undefined Weak Reference
    _get_lc_monetary                          - Undefined Weak Reference
    _get_lc_numeric                           - Undefined Weak Reference
    _get_lc_time                              - Undefined Weak Reference
    _getenv_init                              - Undefined Weak Reference
    _handle_redirection                       - Undefined Weak Reference
    _init_alloc                               - Undefined Weak Reference
    _init_user_alloc                          - Undefined Weak Reference
    _initio                                   - Undefined Weak Reference
    _printf_truncate_signed                   - Undefined Weak Reference
    _printf_truncate_unsigned                 - Undefined Weak Reference
    _rand_init                                - Undefined Weak Reference
    _signal_finish                            - Undefined Weak Reference
    _signal_init                              - Undefined Weak Reference
    _terminate_alloc                          - Undefined Weak Reference
    _terminate_user_alloc                     - Undefined Weak Reference
    _terminateio                              - Undefined Weak Reference
    __Vectors_Size                           0x000000ec   Number         0  startup_stm32f103xb.o ABSOLUTE
    __Vectors                                0x08000000   Data           4  startup_stm32f103xb.o(RESET)
    __Vectors_End                            0x080000ec   Data           0  startup_stm32f103xb.o(RESET)
    __main                                   0x080000ed   Thumb Code     8  __main.o(!!!main)
    __scatterload                            0x080000f5   Thumb Code     0  __scatter.o(!!!scatter)
    __scatterload_rt2                        0x080000f5   Thumb Code    44  __scatter.o(!!!scatter)
    __scatterload_rt2_thumb_only             0x080000f5   Thumb Code     0  __scatter.o(!!!scatter)
    __scatterload_null                       0x08000103   Thumb Code     0  __scatter.o(!!!scatter)
    __scatterload_copy                       0x08000129   Thumb Code    26  __scatter_copy.o(!!handler_copy)
    __scatterload_zeroinit                   0x08000145   Thumb Code    28  __scatter_zi.o(!!handler_zi)
    _printf_d                                0x08000161   Thumb Code     0  _printf_d.o(.ARM.Collect$$_printf_percent$$00000009)
    _printf_percent                          0x08000161   Thumb Code     0  _printf_percent.o(.ARM.Collect$$_printf_percent$$00000000)
    _printf_percent_end                      0x08000167   Thumb Code     0  _printf_percent_end.o(.ARM.Collect$$_printf_percent$$00000017)
    __rt_lib_init                            0x0800016b   Thumb Code     0  libinit.o(.ARM.Collect$$libinit$$00000000)
    __rt_lib_init_fp_1                       0x0800016d   Thumb Code     0  libinit2.o(.ARM.Collect$$libinit$$00000002)
    __rt_lib_init_heap_1                     0x0800016d   Thumb Code     0  libinit2.o(.ARM.Collect$$libinit$$0000000A)
    __rt_lib_init_lc_common                  0x0800016d   Thumb Code     0  libinit2.o(.ARM.Collect$$libinit$$0000000F)
    __rt_lib_init_preinit_1                  0x0800016d   Thumb Code     0  libinit2.o(.ARM.Collect$$libinit$$00000004)
    __rt_lib_init_rand_1                     0x0800016d   Thumb Code     0  libinit2.o(.ARM.Collect$$libinit$$0000000E)
    __rt_lib_init_user_alloc_1               0x0800016d   Thumb Code     0  libinit2.o(.ARM.Collect$$libinit$$0000000C)
    __rt_lib_init_lc_collate_1               0x08000173   Thumb Code     0  libinit2.o(.ARM.Collect$$libinit$$00000011)
    __rt_lib_init_lc_ctype_2                 0x08000173   Thumb Code     0  libinit2.o(.ARM.Collect$$libinit$$00000012)
    __rt_lib_init_alloca_1                   0x0800017f   Thumb Code     0  libinit2.o(.ARM.Collect$$libinit$$0000002E)
    __rt_lib_init_argv_1                     0x0800017f   Thumb Code     0  libinit2.o(.ARM.Collect$$libinit$$0000002C)
    __rt_lib_init_atexit_1                   0x0800017f   Thumb Code     0  libinit2.o(.ARM.Collect$$libinit$$0000001B)
    __rt_lib_init_clock_1                    0x0800017f   Thumb Code     0  libinit2.o(.ARM.Collect$$libinit$$00000021)
    __rt_lib_init_cpp_1                      0x0800017f   Thumb Code     0  libinit2.o(.ARM.Collect$$libinit$$00000032)
    __rt_lib_init_exceptions_1               0x0800017f   Thumb Code     0  libinit2.o(.ARM.Collect$$libinit$$00000030)
    __rt_lib_init_fp_trap_1                  0x0800017f   Thumb Code     0  libinit2.o(.ARM.Collect$$libinit$$0000001F)
    __rt_lib_init_getenv_1                   0x0800017f   Thumb Code     0  libinit2.o(.ARM.Collect$$libinit$$00000023)
    __rt_lib_init_lc_ctype_1                 0x0800017f   Thumb Code     0  libinit2.o(.ARM.Collect$$libinit$$00000013)
    __rt_lib_init_lc_monetary_1              0x0800017f   Thumb Code     0  libinit2.o(.ARM.Collect$$libinit$$00000015)
    __rt_lib_init_lc_numeric_1               0x0800017f   Thumb Code     0  libinit2.o(.ARM.Collect$$libinit$$00000017)
    __rt_lib_init_lc_time_1                  0x0800017f   Thumb Code     0  libinit2.o(.ARM.Collect$$libinit$$00000019)
    __rt_lib_init_return                     0x0800017f   Thumb Code     0  libinit2.o(.ARM.Collect$$libinit$$00000033)
    __rt_lib_init_signal_1                   0x0800017f   Thumb Code     0  libinit2.o(.ARM.Collect$$libinit$$0000001D)
    __rt_lib_init_stdio_1                    0x0800017f   Thumb Code     0  libinit2.o(.ARM.Collect$$libinit$$00000025)
    __rt_lib_shutdown                        0x08000181   Thumb Code     0  libshutdown.o(.ARM.Collect$$libshutdown$$00000000)
    __rt_lib_shutdown_cpp_1                  0x08000183   Thumb Code     0  libshutdown2.o(.ARM.Collect$$libshutdown$$00000002)
    __rt_lib_shutdown_fp_trap_1              0x08000183   Thumb Code     0  libshutdown2.o(.ARM.Collect$$libshutdown$$00000007)
    __rt_lib_shutdown_heap_1                 0x08000183   Thumb Code     0  libshutdown2.o(.ARM.Collect$$libshutdown$$0000000F)
    __rt_lib_shutdown_return                 0x08000183   Thumb Code     0  libshutdown2.o(.ARM.Collect$$libshutdown$$00000010)
    __rt_lib_shutdown_signal_1               0x08000183   Thumb Code     0  libshutdown2.o(.ARM.Collect$$libshutdown$$0000000A)
    __rt_lib_shutdown_stdio_1                0x08000183   Thumb Code     0  libshutdown2.o(.ARM.Collect$$libshutdown$$00000004)
    __rt_lib_shutdown_user_alloc_1           0x08000183   Thumb Code     0  libshutdown2.o(.ARM.Collect$$libshutdown$$0000000C)
    __rt_entry                               0x08000185   Thumb Code     0  __rtentry.o(.ARM.Collect$$rtentry$$00000000)
    __rt_entry_presh_1                       0x08000185   Thumb Code     0  __rtentry2.o(.ARM.Collect$$rtentry$$00000002)
    __rt_entry_sh                            0x08000185   Thumb Code     0  __rtentry4.o(.ARM.Collect$$rtentry$$00000004)
    __rt_entry_li                            0x0800018b   Thumb Code     0  __rtentry2.o(.ARM.Collect$$rtentry$$0000000A)
    __rt_entry_postsh_1                      0x0800018b   Thumb Code     0  __rtentry2.o(.ARM.Collect$$rtentry$$00000009)
    __rt_entry_main                          0x0800018f   Thumb Code     0  __rtentry2.o(.ARM.Collect$$rtentry$$0000000D)
    __rt_entry_postli_1                      0x0800018f   Thumb Code     0  __rtentry2.o(.ARM.Collect$$rtentry$$0000000C)
    __rt_exit                                0x08000197   Thumb Code     0  rtexit.o(.ARM.Collect$$rtexit$$00000000)
    __rt_exit_ls                             0x08000199   Thumb Code     0  rtexit2.o(.ARM.Collect$$rtexit$$00000003)
    __rt_exit_prels_1                        0x08000199   Thumb Code     0  rtexit2.o(.ARM.Collect$$rtexit$$00000002)
    __rt_exit_exit                           0x0800019d   Thumb Code     0  rtexit2.o(.ARM.Collect$$rtexit$$00000004)
    Reset_Handler                            0x080001a5   Thumb Code     8  startup_stm32f103xb.o(.text)
    ADC1_2_IRQHandler                        0x080001bf   Thumb Code     0  startup_stm32f103xb.o(.text)
    CAN1_RX1_IRQHandler                      0x080001bf   Thumb Code     0  startup_stm32f103xb.o(.text)
    CAN1_SCE_IRQHandler                      0x080001bf   Thumb Code     0  startup_stm32f103xb.o(.text)
    DMA1_Channel1_IRQHandler                 0x080001bf   Thumb Code     0  startup_stm32f103xb.o(.text)
    DMA1_Channel2_IRQHandler                 0x080001bf   Thumb Code     0  startup_stm32f103xb.o(.text)
    DMA1_Channel3_IRQHandler                 0x080001bf   Thumb Code     0  startup_stm32f103xb.o(.text)
    DMA1_Channel4_IRQHandler                 0x080001bf   Thumb Code     0  startup_stm32f103xb.o(.text)
    DMA1_Channel5_IRQHandler                 0x080001bf   Thumb Code     0  startup_stm32f103xb.o(.text)
    DMA1_Channel6_IRQHandler                 0x080001bf   Thumb Code     0  startup_stm32f103xb.o(.text)
    DMA1_Channel7_IRQHandler                 0x080001bf   Thumb Code     0  startup_stm32f103xb.o(.text)
    EXTI0_IRQHandler                         0x080001bf   Thumb Code     0  startup_stm32f103xb.o(.text)
    EXTI15_10_IRQHandler                     0x080001bf   Thumb Code     0  startup_stm32f103xb.o(.text)
    EXTI1_IRQHandler                         0x080001bf   Thumb Code     0  startup_stm32f103xb.o(.text)
    EXTI2_IRQHandler                         0x080001bf   Thumb Code     0  startup_stm32f103xb.o(.text)
    EXTI3_IRQHandler                         0x080001bf   Thumb Code     0  startup_stm32f103xb.o(.text)
    EXTI4_IRQHandler                         0x080001bf   Thumb Code     0  startup_stm32f103xb.o(.text)
    EXTI9_5_IRQHandler                       0x080001bf   Thumb Code     0  startup_stm32f103xb.o(.text)
    FLASH_IRQHandler                         0x080001bf   Thumb Code     0  startup_stm32f103xb.o(.text)
    I2C1_ER_IRQHandler                       0x080001bf   Thumb Code     0  startup_stm32f103xb.o(.text)
    I2C1_EV_IRQHandler                       0x080001bf   Thumb Code     0  startup_stm32f103xb.o(.text)
    I2C2_ER_IRQHandler                       0x080001bf   Thumb Code     0  startup_stm32f103xb.o(.text)
    I2C2_EV_IRQHandler                       0x080001bf   Thumb Code     0  startup_stm32f103xb.o(.text)
    PVD_IRQHandler                           0x080001bf   Thumb Code     0  startup_stm32f103xb.o(.text)
    RCC_IRQHandler                           0x080001bf   Thumb Code     0  startup_stm32f103xb.o(.text)
    RTC_Alarm_IRQHandler                     0x080001bf   Thumb Code     0  startup_stm32f103xb.o(.text)
    RTC_IRQHandler                           0x080001bf   Thumb Code     0  startup_stm32f103xb.o(.text)
    SPI1_IRQHandler                          0x080001bf   Thumb Code     0  startup_stm32f103xb.o(.text)
    SPI2_IRQHandler                          0x080001bf   Thumb Code     0  startup_stm32f103xb.o(.text)
    TAMPER_IRQHandler                        0x080001bf   Thumb Code     0  startup_stm32f103xb.o(.text)
    TIM1_BRK_IRQHandler                      0x080001bf   Thumb Code     0  startup_stm32f103xb.o(.text)
    TIM1_CC_IRQHandler                       0x080001bf   Thumb Code     0  startup_stm32f103xb.o(.text)
    TIM1_TRG_COM_IRQHandler                  0x080001bf   Thumb Code     0  startup_stm32f103xb.o(.text)
    TIM1_UP_IRQHandler                       0x080001bf   Thumb Code     0  startup_stm32f103xb.o(.text)
    TIM2_IRQHandler                          0x080001bf   Thumb Code     0  startup_stm32f103xb.o(.text)
    TIM3_IRQHandler                          0x080001bf   Thumb Code     0  startup_stm32f103xb.o(.text)
    TIM4_IRQHandler                          0x080001bf   Thumb Code     0  startup_stm32f103xb.o(.text)
    USART1_IRQHandler                        0x080001bf   Thumb Code     0  startup_stm32f103xb.o(.text)
    USART3_IRQHandler                        0x080001bf   Thumb Code     0  startup_stm32f103xb.o(.text)
    USBWakeUp_IRQHandler                     0x080001bf   Thumb Code     0  startup_stm32f103xb.o(.text)
    USB_HP_CAN1_TX_IRQHandler                0x080001bf   Thumb Code     0  startup_stm32f103xb.o(.text)
    USB_LP_CAN1_RX0_IRQHandler               0x080001bf   Thumb Code     0  startup_stm32f103xb.o(.text)
    WWDG_IRQHandler                          0x080001bf   Thumb Code     0  startup_stm32f103xb.o(.text)
    __user_initial_stackheap                 0x080001c1   Thumb Code     0  startup_stm32f103xb.o(.text)
    __2snprintf                              0x080001e5   Thumb Code    48  noretval__2snprintf.o(.text)
    _printf_int_dec                          0x08000219   Thumb Code   104  _printf_dec.o(.text)
    __printf                                 0x08000291   Thumb Code   388  __printf_flags_ss_wp.o(.text)
    strtol                                   0x08000419   Thumb Code   112  strtol.o(.text)
    strncmp                                  0x08000489   Thumb Code   150  strncmp.o(.text)
    __aeabi_memclr4                          0x0800051f   Thumb Code     0  rt_memclr_w.o(.text)
    __aeabi_memclr8                          0x0800051f   Thumb Code     0  rt_memclr_w.o(.text)
    __rt_memclr_w                            0x0800051f   Thumb Code    78  rt_memclr_w.o(.text)
    _memset_w                                0x08000523   Thumb Code     0  rt_memclr_w.o(.text)
    strncpy                                  0x0800056d   Thumb Code    86  strncpy.o(.text)
    __use_two_region_memory                  0x080005c3   Thumb Code     2  heapauxi.o(.text)
    __rt_heap_escrow$2region                 0x080005c5   Thumb Code     2  heapauxi.o(.text)
    __rt_heap_expand$2region                 0x080005c7   Thumb Code     2  heapauxi.o(.text)
    __rt_ctype_table                         0x080005c9   Thumb Code    16  rt_ctype_table.o(.text)
    __aeabi_errno_addr                       0x080005d9   Thumb Code     8  rt_errno_addr_intlibspace.o(.text)
    __errno$intlibspace                      0x080005d9   Thumb Code     0  rt_errno_addr_intlibspace.o(.text)
    __rt_errno_addr$intlibspace              0x080005d9   Thumb Code     0  rt_errno_addr_intlibspace.o(.text)
    _printf_int_common                       0x080005e1   Thumb Code   178  _printf_intcommon.o(.text)
    _printf_char_common                      0x0800069f   Thumb Code    32  _printf_char_common.o(.text)
    _sputc                                   0x080006c5   Thumb Code    10  _sputc.o(.text)
    _snputc                                  0x080006cf   Thumb Code    16  _snputc.o(.text)
    _strtoul                                 0x080006df   Thumb Code   158  _strtoul.o(.text)
    __aeabi_memclr                           0x0800077d   Thumb Code     0  rt_memclr.o(.text)
    __rt_memclr                              0x0800077d   Thumb Code    68  rt_memclr.o(.text)
    _memset                                  0x08000781   Thumb Code     0  rt_memclr.o(.text)
    __user_libspace                          0x080007c1   Thumb Code     8  libspace.o(.text)
    __user_perproc_libspace                  0x080007c1   Thumb Code     0  libspace.o(.text)
    __user_perthread_libspace                0x080007c1   Thumb Code     0  libspace.o(.text)
    __rt_locale                              0x080007c9   Thumb Code     8  rt_locale_intlibspace.o(.text)
    _chval                                   0x080007d1   Thumb Code    28  _chval.o(.text)
    __user_setup_stackheap                   0x080007ed   Thumb Code    74  sys_stackheap_outer.o(.text)
    exit                                     0x08000837   Thumb Code    18  exit.o(.text)
    strcmp                                   0x08000849   Thumb Code   128  strcmpv7m.o(.text)
    _sys_exit                                0x080008c9   Thumb Code     8  sys_exit.o(.text)
    __I$use$semihosting                      0x080008d5   Thumb Code     0  use_no_semi.o(.text)
    __use_no_semihosting_swi                 0x080008d5   Thumb Code     2  use_no_semi.o(.text)
    __semihosting_library_function           0x080008d7   Thumb Code     0  indicate_semi.o(.text)
    BluetoothTest_Init                       0x080008f1   Thumb Code   142  buleteethtest.o(i.BluetoothTest_Init)
    BluetoothTest_MapRotation                0x080009d1   Thumb Code    28  buleteethtest.o(i.BluetoothTest_MapRotation)
    BluetoothTest_MapTranslation             0x080009f1   Thumb Code    46  buleteethtest.o(i.BluetoothTest_MapTranslation)
    BluetoothTest_ParseJoystick              0x08000a21   Thumb Code   166  buleteethtest.o(i.BluetoothTest_ParseJoystick)
    BluetoothTest_RunStep                    0x08000b45   Thumb Code   176  buleteethtest.o(i.BluetoothTest_RunStep)
    BusFault_Handler                         0x08000c25   Thumb Code     4  stm32f1xx_it.o(i.BusFault_Handler)
    DebugMon_Handler                         0x08000c29   Thumb Code     2  stm32f1xx_it.o(i.DebugMon_Handler)
    HAL_DMA_Abort                            0x08000c31   Thumb Code    86  stm32f1xx_hal_dma.o(i.HAL_DMA_Abort)
    HAL_DMA_Abort_IT                         0x08000c89   Thumb Code   172  stm32f1xx_hal_dma.o(i.HAL_DMA_Abort_IT)
    HAL_GPIO_Init                            0x08000d39   Thumb Code   766  stm32f1xx_hal_gpio.o(i.HAL_GPIO_Init)
    HAL_GPIO_WritePin                        0x08001059   Thumb Code    12  stm32f1xx_hal_gpio.o(i.HAL_GPIO_WritePin)
    HAL_GetTick                              0x08001065   Thumb Code     6  stm32f1xx_hal.o(i.HAL_GetTick)
    HAL_IncTick                              0x08001071   Thumb Code    16  stm32f1xx_hal.o(i.HAL_IncTick)
    HAL_Init                                 0x08001089   Thumb Code    34  stm32f1xx_hal.o(i.HAL_Init)
    HAL_InitTick                             0x080010b1   Thumb Code    64  stm32f1xx_hal.o(i.HAL_InitTick)
    HAL_MspInit                              0x080010fd   Thumb Code     2  stm32f1xx_hal.o(i.HAL_MspInit)
    HAL_NVIC_EnableIRQ                       0x080010ff   Thumb Code    32  stm32f1xx_hal_cortex.o(i.HAL_NVIC_EnableIRQ)
    HAL_NVIC_SetPriority                     0x0800111f   Thumb Code   124  stm32f1xx_hal_cortex.o(i.HAL_NVIC_SetPriority)
    HAL_NVIC_SetPriorityGrouping             0x0800119d   Thumb Code    32  stm32f1xx_hal_cortex.o(i.HAL_NVIC_SetPriorityGrouping)
    HAL_RCC_ClockConfig                      0x080011c5   Thumb Code   376  stm32f1xx_hal_rcc.o(i.HAL_RCC_ClockConfig)
    HAL_RCC_GetHCLKFreq                      0x08001351   Thumb Code     6  stm32f1xx_hal_rcc.o(i.HAL_RCC_GetHCLKFreq)
    HAL_RCC_GetPCLK1Freq                     0x0800135d   Thumb Code    22  stm32f1xx_hal_rcc.o(i.HAL_RCC_GetPCLK1Freq)
    HAL_RCC_GetPCLK2Freq                     0x0800137d   Thumb Code    22  stm32f1xx_hal_rcc.o(i.HAL_RCC_GetPCLK2Freq)
    HAL_RCC_GetSysClockFreq                  0x0800139d   Thumb Code    92  stm32f1xx_hal_rcc.o(i.HAL_RCC_GetSysClockFreq)
    HAL_RCC_OscConfig                        0x0800140d   Thumb Code  1114  stm32f1xx_hal_rcc.o(i.HAL_RCC_OscConfig)
    HAL_SYSTICK_Config                       0x08001871   Thumb Code    52  stm32f1xx_hal_cortex.o(i.HAL_SYSTICK_Config)
    HAL_TIMEx_MasterConfigSynchronization    0x080018a5   Thumb Code   118  stm32f1xx_hal_tim_ex.o(i.HAL_TIMEx_MasterConfigSynchronization)
    HAL_TIM_PWM_ConfigChannel                0x08001929   Thumb Code   260  stm32f1xx_hal_tim.o(i.HAL_TIM_PWM_ConfigChannel)
    HAL_TIM_PWM_Init                         0x08001a2d   Thumb Code   102  stm32f1xx_hal_tim.o(i.HAL_TIM_PWM_Init)
    HAL_TIM_PWM_MspInit                      0x08001a93   Thumb Code     2  stm32f1xx_hal_tim.o(i.HAL_TIM_PWM_MspInit)
    HAL_TIM_PWM_Start                        0x08001a95   Thumb Code   198  stm32f1xx_hal_tim.o(i.HAL_TIM_PWM_Start)
    HAL_UARTEx_RxEventCallback               0x08001b69   Thumb Code     2  stm32f1xx_hal_uart.o(i.HAL_UARTEx_RxEventCallback)
    HAL_UART_ErrorCallback                   0x08001b6b   Thumb Code     2  stm32f1xx_hal_uart.o(i.HAL_UART_ErrorCallback)
    HAL_UART_IRQHandler                      0x08001b6d   Thumb Code   736  stm32f1xx_hal_uart.o(i.HAL_UART_IRQHandler)
    HAL_UART_Init                            0x08001e51   Thumb Code   118  stm32f1xx_hal_uart.o(i.HAL_UART_Init)
    HAL_UART_MspInit                         0x08001ec7   Thumb Code     2  stm32f1xx_hal_uart.o(i.HAL_UART_MspInit)
    HAL_UART_Receive_IT                      0x08001ec9   Thumb Code    44  stm32f1xx_hal_uart.o(i.HAL_UART_Receive_IT)
    HAL_UART_RxCpltCallback                  0x08001ef5   Thumb Code    40  uart.o(i.HAL_UART_RxCpltCallback)
    HAL_UART_Transmit                        0x08001f2d   Thumb Code   190  stm32f1xx_hal_uart.o(i.HAL_UART_Transmit)
    HAL_UART_TxCpltCallback                  0x08001feb   Thumb Code     2  stm32f1xx_hal_uart.o(i.HAL_UART_TxCpltCallback)
    HardFault_Handler                        0x08001fed   Thumb Code     4  stm32f1xx_it.o(i.HardFault_Handler)
    MemManage_Handler                        0x08001ff1   Thumb Code     4  stm32f1xx_it.o(i.MemManage_Handler)
    Motor_Init                               0x08002181   Thumb Code    94  motor.o(i.Motor_Init)
    Motor_LB_SetSpeed                        0x080021f5   Thumb Code    34  motor.o(i.Motor_LB_SetSpeed)
    Motor_LF_SetSpeed                        0x08002221   Thumb Code    34  motor.o(i.Motor_LF_SetSpeed)
    Motor_RB_SetSpeed                        0x0800224d   Thumb Code    32  motor.o(i.Motor_RB_SetSpeed)
    Motor_RF_SetSpeed                        0x08002275   Thumb Code    32  motor.o(i.Motor_RF_SetSpeed)
    NMI_Handler                              0x080022e5   Thumb Code     2  stm32f1xx_it.o(i.NMI_Handler)
    PID_Mulun_Init                           0x080022e9   Thumb Code    32  mulun.o(i.PID_Mulun_Init)
    PendSV_Handler                           0x08002315   Thumb Code     2  stm32f1xx_it.o(i.PendSV_Handler)
    SVC_Handler                              0x08002341   Thumb Code     2  stm32f1xx_it.o(i.SVC_Handler)
    SysTick_Handler                          0x08002343   Thumb Code     8  stm32f1xx_it.o(i.SysTick_Handler)
    SystemInit                               0x080023b1   Thumb Code    70  system_stm32f1xx.o(i.SystemInit)
    TIM_Base_SetConfig                       0x08002409   Thumb Code   112  stm32f1xx_hal_tim.o(i.TIM_Base_SetConfig)
    TIM_CCxChannelCmd                        0x08002485   Thumb Code    34  stm32f1xx_hal_tim.o(i.TIM_CCxChannelCmd)
    TIM_OC2_SetConfig                        0x0800250d   Thumb Code   104  stm32f1xx_hal_tim.o(i.TIM_OC2_SetConfig)
    UART_Init                                0x080026cd   Thumb Code   208  uart.o(i.UART_Init)
    UART_SendByte                            0x080028a9   Thumb Code    18  uart.o(i.UART_SendByte)
    UART_SendString                          0x080028c1   Thumb Code    22  uart.o(i.UART_SendString)
    UART_StartReceiveIT                      0x080029d5   Thumb Code    20  uart.o(i.UART_StartReceiveIT)
    UART_Start_Receive_IT                    0x080029f5   Thumb Code    64  stm32f1xx_hal_uart.o(i.UART_Start_Receive_IT)
    USART2_IRQHandler                        0x08002b21   Thumb Code    10  stm32f1xx_it.o(i.USART2_IRQHandler)
    UsageFault_Handler                       0x08002b31   Thumb Code     4  stm32f1xx_it.o(i.UsageFault_Handler)
    _is_digit                                0x08002b6d   Thumb Code    14  __printf_wp.o(i._is_digit)
    main                                     0x08002b7b   Thumb Code    20  main.o(i.main)
    mecanum_move_limited                     0x08002b8f   Thumb Code   206  motor.o(i.mecanum_move_limited)
    motor_PWM_Init                           0x08002c5d   Thumb Code    48  motor.o(i.motor_PWM_Init)
    motor_stop_all                           0x08002c95   Thumb Code    28  motor.o(i.motor_stop_all)
    _get_lc_ctype                            0x08002cb9   Thumb Code    44  lc_ctype_c.o(locale$$code)
    __aeabi_fadd                             0x08002ce5   Thumb Code     0  faddsub_clz.o(x$fpl$fadd)
    _fadd                                    0x08002ce5   Thumb Code   196  faddsub_clz.o(x$fpl$fadd)
    __aeabi_f2iz                             0x08002da9   Thumb Code     0  ffix.o(x$fpl$ffix)
    _ffix                                    0x08002da9   Thumb Code    54  ffix.o(x$fpl$ffix)
    __aeabi_i2f                              0x08002de1   Thumb Code     0  fflt_clz.o(x$fpl$fflt)
    _fflt                                    0x08002de1   Thumb Code    48  fflt_clz.o(x$fpl$fflt)
    __aeabi_fmul                             0x08002e11   Thumb Code     0  fmul.o(x$fpl$fmul)
    _fmul                                    0x08002e11   Thumb Code   258  fmul.o(x$fpl$fmul)
    __fpl_fnaninf                            0x08002f13   Thumb Code   140  fnaninf.o(x$fpl$fnaninf)
    __fpl_fretinf                            0x08002f9f   Thumb Code    10  fretinf.o(x$fpl$fretinf)
    __aeabi_fsub                             0x08002fa9   Thumb Code     0  faddsub_clz.o(x$fpl$fsub)
    _fsub                                    0x08002fa9   Thumb Code   234  faddsub_clz.o(x$fpl$fsub)
    AHBPrescTable                            0x08003092   Data          16  system_stm32f1xx.o(.constdata)
    __I$use$fp                               0x08003092   Number         0  usenofp.o(x$fpl$usenofp)
    APBPrescTable                            0x080030a2   Data           8  system_stm32f1xx.o(.constdata)
    Region$$Table$$Base                      0x080030d0   Number         0  anon$$obj.o(Region$$Table)
    Region$$Table$$Limit                     0x080030f0   Number         0  anon$$obj.o(Region$$Table)
    __ctype                                  0x080030fd   Data           0  lc_ctype_c.o(locale$$data)
    SystemCoreClock                          0x20000000   Data           4  system_stm32f1xx.o(.data)
    uwTick                                   0x20000004   Data           4  stm32f1xx_hal.o(.data)
    uwTickPrio                               0x20000008   Data           4  stm32f1xx_hal.o(.data)
    uwTickFreq                               0x2000000c   Data           1  stm32f1xx_hal.o(.data)
    huart2                                   0x20000024   Data          72  uart.o(.bss)
    htim1                                    0x20000088   Data          72  motor.o(.bss)
    htim2                                    0x200000d0   Data          72  motor.o(.bss)
    __libspace_start                         0x20000168   Data          96  libspace.o(.bss)
    __temporary_stack_top$libspace           0x200001c8   Data           0  libspace.o(.bss)



==============================================================================

Memory Map of the image

  Image Entry point : 0x080001a5

  Load Region LR_1 (Base: 0x08000000, Size: 0x00003224, Max: 0xffffffff, ABSOLUTE)

    Execution Region ER_RO (Exec base: 0x08000000, Load base: 0x08000000, Size: 0x00003200, Max: 0xffffffff, ABSOLUTE)

    Exec Addr    Load Addr    Size         Type   Attr      Idx    E Section Name        Object

    0x08000000   0x08000000   0x000000ec   Data   RO            3    RESET               startup_stm32f103xb.o
    0x080000ec   0x080000ec   0x00000008   Code   RO         3490  * !!!main             c_w.l(__main.o)
    0x080000f4   0x080000f4   0x00000034   Code   RO         3716    !!!scatter          c_w.l(__scatter.o)
    0x08000128   0x08000128   0x0000001a   Code   RO         3718    !!handler_copy      c_w.l(__scatter_copy.o)
    0x08000142   0x08000142   0x00000002   PAD
    0x08000144   0x08000144   0x0000001c   Code   RO         3720    !!handler_zi        c_w.l(__scatter_zi.o)
    0x08000160   0x08000160   0x00000000   Code   RO         3479    .ARM.Collect$$_printf_percent$$00000000  c_w.l(_printf_percent.o)
    0x08000160   0x08000160   0x00000006   Code   RO         3477    .ARM.Collect$$_printf_percent$$00000009  c_w.l(_printf_d.o)
    0x08000166   0x08000166   0x00000004   Code   RO         3536    .ARM.Collect$$_printf_percent$$00000017  c_w.l(_printf_percent_end.o)
    0x0800016a   0x0800016a   0x00000002   Code   RO         3589    .ARM.Collect$$libinit$$00000000  c_w.l(libinit.o)
    0x0800016c   0x0800016c   0x00000000   Code   RO         3591    .ARM.Collect$$libinit$$00000002  c_w.l(libinit2.o)
    0x0800016c   0x0800016c   0x00000000   Code   RO         3593    .ARM.Collect$$libinit$$00000004  c_w.l(libinit2.o)
    0x0800016c   0x0800016c   0x00000000   Code   RO         3596    .ARM.Collect$$libinit$$0000000A  c_w.l(libinit2.o)
    0x0800016c   0x0800016c   0x00000000   Code   RO         3598    .ARM.Collect$$libinit$$0000000C  c_w.l(libinit2.o)
    0x0800016c   0x0800016c   0x00000000   Code   RO         3600    .ARM.Collect$$libinit$$0000000E  c_w.l(libinit2.o)
    0x0800016c   0x0800016c   0x00000006   Code   RO         3601    .ARM.Collect$$libinit$$0000000F  c_w.l(libinit2.o)
    0x08000172   0x08000172   0x00000000   Code   RO         3603    .ARM.Collect$$libinit$$00000011  c_w.l(libinit2.o)
    0x08000172   0x08000172   0x0000000c   Code   RO         3604    .ARM.Collect$$libinit$$00000012  c_w.l(libinit2.o)
    0x0800017e   0x0800017e   0x00000000   Code   RO         3605    .ARM.Collect$$libinit$$00000013  c_w.l(libinit2.o)
    0x0800017e   0x0800017e   0x00000000   Code   RO         3607    .ARM.Collect$$libinit$$00000015  c_w.l(libinit2.o)
    0x0800017e   0x0800017e   0x00000000   Code   RO         3609    .ARM.Collect$$libinit$$00000017  c_w.l(libinit2.o)
    0x0800017e   0x0800017e   0x00000000   Code   RO         3611    .ARM.Collect$$libinit$$00000019  c_w.l(libinit2.o)
    0x0800017e   0x0800017e   0x00000000   Code   RO         3613    .ARM.Collect$$libinit$$0000001B  c_w.l(libinit2.o)
    0x0800017e   0x0800017e   0x00000000   Code   RO         3615    .ARM.Collect$$libinit$$0000001D  c_w.l(libinit2.o)
    0x0800017e   0x0800017e   0x00000000   Code   RO         3617    .ARM.Collect$$libinit$$0000001F  c_w.l(libinit2.o)
    0x0800017e   0x0800017e   0x00000000   Code   RO         3619    .ARM.Collect$$libinit$$00000021  c_w.l(libinit2.o)
    0x0800017e   0x0800017e   0x00000000   Code   RO         3621    .ARM.Collect$$libinit$$00000023  c_w.l(libinit2.o)
    0x0800017e   0x0800017e   0x00000000   Code   RO         3623    .ARM.Collect$$libinit$$00000025  c_w.l(libinit2.o)
    0x0800017e   0x0800017e   0x00000000   Code   RO         3627    .ARM.Collect$$libinit$$0000002C  c_w.l(libinit2.o)
    0x0800017e   0x0800017e   0x00000000   Code   RO         3629    .ARM.Collect$$libinit$$0000002E  c_w.l(libinit2.o)
    0x0800017e   0x0800017e   0x00000000   Code   RO         3631    .ARM.Collect$$libinit$$00000030  c_w.l(libinit2.o)
    0x0800017e   0x0800017e   0x00000000   Code   RO         3633    .ARM.Collect$$libinit$$00000032  c_w.l(libinit2.o)
    0x0800017e   0x0800017e   0x00000002   Code   RO         3634    .ARM.Collect$$libinit$$00000033  c_w.l(libinit2.o)
    0x08000180   0x08000180   0x00000002   Code   RO         3664    .ARM.Collect$$libshutdown$$00000000  c_w.l(libshutdown.o)
    0x08000182   0x08000182   0x00000000   Code   RO         3675    .ARM.Collect$$libshutdown$$00000002  c_w.l(libshutdown2.o)
    0x08000182   0x08000182   0x00000000   Code   RO         3677    .ARM.Collect$$libshutdown$$00000004  c_w.l(libshutdown2.o)
    0x08000182   0x08000182   0x00000000   Code   RO         3680    .ARM.Collect$$libshutdown$$00000007  c_w.l(libshutdown2.o)
    0x08000182   0x08000182   0x00000000   Code   RO         3683    .ARM.Collect$$libshutdown$$0000000A  c_w.l(libshutdown2.o)
    0x08000182   0x08000182   0x00000000   Code   RO         3685    .ARM.Collect$$libshutdown$$0000000C  c_w.l(libshutdown2.o)
    0x08000182   0x08000182   0x00000000   Code   RO         3688    .ARM.Collect$$libshutdown$$0000000F  c_w.l(libshutdown2.o)
    0x08000182   0x08000182   0x00000002   Code   RO         3689    .ARM.Collect$$libshutdown$$00000010  c_w.l(libshutdown2.o)
    0x08000184   0x08000184   0x00000000   Code   RO         3520    .ARM.Collect$$rtentry$$00000000  c_w.l(__rtentry.o)
    0x08000184   0x08000184   0x00000000   Code   RO         3552    .ARM.Collect$$rtentry$$00000002  c_w.l(__rtentry2.o)
    0x08000184   0x08000184   0x00000006   Code   RO         3564    .ARM.Collect$$rtentry$$00000004  c_w.l(__rtentry4.o)
    0x0800018a   0x0800018a   0x00000000   Code   RO         3554    .ARM.Collect$$rtentry$$00000009  c_w.l(__rtentry2.o)
    0x0800018a   0x0800018a   0x00000004   Code   RO         3555    .ARM.Collect$$rtentry$$0000000A  c_w.l(__rtentry2.o)
    0x0800018e   0x0800018e   0x00000000   Code   RO         3557    .ARM.Collect$$rtentry$$0000000C  c_w.l(__rtentry2.o)
    0x0800018e   0x0800018e   0x00000008   Code   RO         3558    .ARM.Collect$$rtentry$$0000000D  c_w.l(__rtentry2.o)
    0x08000196   0x08000196   0x00000002   Code   RO         3635    .ARM.Collect$$rtexit$$00000000  c_w.l(rtexit.o)
    0x08000198   0x08000198   0x00000000   Code   RO         3642    .ARM.Collect$$rtexit$$00000002  c_w.l(rtexit2.o)
    0x08000198   0x08000198   0x00000004   Code   RO         3643    .ARM.Collect$$rtexit$$00000003  c_w.l(rtexit2.o)
    0x0800019c   0x0800019c   0x00000006   Code   RO         3644    .ARM.Collect$$rtexit$$00000004  c_w.l(rtexit2.o)
    0x080001a2   0x080001a2   0x00000002   PAD
    0x080001a4   0x080001a4   0x00000040   Code   RO            4  * .text               startup_stm32f103xb.o
    0x080001e4   0x080001e4   0x00000034   Code   RO         3427    .text               c_w.l(noretval__2snprintf.o)
    0x08000218   0x08000218   0x00000078   Code   RO         3433    .text               c_w.l(_printf_dec.o)
    0x08000290   0x08000290   0x00000188   Code   RO         3473    .text               c_w.l(__printf_flags_ss_wp.o)
    0x08000418   0x08000418   0x00000070   Code   RO         3480    .text               c_w.l(strtol.o)
    0x08000488   0x08000488   0x00000096   Code   RO         3482    .text               c_w.l(strncmp.o)
    0x0800051e   0x0800051e   0x0000004e   Code   RO         3484    .text               c_w.l(rt_memclr_w.o)
    0x0800056c   0x0800056c   0x00000056   Code   RO         3486    .text               c_w.l(strncpy.o)
    0x080005c2   0x080005c2   0x00000006   Code   RO         3488    .text               c_w.l(heapauxi.o)
    0x080005c8   0x080005c8   0x00000010   Code   RO         3521    .text               c_w.l(rt_ctype_table.o)
    0x080005d8   0x080005d8   0x00000008   Code   RO         3526    .text               c_w.l(rt_errno_addr_intlibspace.o)
    0x080005e0   0x080005e0   0x000000b2   Code   RO         3528    .text               c_w.l(_printf_intcommon.o)
    0x08000692   0x08000692   0x00000002   PAD
    0x08000694   0x08000694   0x00000030   Code   RO         3530    .text               c_w.l(_printf_char_common.o)
    0x080006c4   0x080006c4   0x0000000a   Code   RO         3532    .text               c_w.l(_sputc.o)
    0x080006ce   0x080006ce   0x00000010   Code   RO         3534    .text               c_w.l(_snputc.o)
    0x080006de   0x080006de   0x0000009e   Code   RO         3537    .text               c_w.l(_strtoul.o)
    0x0800077c   0x0800077c   0x00000044   Code   RO         3539    .text               c_w.l(rt_memclr.o)
    0x080007c0   0x080007c0   0x00000008   Code   RO         3548    .text               c_w.l(libspace.o)
    0x080007c8   0x080007c8   0x00000008   Code   RO         3569    .text               c_w.l(rt_locale_intlibspace.o)
    0x080007d0   0x080007d0   0x0000001c   Code   RO         3573    .text               c_w.l(_chval.o)
    0x080007ec   0x080007ec   0x0000004a   Code   RO         3578    .text               c_w.l(sys_stackheap_outer.o)
    0x08000836   0x08000836   0x00000012   Code   RO         3580    .text               c_w.l(exit.o)
    0x08000848   0x08000848   0x00000080   Code   RO         3582    .text               c_w.l(strcmpv7m.o)
    0x080008c8   0x080008c8   0x0000000c   Code   RO         3654    .text               c_w.l(sys_exit.o)
    0x080008d4   0x080008d4   0x00000002   Code   RO         3665    .text               c_w.l(use_no_semi.o)
    0x080008d6   0x080008d6   0x00000000   Code   RO         3667    .text               c_w.l(indicate_semi.o)
    0x080008d6   0x080008d6   0x0000001a   Code   RO         3354    i.BluetoothTest_ClampJoystick  buleteethtest.o
    0x080008f0   0x080008f0   0x000000e0   Code   RO         3355    i.BluetoothTest_Init  buleteethtest.o
    0x080009d0   0x080009d0   0x00000020   Code   RO         3356    i.BluetoothTest_MapRotation  buleteethtest.o
    0x080009f0   0x080009f0   0x0000002e   Code   RO         3357    i.BluetoothTest_MapTranslation  buleteethtest.o
    0x08000a1e   0x08000a1e   0x00000002   PAD
    0x08000a20   0x08000a20   0x000000b8   Code   RO         3358    i.BluetoothTest_ParseJoystick  buleteethtest.o
    0x08000ad8   0x08000ad8   0x0000006c   Code   RO         3359    i.BluetoothTest_ReceiveByte  buleteethtest.o
    0x08000b44   0x08000b44   0x000000e0   Code   RO         3360    i.BluetoothTest_RunStep  buleteethtest.o
    0x08000c24   0x08000c24   0x00000004   Code   RO         2817    i.BusFault_Handler  stm32f1xx_it.o
    0x08000c28   0x08000c28   0x00000002   Code   RO         2818    i.DebugMon_Handler  stm32f1xx_it.o
    0x08000c2a   0x08000c2a   0x00000006   Code   RO         2777    i.Error_Handler     main.o
    0x08000c30   0x08000c30   0x00000056   Code   RO          429    i.HAL_DMA_Abort     stm32f1xx_hal_dma.o
    0x08000c86   0x08000c86   0x00000002   PAD
    0x08000c88   0x08000c88   0x000000b0   Code   RO          430    i.HAL_DMA_Abort_IT  stm32f1xx_hal_dma.o
    0x08000d38   0x08000d38   0x00000320   Code   RO          735    i.HAL_GPIO_Init     stm32f1xx_hal_gpio.o
    0x08001058   0x08001058   0x0000000c   Code   RO          739    i.HAL_GPIO_WritePin  stm32f1xx_hal_gpio.o
    0x08001064   0x08001064   0x0000000c   Code   RO          139    i.HAL_GetTick       stm32f1xx_hal.o
    0x08001070   0x08001070   0x00000018   Code   RO          145    i.HAL_IncTick       stm32f1xx_hal.o
    0x08001088   0x08001088   0x00000028   Code   RO          146    i.HAL_Init          stm32f1xx_hal.o
    0x080010b0   0x080010b0   0x0000004c   Code   RO          147    i.HAL_InitTick      stm32f1xx_hal.o
    0x080010fc   0x080010fc   0x00000002   Code   RO          149    i.HAL_MspInit       stm32f1xx_hal.o
    0x080010fe   0x080010fe   0x00000020   Code   RO          308    i.HAL_NVIC_EnableIRQ  stm32f1xx_hal_cortex.o
    0x0800111e   0x0800111e   0x0000007c   Code   RO          314    i.HAL_NVIC_SetPriority  stm32f1xx_hal_cortex.o
    0x0800119a   0x0800119a   0x00000002   PAD
    0x0800119c   0x0800119c   0x00000028   Code   RO          315    i.HAL_NVIC_SetPriorityGrouping  stm32f1xx_hal_cortex.o
    0x080011c4   0x080011c4   0x0000018c   Code   RO         1276    i.HAL_RCC_ClockConfig  stm32f1xx_hal_rcc.o
    0x08001350   0x08001350   0x0000000c   Code   RO         1281    i.HAL_RCC_GetHCLKFreq  stm32f1xx_hal_rcc.o
    0x0800135c   0x0800135c   0x00000020   Code   RO         1283    i.HAL_RCC_GetPCLK1Freq  stm32f1xx_hal_rcc.o
    0x0800137c   0x0800137c   0x00000020   Code   RO         1284    i.HAL_RCC_GetPCLK2Freq  stm32f1xx_hal_rcc.o
    0x0800139c   0x0800139c   0x00000070   Code   RO         1285    i.HAL_RCC_GetSysClockFreq  stm32f1xx_hal_rcc.o
    0x0800140c   0x0800140c   0x00000464   Code   RO         1288    i.HAL_RCC_OscConfig  stm32f1xx_hal_rcc.o
    0x08001870   0x08001870   0x00000034   Code   RO          319    i.HAL_SYSTICK_Config  stm32f1xx_hal_cortex.o
    0x080018a4   0x080018a4   0x00000084   Code   RO         2156    i.HAL_TIMEx_MasterConfigSynchronization  stm32f1xx_hal_tim_ex.o
    0x08001928   0x08001928   0x00000104   Code   RO         1494    i.HAL_TIM_PWM_ConfigChannel  stm32f1xx_hal_tim.o
    0x08001a2c   0x08001a2c   0x00000066   Code   RO         1497    i.HAL_TIM_PWM_Init  stm32f1xx_hal_tim.o
    0x08001a92   0x08001a92   0x00000002   Code   RO         1499    i.HAL_TIM_PWM_MspInit  stm32f1xx_hal_tim.o
    0x08001a94   0x08001a94   0x000000d4   Code   RO         1502    i.HAL_TIM_PWM_Start  stm32f1xx_hal_tim.o
    0x08001b68   0x08001b68   0x00000002   Code   RO         2416    i.HAL_UARTEx_RxEventCallback  stm32f1xx_hal_uart.o
    0x08001b6a   0x08001b6a   0x00000002   Code   RO         2430    i.HAL_UART_ErrorCallback  stm32f1xx_hal_uart.o
    0x08001b6c   0x08001b6c   0x000002e4   Code   RO         2433    i.HAL_UART_IRQHandler  stm32f1xx_hal_uart.o
    0x08001e50   0x08001e50   0x00000076   Code   RO         2434    i.HAL_UART_Init     stm32f1xx_hal_uart.o
    0x08001ec6   0x08001ec6   0x00000002   Code   RO         2436    i.HAL_UART_MspInit  stm32f1xx_hal_uart.o
    0x08001ec8   0x08001ec8   0x0000002c   Code   RO         2439    i.HAL_UART_Receive_IT  stm32f1xx_hal_uart.o
    0x08001ef4   0x08001ef4   0x00000038   Code   RO         2902    i.HAL_UART_RxCpltCallback  uart.o
    0x08001f2c   0x08001f2c   0x000000be   Code   RO         2442    i.HAL_UART_Transmit  stm32f1xx_hal_uart.o
    0x08001fea   0x08001fea   0x00000002   Code   RO         2445    i.HAL_UART_TxCpltCallback  stm32f1xx_hal_uart.o
    0x08001fec   0x08001fec   0x00000004   Code   RO         2819    i.HardFault_Handler  stm32f1xx_it.o
    0x08001ff0   0x08001ff0   0x00000004   Code   RO         2820    i.MemManage_Handler  stm32f1xx_it.o
    0x08001ff4   0x08001ff4   0x0000001e   Code   RO         2963    i.Motor_ClampPwm    motor.o
    0x08002012   0x08002012   0x00000002   PAD
    0x08002014   0x08002014   0x000000d4   Code   RO         2964    i.Motor_ConfigGpio  motor.o
    0x080020e8   0x080020e8   0x00000094   Code   RO         2965    i.Motor_ConfigTimer  motor.o
    0x0800217c   0x0800217c   0x00000004   Code   RO         2966    i.Motor_FailStop    motor.o
    0x08002180   0x08002180   0x00000074   Code   RO         2967    i.Motor_Init        motor.o
    0x080021f4   0x080021f4   0x0000002c   Code   RO         2968    i.Motor_LB_SetSpeed  motor.o
    0x08002220   0x08002220   0x0000002c   Code   RO         2969    i.Motor_LF_SetSpeed  motor.o
    0x0800224c   0x0800224c   0x00000028   Code   RO         2970    i.Motor_RB_SetSpeed  motor.o
    0x08002274   0x08002274   0x0000002c   Code   RO         2971    i.Motor_RF_SetSpeed  motor.o
    0x080022a0   0x080022a0   0x00000044   Code   RO         2972    i.Motor_SetDirection  motor.o
    0x080022e4   0x080022e4   0x00000002   Code   RO         2821    i.NMI_Handler       stm32f1xx_it.o
    0x080022e6   0x080022e6   0x00000002   PAD
    0x080022e8   0x080022e8   0x0000002c   Code   RO         3175    i.PID_Mulun_Init    mulun.o
    0x08002314   0x08002314   0x00000002   Code   RO         2822    i.PendSV_Handler    stm32f1xx_it.o
    0x08002316   0x08002316   0x00000002   PAD
    0x08002318   0x08002318   0x00000028   Code   RO         1289    i.RCC_Delay         stm32f1xx_hal_rcc.o
    0x08002340   0x08002340   0x00000002   Code   RO         2823    i.SVC_Handler       stm32f1xx_it.o
    0x08002342   0x08002342   0x00000008   Code   RO         2824    i.SysTick_Handler   stm32f1xx_it.o
    0x0800234a   0x0800234a   0x00000066   Code   RO         2778    i.SystemClock_Config  main.o
    0x080023b0   0x080023b0   0x00000058   Code   RO           14    i.SystemInit        system_stm32f1xx.o
    0x08002408   0x08002408   0x0000007c   Code   RO         1515    i.TIM_Base_SetConfig  stm32f1xx_hal_tim.o
    0x08002484   0x08002484   0x00000022   Code   RO         1516    i.TIM_CCxChannelCmd  stm32f1xx_hal_tim.o
    0x080024a6   0x080024a6   0x00000002   PAD
    0x080024a8   0x080024a8   0x00000064   Code   RO         1528    i.TIM_OC1_SetConfig  stm32f1xx_hal_tim.o
    0x0800250c   0x0800250c   0x0000006c   Code   RO         1529    i.TIM_OC2_SetConfig  stm32f1xx_hal_tim.o
    0x08002578   0x08002578   0x0000006c   Code   RO         1530    i.TIM_OC3_SetConfig  stm32f1xx_hal_tim.o
    0x080025e4   0x080025e4   0x00000048   Code   RO         1531    i.TIM_OC4_SetConfig  stm32f1xx_hal_tim.o
    0x0800262c   0x0800262c   0x00000014   Code   RO         2447    i.UART_DMAAbortOnError  stm32f1xx_hal_uart.o
    0x08002640   0x08002640   0x0000006c   Code   RO         2457    i.UART_EndRxTransfer  stm32f1xx_hal_uart.o
    0x080026ac   0x080026ac   0x00000020   Code   RO         2458    i.UART_EndTransmit_IT  stm32f1xx_hal_uart.o
    0x080026cc   0x080026cc   0x000000e0   Code   RO         2903    i.UART_Init         uart.o
    0x080027ac   0x080027ac   0x000000fc   Code   RO         2460    i.UART_Receive_IT   stm32f1xx_hal_uart.o
    0x080028a8   0x080028a8   0x00000018   Code   RO         2905    i.UART_SendByte     uart.o
    0x080028c0   0x080028c0   0x00000016   Code   RO         2906    i.UART_SendString   uart.o
    0x080028d6   0x080028d6   0x00000002   PAD
    0x080028d8   0x080028d8   0x000000fc   Code   RO         2461    i.UART_SetConfig    stm32f1xx_hal_uart.o
    0x080029d4   0x080029d4   0x00000020   Code   RO         2907    i.UART_StartReceiveIT  uart.o
    0x080029f4   0x080029f4   0x00000040   Code   RO         2463    i.UART_Start_Receive_IT  stm32f1xx_hal_uart.o
    0x08002a34   0x08002a34   0x00000060   Code   RO         2464    i.UART_Transmit_IT  stm32f1xx_hal_uart.o
    0x08002a94   0x08002a94   0x0000008c   Code   RO         2465    i.UART_WaitOnFlagUntilTimeout  stm32f1xx_hal_uart.o
    0x08002b20   0x08002b20   0x00000010   Code   RO         2825    i.USART2_IRQHandler  stm32f1xx_it.o
    0x08002b30   0x08002b30   0x00000004   Code   RO         2826    i.UsageFault_Handler  stm32f1xx_it.o
    0x08002b34   0x08002b34   0x00000010   Code   RO          321    i.__NVIC_GetPriorityGrouping  stm32f1xx_hal_cortex.o
    0x08002b44   0x08002b44   0x00000028   Code   RO          322    i.__NVIC_SetPriority  stm32f1xx_hal_cortex.o
    0x08002b6c   0x08002b6c   0x0000000e   Code   RO         3466    i._is_digit         c_w.l(__printf_wp.o)
    0x08002b7a   0x08002b7a   0x00000014   Code   RO         2779    i.main              main.o
    0x08002b8e   0x08002b8e   0x000000ce   Code   RO         2974    i.mecanum_move_limited  motor.o
    0x08002c5c   0x08002c5c   0x00000038   Code   RO         2976    i.motor_PWM_Init    motor.o
    0x08002c94   0x08002c94   0x00000024   Code   RO         2978    i.motor_stop_all    motor.o
    0x08002cb8   0x08002cb8   0x0000002c   Code   RO         3576    locale$$code        c_w.l(lc_ctype_c.o)
    0x08002ce4   0x08002ce4   0x000000c4   Code   RO         3492    x$fpl$fadd          fz_ws.l(faddsub_clz.o)
    0x08002da8   0x08002da8   0x00000036   Code   RO         3504    x$fpl$ffix          fz_ws.l(ffix.o)
    0x08002dde   0x08002dde   0x00000002   PAD
    0x08002de0   0x08002de0   0x00000030   Code   RO         3509    x$fpl$fflt          fz_ws.l(fflt_clz.o)
    0x08002e10   0x08002e10   0x00000102   Code   RO         3516    x$fpl$fmul          fz_ws.l(fmul.o)
    0x08002f12   0x08002f12   0x0000008c   Code   RO         3543    x$fpl$fnaninf       fz_ws.l(fnaninf.o)
    0x08002f9e   0x08002f9e   0x0000000a   Code   RO         3545    x$fpl$fretinf       fz_ws.l(fretinf.o)
    0x08002fa8   0x08002fa8   0x000000ea   Code   RO         3494    x$fpl$fsub          fz_ws.l(faddsub_clz.o)
    0x08003092   0x08003092   0x00000000   Code   RO         3547    x$fpl$usenofp       fz_ws.l(usenofp.o)
    0x08003092   0x08003092   0x00000018   Data   RO           15    .constdata          system_stm32f1xx.o
    0x080030aa   0x080030aa   0x00000012   Data   RO         1290    .constdata          stm32f1xx_hal_rcc.o
    0x080030bc   0x080030bc   0x00000011   Data   RO         3474    .constdata          c_w.l(__printf_flags_ss_wp.o)
    0x080030cd   0x080030cd   0x00000003   PAD
    0x080030d0   0x080030d0   0x00000020   Data   RO         3714    Region$$Table       anon$$obj.o
    0x080030f0   0x080030f0   0x00000110   Data   RO         3575    locale$$data        c_w.l(lc_ctype_c.o)


    Execution Region ER_RW (Exec base: 0x20000000, Load base: 0x08003200, Size: 0x00000024, Max: 0xffffffff, ABSOLUTE)

    Exec Addr    Load Addr    Size         Type   Attr      Idx    E Section Name        Object

    0x20000000   0x08003200   0x00000004   Data   RW           16    .data               system_stm32f1xx.o
    0x20000004   0x08003204   0x00000009   Data   RW          153    .data               stm32f1xx_hal.o
    0x2000000d   0x0800320d   0x00000003   PAD
    0x20000010   0x08003210   0x00000008   Data   RW         2909    .data               uart.o
    0x20000018   0x08003218   0x0000000c   Data   RW         3362    .data               buleteethtest.o


    Execution Region ER_ZI (Exec base: 0x20000024, Load base: 0x08003224, Size: 0x000007a4, Max: 0xffffffff, ABSOLUTE)

    Exec Addr    Load Addr    Size         Type   Attr      Idx    E Section Name        Object

    0x20000024        -       0x00000048   Zero   RW         2908    .bss                uart.o
    0x2000006c        -       0x000000ac   Zero   RW         2979    .bss                motor.o
    0x20000118        -       0x00000050   Zero   RW         3361    .bss                buleteethtest.o
    0x20000168        -       0x00000060   Zero   RW         3549    .bss                c_w.l(libspace.o)
    0x200001c8        -       0x00000200   Zero   RW            2    HEAP                startup_stm32f103xb.o
    0x200003c8        -       0x00000400   Zero   RW            1    STACK               startup_stm32f103xb.o


==============================================================================

Image component sizes


      Code (inc. data)   RO Data    RW Data    ZI Data      Debug   Object Name

       844        170          0         12         80       5746   buleteethtest.o
       128          0          0          0          0       1247   main.o
      1048        100          0          0        172       8084   motor.o
        44         12          0          0          0        905   mulun.o
        64         26        236          0       1536        888   startup_stm32f103xb.o
       154         32          0          9          0       5415   stm32f1xx_hal.o
       304         22          0          0          0      29123   stm32f1xx_hal_cortex.o
       262          4          0          0          0       1627   stm32f1xx_hal_dma.o
       812         34          0          0          0       2548   stm32f1xx_hal_gpio.o
      1748         98         18          0          0       5636   stm32f1xx_hal_rcc.o
      1122         46          0          0          0       7122   stm32f1xx_hal_tim.o
       132         14          0          0          0       1248   stm32f1xx_hal_tim_ex.o
      2064          8          0          0          0      11815   stm32f1xx_hal_uart.o
        48          6          0          0          0       3878   stm32f1xx_it.o
        88         18         24          4          0     426475   system_stm32f1xx.o
       358         50          0          8         72       3303   uart.o

    ----------------------------------------------------------------------
      9236        640        310         36       1860     515060   Object Totals
         0          0         32          0          0          0   (incl. Generated)
        16          0          0          3          0          0   (incl. Padding)

    ----------------------------------------------------------------------

      Code (inc. data)   RO Data    RW Data    ZI Data      Debug   Library Member Name

         8          0          0          0          0         68   __main.o
       392          4         17          0          0         92   __printf_flags_ss_wp.o
        14          0          0          0          0         68   __printf_wp.o
         0          0          0          0          0          0   __rtentry.o
        12          0          0          0          0          0   __rtentry2.o
         6          0          0          0          0          0   __rtentry4.o
        52          8          0          0          0          0   __scatter.o
        26          0          0          0          0          0   __scatter_copy.o
        28          0          0          0          0          0   __scatter_zi.o
        28          0          0          0          0         68   _chval.o
        48          6          0          0          0         96   _printf_char_common.o
         6          0          0          0          0          0   _printf_d.o
       120         16          0          0          0         92   _printf_dec.o
       178          0          0          0          0         88   _printf_intcommon.o
         0          0          0          0          0          0   _printf_percent.o
         4          0          0          0          0          0   _printf_percent_end.o
        16          0          0          0          0         68   _snputc.o
        10          0          0          0          0         68   _sputc.o
       158          0          0          0          0         92   _strtoul.o
        18          0          0          0          0         80   exit.o
         6          0          0          0          0        152   heapauxi.o
         0          0          0          0          0          0   indicate_semi.o
        44         10        272          0          0         76   lc_ctype_c.o
         2          0          0          0          0          0   libinit.o
        20          0          0          0          0          0   libinit2.o
         2          0          0          0          0          0   libshutdown.o
         2          0          0          0          0          0   libshutdown2.o
         8          4          0          0         96         68   libspace.o
        52          4          0          0          0         84   noretval__2snprintf.o
        16          4          0          0          0         76   rt_ctype_table.o
         8          4          0          0          0         68   rt_errno_addr_intlibspace.o
         8          4          0          0          0         68   rt_locale_intlibspace.o
        68          0          0          0          0         68   rt_memclr.o
        78          0          0          0          0         80   rt_memclr_w.o
         2          0          0          0          0          0   rtexit.o
        10          0          0          0          0          0   rtexit2.o
       128          0          0          0          0         68   strcmpv7m.o
       150          0          0          0          0         80   strncmp.o
        86          0          0          0          0         76   strncpy.o
       112          0          0          0          0         88   strtol.o
        12          4          0          0          0         68   sys_exit.o
        74          0          0          0          0         80   sys_stackheap_outer.o
         2          0          0          0          0         68   use_no_semi.o
       430          8          0          0          0        168   faddsub_clz.o
        54          4          0          0          0         84   ffix.o
        48          0          0          0          0         68   fflt_clz.o
       258          4          0          0          0         84   fmul.o
       140          4          0          0          0         84   fnaninf.o
        10          0          0          0          0         68   fretinf.o
         0          0          0          0          0          0   usenofp.o

    ----------------------------------------------------------------------
      2962         88        292          0         96       2704   Library Totals
         8          0          3          0          0          0   (incl. Padding)

    ----------------------------------------------------------------------

      Code (inc. data)   RO Data    RW Data    ZI Data      Debug   Library Name

      2014         68        289          0         96       2148   c_w.l
       940         20          0          0          0        556   fz_ws.l

    ----------------------------------------------------------------------
      2962         88        292          0         96       2704   Library Totals

    ----------------------------------------------------------------------

==============================================================================


      Code (inc. data)   RO Data    RW Data    ZI Data      Debug   

     12198        728        602         36       1956     511832   Grand Totals
     12198        728        602         36       1956     511832   ELF Image Totals
     12198        728        602         36          0          0   ROM Totals

==============================================================================

    Total RO  Size (Code + RO Data)                12800 (  12.50kB)
    Total RW  Size (RW Data + ZI Data)              1992 (   1.95kB)
    Total ROM Size (Code + RO Data + RW Data)      12836 (  12.54kB)

==============================================================================

