Component: ARM Compiler 5.06 update 5 (build 528) Tool: armlink [4d35e2]

==============================================================================

Section Cross References

    startup_stm32f103xb.o(RESET) refers to startup_stm32f103xb.o(STACK) for __initial_sp
    startup_stm32f103xb.o(RESET) refers to startup_stm32f103xb.o(.text) for Reset_Handler
    startup_stm32f103xb.o(RESET) refers to stm32f1xx_it.o(i.NMI_Handler) for NMI_Handler
    startup_stm32f103xb.o(RESET) refers to stm32f1xx_it.o(i.HardFault_Handler) for HardFault_Handler
    startup_stm32f103xb.o(RESET) refers to stm32f1xx_it.o(i.MemManage_Handler) for MemManage_Handler
    startup_stm32f103xb.o(RESET) refers to stm32f1xx_it.o(i.BusFault_Handler) for BusFault_Handler
    startup_stm32f103xb.o(RESET) refers to stm32f1xx_it.o(i.UsageFault_Handler) for UsageFault_Handler
    startup_stm32f103xb.o(RESET) refers to stm32f1xx_it.o(i.SVC_Handler) for SVC_Handler
    startup_stm32f103xb.o(RESET) refers to stm32f1xx_it.o(i.DebugMon_Handler) for DebugMon_Handler
    startup_stm32f103xb.o(RESET) refers to stm32f1xx_it.o(i.PendSV_Handler) for PendSV_Handler
    startup_stm32f103xb.o(RESET) refers to stm32f1xx_it.o(i.SysTick_Handler) for SysTick_Handler
    startup_stm32f103xb.o(RESET) refers to stm32f1xx_it.o(i.CAN1_RX1_IRQHandler) for CAN1_RX1_IRQHandler
    startup_stm32f103xb.o(RESET) refers to stm32f1xx_it.o(i.TIM2_IRQHandler) for TIM2_IRQHandler
    startup_stm32f103xb.o(RESET) refers to stm32f1xx_it.o(i.TIM4_IRQHandler) for TIM4_IRQHandler
    startup_stm32f103xb.o(RESET) refers to stm32f1xx_it.o(i.USART1_IRQHandler) for USART1_IRQHandler
    startup_stm32f103xb.o(.text) refers to system_stm32f1xx.o(i.SystemInit) for SystemInit
    startup_stm32f103xb.o(.text) refers to entry.o(.ARM.Collect$$$$00000000) for __main
    main.o(i.SystemClock_Config) refers to memseta.o(.text) for __aeabi_memclr4
    main.o(i.SystemClock_Config) refers to stm32f1xx_hal_rcc.o(i.HAL_RCC_OscConfig) for HAL_RCC_OscConfig
    main.o(i.SystemClock_Config) refers to main.o(i.Error_Handler) for Error_Handler
    main.o(i.SystemClock_Config) refers to stm32f1xx_hal_rcc.o(i.HAL_RCC_ClockConfig) for HAL_RCC_ClockConfig
    main.o(i.main) refers to stm32f1xx_hal.o(i.HAL_Init) for HAL_Init
    main.o(i.main) refers to main.o(i.SystemClock_Config) for SystemClock_Config
    main.o(i.main) refers to gpio.o(i.MX_GPIO_Init) for MX_GPIO_Init
    main.o(i.main) refers to tim.o(i.MX_TIM2_Init) for MX_TIM2_Init
    main.o(i.main) refers to usart.o(i.MX_USART1_UART_Init) for MX_USART1_UART_Init
    main.o(i.main) refers to tim.o(i.MX_TIM3_Init) for MX_TIM3_Init
    main.o(i.main) refers to tim.o(i.MX_TIM4_Init) for MX_TIM4_Init
    main.o(i.main) refers to i2c.o(i.MX_I2C1_Init) for MX_I2C1_Init
    main.o(i.main) refers to can.o(i.MX_CAN_Init) for MX_CAN_Init
    main.o(i.main) refers to stm32f1xx_hal.o(i.HAL_Delay) for HAL_Delay
    main.o(i.main) refers to state_machine.o(i.State_Machine_Init) for State_Machine_Init
    main.o(i.main) refers to state_machine.o(i.State_Machine_Update) for State_Machine_Update
    gpio.o(i.MX_GPIO_Init) refers to stm32f1xx_hal_gpio.o(i.HAL_GPIO_WritePin) for HAL_GPIO_WritePin
    gpio.o(i.MX_GPIO_Init) refers to stm32f1xx_hal_gpio.o(i.HAL_GPIO_Init) for HAL_GPIO_Init
    can.o(i.HAL_CAN_MspDeInit) refers to stm32f1xx_hal_gpio.o(i.HAL_GPIO_DeInit) for HAL_GPIO_DeInit
    can.o(i.HAL_CAN_MspDeInit) refers to stm32f1xx_hal_cortex.o(i.HAL_NVIC_DisableIRQ) for HAL_NVIC_DisableIRQ
    can.o(i.HAL_CAN_MspInit) refers to stm32f1xx_hal_gpio.o(i.HAL_GPIO_Init) for HAL_GPIO_Init
    can.o(i.HAL_CAN_MspInit) refers to stm32f1xx_hal_cortex.o(i.HAL_NVIC_SetPriority) for HAL_NVIC_SetPriority
    can.o(i.HAL_CAN_MspInit) refers to stm32f1xx_hal_cortex.o(i.HAL_NVIC_EnableIRQ) for HAL_NVIC_EnableIRQ
    can.o(i.MX_CAN_Init) refers to stm32f1xx_hal_can.o(i.HAL_CAN_Init) for HAL_CAN_Init
    can.o(i.MX_CAN_Init) refers to main.o(i.Error_Handler) for Error_Handler
    can.o(i.MX_CAN_Init) refers to can.o(.bss) for hcan
    i2c.o(i.HAL_I2C_MspDeInit) refers to stm32f1xx_hal_gpio.o(i.HAL_GPIO_DeInit) for HAL_GPIO_DeInit
    i2c.o(i.HAL_I2C_MspInit) refers to stm32f1xx_hal_gpio.o(i.HAL_GPIO_Init) for HAL_GPIO_Init
    i2c.o(i.MX_I2C1_Init) refers to stm32f1xx_hal_i2c.o(i.HAL_I2C_Init) for HAL_I2C_Init
    i2c.o(i.MX_I2C1_Init) refers to main.o(i.Error_Handler) for Error_Handler
    i2c.o(i.MX_I2C1_Init) refers to i2c.o(.bss) for hi2c1
    tim.o(i.HAL_TIM_IC_MspDeInit) refers to stm32f1xx_hal_gpio.o(i.HAL_GPIO_DeInit) for HAL_GPIO_DeInit
    tim.o(i.HAL_TIM_IC_MspDeInit) refers to stm32f1xx_hal_cortex.o(i.HAL_NVIC_DisableIRQ) for HAL_NVIC_DisableIRQ
    tim.o(i.HAL_TIM_IC_MspInit) refers to stm32f1xx_hal_gpio.o(i.HAL_GPIO_Init) for HAL_GPIO_Init
    tim.o(i.HAL_TIM_IC_MspInit) refers to stm32f1xx_hal_cortex.o(i.HAL_NVIC_SetPriority) for HAL_NVIC_SetPriority
[...]
    ..\Hardwaer\hcan.c                       0x00000000   Number         0  hcan.o ABSOLUTE
    ..\Hardwaer\milk_monitor.c               0x00000000   Number         0  milk_monitor.o ABSOLUTE
    ..\Hardwaer\motor.c                      0x00000000   Number         0  motor.o ABSOLUTE
    ..\Hardwaer\mulun.c                      0x00000000   Number         0  mulun.o ABSOLUTE
    ..\Hardwaer\tower.c                      0x00000000   Number         0  tower.o ABSOLUTE
    ..\Hardwaer\ultrasound.c                 0x00000000   Number         0  ultrasound.o ABSOLUTE
    ..\Hardwaer\usart_parse.c                0x00000000   Number         0  usart_parse.o ABSOLUTE
    ..\Hardwaer\water_pump.c                 0x00000000   Number         0  water_pump.o ABSOLUTE
    ..\Hardwaer\wt101.c                      0x00000000   Number         0  wt101.o ABSOLUTE
    ..\\Hardwaer\\Emm_V5.c                   0x00000000   Number         0  emm_v5.o ABSOLUTE
    ..\\Hardwaer\\Servo.c                    0x00000000   Number         0  servo.o ABSOLUTE
    ..\\Hardwaer\\State_Machine.c            0x00000000   Number         0  state_machine.o ABSOLUTE
    ..\\Hardwaer\\hcan.c                     0x00000000   Number         0  hcan.o ABSOLUTE
    ..\\Hardwaer\\milk_monitor.c             0x00000000   Number         0  milk_monitor.o ABSOLUTE
    ..\\Hardwaer\\motor.c                    0x00000000   Number         0  motor.o ABSOLUTE
    ..\\Hardwaer\\mulun.c                    0x00000000   Number         0  mulun.o ABSOLUTE
    ..\\Hardwaer\\tower.c                    0x00000000   Number         0  tower.o ABSOLUTE
    ..\\Hardwaer\\ultrasound.c               0x00000000   Number         0  ultrasound.o ABSOLUTE
    ..\\Hardwaer\\usart_parse.c              0x00000000   Number         0  usart_parse.o ABSOLUTE
    ..\\Hardwaer\\water_pump.c               0x00000000   Number         0  water_pump.o ABSOLUTE
    ..\\Hardwaer\\wt101.c                    0x00000000   Number         0  wt101.o ABSOLUTE
    cfcmple.s                                0x00000000   Number         0  cfcmple.o ABSOLUTE
    cfrcmple.s                               0x00000000   Number         0  cfrcmple.o ABSOLUTE
    dc.s                                     0x00000000   Number         0  dc.o ABSOLUTE
    handlers.s                               0x00000000   Number         0  handlers.o ABSOLUTE
    init.s                                   0x00000000   Number         0  init.o ABSOLUTE
    startup_stm32f103xb.s                    0x00000000   Number         0  startup_stm32f103xb.o ABSOLUTE
    RESET                                    0x08000000   Section      236  startup_stm32f103xb.o(RESET)
    .ARM.Collect$$$$00000000                 0x080000ec   Section        0  entry.o(.ARM.Collect$$$$00000000)
    .ARM.Collect$$$$00000001                 0x080000ec   Section        4  entry2.o(.ARM.Collect$$$$00000001)
    .ARM.Collect$$$$00000004                 0x080000f0   Section        4  entry5.o(.ARM.Collect$$$$00000004)
    .ARM.Collect$$$$00000008                 0x080000f4   Section        0  entry7b.o(.ARM.Collect$$$$00000008)
    .ARM.Collect$$$$0000000A                 0x080000f4   Section        0  entry8b.o(.ARM.Collect$$$$0000000A)
    .ARM.Collect$$$$0000000B                 0x080000f4   Section        8  entry9a.o(.ARM.Collect$$$$0000000B)
    .ARM.Collect$$$$0000000D                 0x080000fc   Section        0  entry10a.o(.ARM.Collect$$$$0000000D)
    .ARM.Collect$$$$0000000F                 0x080000fc   Section        0  entry11a.o(.ARM.Collect$$$$0000000F)
    .ARM.Collect$$$$00002712                 0x080000fc   Section        4  entry2.o(.ARM.Collect$$$$00002712)
    __lit__00000000                          0x080000fc   Data           4  entry2.o(.ARM.Collect$$$$00002712)
    .text                                    0x08000100   Section       36  startup_stm32f103xb.o(.text)
    .text                                    0x08000124   Section        0  memseta.o(.text)
    .text                                    0x08000148   Section        0  fadd.o(.text)
    .text                                    0x080001f8   Section        0  fmul.o(.text)
    .text                                    0x0800025c   Section        0  fdiv.o(.text)
    .text                                    0x080002d8   Section        0  fflti.o(.text)
    .text                                    0x080002ea   Section        0  ffltui.o(.text)
    .text                                    0x080002f4   Section        0  ffixi.o(.text)
    .text                                    0x08000326   Section        0  ffixui.o(.text)
    .text                                    0x08000350   Section       20  cfcmple.o(.text)
    .text                                    0x08000364   Section       20  cfrcmple.o(.text)
    .text                                    0x08000378   Section        0  iusefp.o(.text)
    .text                                    0x08000378   Section        0  fepilogue.o(.text)
    .text                                    0x080003e8   Section       36  init.o(.text)
    i.BusFault_Handler                       0x0800040c   Section        0  stm32f1xx_it.o(i.BusFault_Handler)
    i.CAN1_RX1_IRQHandler                    0x08000410   Section        0  stm32f1xx_it.o(i.CAN1_RX1_IRQHandler)
    i.CAN_Filter_ParamsInit                  0x08000420   Section        0  hcan.o(i.CAN_Filter_ParamsInit)
    CAN_Filter_ParamsInit                    0x08000421   Thumb Code    28  hcan.o(i.CAN_Filter_ParamsInit)
    i.CAN_Start                              0x0800043c   Section        0  hcan.o(i.CAN_Start)
    i.DebugMon_Handler                       0x08000462   Section        0  stm32f1xx_it.o(i.DebugMon_Handler)
    i.Emm_V5_Pos_Control                     0x08000464   Section        0  emm_v5.o(i.Emm_V5_Pos_Control)
    i.Error_Handler                          0x080004d0   Section        0  main.o(i.Error_Handler)
    i.Gear_StepMotor_ControlByMM             0x080004d8   Section        0  tower.o(i.Gear_StepMotor_ControlByMM)
    i.HAL_CAN_AbortTxRequest                 0x08000530   Section        0  stm32f1xx_hal_can.o(i.HAL_CAN_AbortTxRequest)
    i.HAL_CAN_ActivateNotification           0x08000586   Section        0  stm32f1xx_hal_can.o(i.HAL_CAN_ActivateNotification)
    i.HAL_CAN_AddTxMessage                   0x080005b0   Section        0  stm32f1xx_hal_can.o(i.HAL_CAN_AddTxMessage)
    i.HAL_CAN_ConfigFilter                   0x080006fa   Section        0  stm32f1xx_hal_can.o(i.HAL_CAN_ConfigFilter)
    i.HAL_CAN_ErrorCallback                  0x08000804   Section        0  stm32f1xx_hal_can.o(i.HAL_CAN_ErrorCallback)
    i.HAL_CAN_IRQHandler                     0x08000806   Section        0  stm32f1xx_hal_can.o(i.HAL_CAN_IRQHandler)
    i.HAL_CAN_Init                           0x08000a54   Section        0  stm32f1xx_hal_can.o(i.HAL_CAN_Init)
    i.HAL_CAN_MspInit                        0x08000bc8   Section        0  can.o(i.HAL_CAN_MspInit)
    i.HAL_CAN_RxFifo0FullCallback            0x08000c60   Section        0  stm32f1xx_hal_can.o(i.HAL_CAN_RxFifo0FullCallback)
    i.HAL_CAN_RxFifo0MsgPendingCallback      0x08000c62   Section        0  stm32f1xx_hal_can.o(i.HAL_CAN_RxFifo0MsgPendingCallback)
    i.HAL_CAN_RxFifo1FullCallback            0x08000c64   Section        0  stm32f1xx_hal_can.o(i.HAL_CAN_RxFifo1FullCallback)
    i.HAL_CAN_RxFifo1MsgPendingCallback      0x08000c66   Section        0  stm32f1xx_hal_can.o(i.HAL_CAN_RxFifo1MsgPendingCallback)
    i.HAL_CAN_SleepCallback                  0x08000c68   Section        0  stm32f1xx_hal_can.o(i.HAL_CAN_SleepCallback)
    i.HAL_CAN_Start                          0x08000c6a   Section        0  stm32f1xx_hal_can.o(i.HAL_CAN_Start)
    i.HAL_CAN_TxMailbox0AbortCallback        0x08000cc8   Section        0  stm32f1xx_hal_can.o(i.HAL_CAN_TxMailbox0AbortCallback)
    i.HAL_CAN_TxMailbox0CompleteCallback     0x08000cca   Section        0  stm32f1xx_hal_can.o(i.HAL_CAN_TxMailbox0CompleteCallback)
    i.HAL_CAN_TxMailbox1AbortCallback        0x08000ccc   Section        0  stm32f1xx_hal_can.o(i.HAL_CAN_TxMailbox1AbortCallback)
    i.HAL_CAN_TxMailbox1CompleteCallback     0x08000cce   Section        0  stm32f1xx_hal_can.o(i.HAL_CAN_TxMailbox1CompleteCallback)
    i.HAL_CAN_TxMailbox2AbortCallback        0x08000cd0   Section        0  stm32f1xx_hal_can.o(i.HAL_CAN_TxMailbox2AbortCallback)
    i.HAL_CAN_TxMailbox2CompleteCallback     0x08000cd2   Section        0  stm32f1xx_hal_can.o(i.HAL_CAN_TxMailbox2CompleteCallback)
    i.HAL_CAN_WakeUpFromRxMsgCallback        0x08000cd4   Section        0  stm32f1xx_hal_can.o(i.HAL_CAN_WakeUpFromRxMsgCallback)
    i.HAL_DMA_Abort                          0x08000cd6   Section        0  stm32f1xx_hal_dma.o(i.HAL_DMA_Abort)
    i.HAL_DMA_Abort_IT                       0x08000d2c   Section        0  stm32f1xx_hal_dma.o(i.HAL_DMA_Abort_IT)
    i.HAL_Delay                              0x08000ddc   Section        0  stm32f1xx_hal.o(i.HAL_Delay)
    i.HAL_GPIO_Init                          0x08000e04   Section        0  stm32f1xx_hal_gpio.o(i.HAL_GPIO_Init)
    i.HAL_GPIO_WritePin                      0x08001124   Section        0  stm32f1xx_hal_gpio.o(i.HAL_GPIO_WritePin)
    i.HAL_GetTick                            0x08001130   Section        0  stm32f1xx_hal.o(i.HAL_GetTick)
    i.HAL_I2C_Init                           0x0800113c   Section        0  stm32f1xx_hal_i2c.o(i.HAL_I2C_Init)
    i.HAL_I2C_Mem_Read                       0x0800130c   Section        0  stm32f1xx_hal_i2c.o(i.HAL_I2C_Mem_Read)
    i.HAL_I2C_MspInit                        0x08001680   Section        0  i2c.o(i.HAL_I2C_MspInit)
    i.HAL_IncTick                            0x0800170c   Section        0  stm32f1xx_hal.o(i.HAL_IncTick)
    i.HAL_Init                               0x08001724   Section        0  stm32f1xx_hal.o(i.HAL_Init)
    i.HAL_InitTick                           0x0800174c   Section        0  stm32f1xx_hal.o(i.HAL_InitTick)
    i.HAL_MspInit                            0x08001798   Section        0  stm32f1xx_hal_msp.o(i.HAL_MspInit)
    i.HAL_NVIC_EnableIRQ                     0x080017ec   Section        0  stm32f1xx_hal_cortex.o(i.HAL_NVIC_EnableIRQ)
    i.HAL_NVIC_SetPriority                   0x0800180c   Section        0  stm32f1xx_hal_cortex.o(i.HAL_NVIC_SetPriority)
    i.HAL_NVIC_SetPriorityGrouping           0x08001888   Section        0  stm32f1xx_hal_cortex.o(i.HAL_NVIC_SetPriorityGrouping)
    i.HAL_RCC_ClockConfig                    0x080018b0   Section        0  stm32f1xx_hal_rcc.o(i.HAL_RCC_ClockConfig)
    i.HAL_RCC_GetHCLKFreq                    0x08001a3c   Section        0  stm32f1xx_hal_rcc.o(i.HAL_RCC_GetHCLKFreq)
    i.HAL_RCC_GetPCLK1Freq                   0x08001a48   Section        0  stm32f1xx_hal_rcc.o(i.HAL_RCC_GetPCLK1Freq)
    i.HAL_RCC_GetPCLK2Freq                   0x08001a68   Section        0  stm32f1xx_hal_rcc.o(i.HAL_RCC_GetPCLK2Freq)
    i.HAL_RCC_GetSysClockFreq                0x08001a88   Section        0  stm32f1xx_hal_rcc.o(i.HAL_RCC_GetSysClockFreq)
    i.HAL_RCC_OscConfig                      0x08001af8   Section        0  stm32f1xx_hal_rcc.o(i.HAL_RCC_OscConfig)
    i.HAL_SYSTICK_Config                     0x08001f5c   Section        0  stm32f1xx_hal_cortex.o(i.HAL_SYSTICK_Config)
    i.HAL_TIMEx_BreakCallback                0x08001f90   Section        0  stm32f1xx_hal_tim_ex.o(i.HAL_TIMEx_BreakCallback)
    i.HAL_TIMEx_CommutCallback               0x08001f92   Section        0  stm32f1xx_hal_tim_ex.o(i.HAL_TIMEx_CommutCallback)
    i.HAL_TIMEx_MasterConfigSynchronization  0x08001f94   Section        0  stm32f1xx_hal_tim_ex.o(i.HAL_TIMEx_MasterConfigSynchronization)
    i.HAL_TIM_IC_CaptureCallback             0x08002018   Section        0  ultrasound.o(i.HAL_TIM_IC_CaptureCallback)
    i.HAL_TIM_IC_ConfigChannel               0x080020b4   Section        0  stm32f1xx_hal_tim.o(i.HAL_TIM_IC_ConfigChannel)
    i.HAL_TIM_IC_Init                        0x08002192   Section        0  stm32f1xx_hal_tim.o(i.HAL_TIM_IC_Init)
    i.HAL_TIM_IC_MspInit                     0x080021f8   Section        0  tim.o(i.HAL_TIM_IC_MspInit)
    i.HAL_TIM_IC_Start_IT                    0x08002278   Section        0  stm32f1xx_hal_tim.o(i.HAL_TIM_IC_Start_IT)
    i.HAL_TIM_IRQHandler                     0x080023d8   Section        0  stm32f1xx_hal_tim.o(i.HAL_TIM_IRQHandler)
    i.HAL_TIM_MspPostInit                    0x08002544   Section        0  tim.o(i.HAL_TIM_MspPostInit)
    i.HAL_TIM_OC_DelayElapsedCallback        0x080025d4   Section        0  stm32f1xx_hal_tim.o(i.HAL_TIM_OC_DelayElapsedCallback)
    i.HAL_TIM_PWM_ConfigChannel              0x080025d6   Section        0  stm32f1xx_hal_tim.o(i.HAL_TIM_PWM_ConfigChannel)
    i.HAL_TIM_PWM_Init                       0x080026da   Section        0  stm32f1xx_hal_tim.o(i.HAL_TIM_PWM_Init)
    i.HAL_TIM_PWM_MspInit                    0x08002740   Section        0  tim.o(i.HAL_TIM_PWM_MspInit)
    i.HAL_TIM_PWM_PulseFinishedCallback      0x080027a8   Section        0  stm32f1xx_hal_tim.o(i.HAL_TIM_PWM_PulseFinishedCallback)
    i.HAL_TIM_PWM_Start                      0x080027ac   Section        0  stm32f1xx_hal_tim.o(i.HAL_TIM_PWM_Start)
    i.HAL_TIM_PeriodElapsedCallback          0x08002880   Section        0  stm32f1xx_hal_tim.o(i.HAL_TIM_PeriodElapsedCallback)
    i.HAL_TIM_ReadCapturedValue              0x08002882   Section        0  stm32f1xx_hal_tim.o(i.HAL_TIM_ReadCapturedValue)
    i.HAL_TIM_TriggerCallback                0x080028b4   Section        0  stm32f1xx_hal_tim.o(i.HAL_TIM_TriggerCallback)
    i.HAL_UARTEx_RxEventCallback             0x080028b6   Section        0  stm32f1xx_hal_uart.o(i.HAL_UARTEx_RxEventCallback)
    i.HAL_UART_ErrorCallback                 0x080028b8   Section        0  stm32f1xx_hal_uart.o(i.HAL_UART_ErrorCallback)
    i.HAL_UART_IRQHandler                    0x080028bc   Section        0  stm32f1xx_hal_uart.o(i.HAL_UART_IRQHandler)
    i.HAL_UART_Init                          0x08002ba0   Section        0  stm32f1xx_hal_uart.o(i.HAL_UART_Init)
    i.HAL_UART_MspInit                       0x08002c18   Section        0  usart.o(i.HAL_UART_MspInit)
    i.HAL_UART_Receive_IT                    0x08002cb0   Section        0  stm32f1xx_hal_uart.o(i.HAL_UART_Receive_IT)
    i.HAL_UART_RxCpltCallback                0x08002cdc   Section        0  usart_parse.o(i.HAL_UART_RxCpltCallback)
    i.HAL_UART_Transmit                      0x08002d70   Section        0  stm32f1xx_hal_uart.o(i.HAL_UART_Transmit)
    i.HAL_UART_TxCpltCallback                0x08002e2e   Section        0  stm32f1xx_hal_uart.o(i.HAL_UART_TxCpltCallback)
    i.HardFault_Handler                      0x08002e30   Section        0  stm32f1xx_it.o(i.HardFault_Handler)
    i.I2C_IsAcknowledgeFailed                0x08002e34   Section        0  stm32f1xx_hal_i2c.o(i.I2C_IsAcknowledgeFailed)
    I2C_IsAcknowledgeFailed                  0x08002e35   Thumb Code    62  stm32f1xx_hal_i2c.o(i.I2C_IsAcknowledgeFailed)
    i.I2C_RequestMemoryRead                  0x08002e74   Section        0  stm32f1xx_hal_i2c.o(i.I2C_RequestMemoryRead)
    I2C_RequestMemoryRead                    0x08002e75   Thumb Code   348  stm32f1xx_hal_i2c.o(i.I2C_RequestMemoryRead)
    i.I2C_WaitOnFlagUntilTimeout             0x08002fd4   Section        0  stm32f1xx_hal_i2c.o(i.I2C_WaitOnFlagUntilTimeout)
    I2C_WaitOnFlagUntilTimeout               0x08002fd5   Thumb Code   190  stm32f1xx_hal_i2c.o(i.I2C_WaitOnFlagUntilTimeout)
    i.I2C_WaitOnMasterAddressFlagUntilTimeout 0x08003092   Section        0  stm32f1xx_hal_i2c.o(i.I2C_WaitOnMasterAddressFlagUntilTimeout)
    I2C_WaitOnMasterAddressFlagUntilTimeout  0x08003093   Thumb Code   250  stm32f1xx_hal_i2c.o(i.I2C_WaitOnMasterAddressFlagUntilTimeout)
    i.I2C_WaitOnRXNEFlagUntilTimeout         0x0800318c   Section        0  stm32f1xx_hal_i2c.o(i.I2C_WaitOnRXNEFlagUntilTimeout)
    I2C_WaitOnRXNEFlagUntilTimeout           0x0800318d   Thumb Code   138  stm32f1xx_hal_i2c.o(i.I2C_WaitOnRXNEFlagUntilTimeout)
    i.I2C_WaitOnTXEFlagUntilTimeout          0x08003216   Section        0  stm32f1xx_hal_i2c.o(i.I2C_WaitOnTXEFlagUntilTimeout)
    I2C_WaitOnTXEFlagUntilTimeout            0x08003217   Thumb Code   102  stm32f1xx_hal_i2c.o(i.I2C_WaitOnTXEFlagUntilTimeout)
    i.MX_CAN_Init                            0x0800327c   Section        0  can.o(i.MX_CAN_Init)
    i.MX_GPIO_Init                           0x080032bc   Section        0  gpio.o(i.MX_GPIO_Init)
    i.MX_I2C1_Init                           0x08003400   Section        0  i2c.o(i.MX_I2C1_Init)
    i.MX_TIM2_Init                           0x0800343c   Section        0  tim.o(i.MX_TIM2_Init)
    i.MX_TIM3_Init                           0x080034e4   Section        0  tim.o(i.MX_TIM3_Init)
    i.MX_TIM4_Init                           0x08003570   Section        0  tim.o(i.MX_TIM4_Init)
    i.MX_USART1_UART_Init                    0x080035cc   Section        0  usart.o(i.MX_USART1_UART_Init)
    i.MemManage_Handler                      0x08003604   Section        0  stm32f1xx_it.o(i.MemManage_Handler)
    i.MilkMonitor_GetLevelPercent            0x08003608   Section        0  milk_monitor.o(i.MilkMonitor_GetLevelPercent)
    MilkMonitor_GetLevelPercent              0x08003609   Thumb Code     6  milk_monitor.o(i.MilkMonitor_GetLevelPercent)
    i.MilkMonitor_Init                       0x08003610   Section        0  milk_monitor.o(i.MilkMonitor_Init)
    i.MilkMonitor_IsCalibrated               0x08003660   Section        0  milk_monitor.o(i.MilkMonitor_IsCalibrated)
    MilkMonitor_IsCalibrated                 0x08003661   Thumb Code     4  milk_monitor.o(i.MilkMonitor_IsCalibrated)
    i.MilkMonitor_IsMeasurementSafe          0x08003664   Section        0  milk_monitor.o(i.MilkMonitor_IsMeasurementSafe)
    MilkMonitor_IsMeasurementSafe            0x08003665   Thumb Code    32  milk_monitor.o(i.MilkMonitor_IsMeasurementSafe)
    i.MilkMonitor_SendTelemetry              0x08003690   Section        0  milk_monitor.o(i.MilkMonitor_SendTelemetry)
    MilkMonitor_SendTelemetry                0x08003691   Thumb Code   156  milk_monitor.o(i.MilkMonitor_SendTelemetry)
    i.MilkMonitor_SetPumpRequest             0x0800373c   Section        0  milk_monitor.o(i.MilkMonitor_SetPumpRequest)
    i.MilkMonitor_Update                     0x08003750   Section        0  milk_monitor.o(i.MilkMonitor_Update)
    i.Motor_Init                             0x080037d4   Section        0  motor.o(i.Motor_Init)
    i.Motor_LB_SetSpeed                      0x080037e4   Section        0  motor.o(i.Motor_LB_SetSpeed)
    i.Motor_LF_SetSpeed                      0x08003808   Section        0  motor.o(i.Motor_LF_SetSpeed)
    i.Motor_RB_SetSpeed                      0x0800382c   Section        0  motor.o(i.Motor_RB_SetSpeed)
    i.Motor_RF_SetSpeed                      0x08003850   Section        0  motor.o(i.Motor_RF_SetSpeed)
    i.NMI_Handler                            0x08003874   Section        0  stm32f1xx_it.o(i.NMI_Handler)
    i.PID_Mulun_Calc                         0x08003878   Section        0  mulun.o(i.PID_Mulun_Calc)
    i.PID_Mulun_Init                         0x0800395c   Section        0  mulun.o(i.PID_Mulun_Init)
    i.PendSV_Handler                         0x08003988   Section        0  stm32f1xx_it.o(i.PendSV_Handler)
    i.RCC_Delay                              0x0800398c   Section        0  stm32f1xx_hal_rcc.o(i.RCC_Delay)
    RCC_Delay                                0x0800398d   Thumb Code    36  stm32f1xx_hal_rcc.o(i.RCC_Delay)
    i.Rail_StepMotor_ControlByMM             0x080039b4   Section        0  tower.o(i.Rail_StepMotor_ControlByMM)
    i.Read_Yaw                               0x080039fc   Section        0  wt101.o(i.Read_Yaw)
    i.SVC_Handler                            0x08003a54   Section        0  stm32f1xx_it.o(i.SVC_Handler)
    i.Servo_Init                             0x08003a58   Section        0  servo.o(i.Servo_Init)
    i.Servo_SetAngle_2                       0x08003a70   Section        0  servo.o(i.Servo_SetAngle_2)
    i.State_Idle_Handler                     0x08003a94   Section        0  state_machine.o(i.State_Idle_Handler)
    State_Idle_Handler                       0x08003a95   Thumb Code    44  state_machine.o(i.State_Idle_Handler)
    i.State_Init_Handler                     0x08003ad0   Section        0  state_machine.o(i.State_Init_Handler)
    State_Init_Handler                       0x08003ad1   Thumb Code    36  state_machine.o(i.State_Init_Handler)
    i.State_Machine_Init                     0x08003af8   Section        0  state_machine.o(i.State_Machine_Init)
    i.State_Machine_Transition               0x08003b08   Section        0  state_machine.o(i.State_Machine_Transition)
    State_Machine_Transition                 0x08003b09   Thumb Code    22  state_machine.o(i.State_Machine_Transition)
    i.State_Machine_Update                   0x08003b24   Section        0  state_machine.o(i.State_Machine_Update)
    i.State_Task1_Handler                    0x08003b68   Section        0  state_machine.o(i.State_Task1_Handler)
    State_Task1_Handler                      0x08003b69   Thumb Code     2  state_machine.o(i.State_Task1_Handler)
    i.State_Task2_Handler                    0x08003b6a   Section        0  state_machine.o(i.State_Task2_Handler)
    State_Task2_Handler                      0x08003b6b   Thumb Code     2  state_machine.o(i.State_Task2_Handler)
    i.State_UART_Parse_Handler               0x08003b6c   Section        0  state_machine.o(i.State_UART_Parse_Handler)
    State_UART_Parse_Handler                 0x08003b6d   Thumb Code    18  state_machine.o(i.State_UART_Parse_Handler)
    i.SysTick_Handler                        0x08003b7e   Section        0  stm32f1xx_it.o(i.SysTick_Handler)
    i.SystemClock_Config                     0x08003b86   Section        0  main.o(i.SystemClock_Config)
    i.SystemInit                             0x08003bec   Section        0  system_stm32f1xx.o(i.SystemInit)
    i.TIM2_IRQHandler                        0x08003bf0   Section        0  stm32f1xx_it.o(i.TIM2_IRQHandler)
    i.TIM4_IRQHandler                        0x08003c00   Section        0  stm32f1xx_it.o(i.TIM4_IRQHandler)
    i.TIM_Base_SetConfig                     0x08003c10   Section        0  stm32f1xx_hal_tim.o(i.TIM_Base_SetConfig)
    i.TIM_CCxChannelCmd                      0x08003c94   Section        0  stm32f1xx_hal_tim.o(i.TIM_CCxChannelCmd)
    i.TIM_OC1_SetConfig                      0x08003cb8   Section        0  stm32f1xx_hal_tim.o(i.TIM_OC1_SetConfig)
    TIM_OC1_SetConfig                        0x08003cb9   Thumb Code    90  stm32f1xx_hal_tim.o(i.TIM_OC1_SetConfig)
    i.TIM_OC2_SetConfig                      0x08003d18   Section        0  stm32f1xx_hal_tim.o(i.TIM_OC2_SetConfig)
    i.TIM_OC3_SetConfig                      0x08003d80   Section        0  stm32f1xx_hal_tim.o(i.TIM_OC3_SetConfig)
    TIM_OC3_SetConfig                        0x08003d81   Thumb Code    98  stm32f1xx_hal_tim.o(i.TIM_OC3_SetConfig)
    i.TIM_OC4_SetConfig                      0x08003de8   Section        0  stm32f1xx_hal_tim.o(i.TIM_OC4_SetConfig)
    TIM_OC4_SetConfig                        0x08003de9   Thumb Code    68  stm32f1xx_hal_tim.o(i.TIM_OC4_SetConfig)
    i.TIM_TI1_SetConfig                      0x08003e30   Section        0  stm32f1xx_hal_tim.o(i.TIM_TI1_SetConfig)
    i.TIM_TI2_SetConfig                      0x08003e98   Section        0  stm32f1xx_hal_tim.o(i.TIM_TI2_SetConfig)
    TIM_TI2_SetConfig                        0x08003e99   Thumb Code    58  stm32f1xx_hal_tim.o(i.TIM_TI2_SetConfig)
    i.TIM_TI3_SetConfig                      0x08003ed2   Section        0  stm32f1xx_hal_tim.o(i.TIM_TI3_SetConfig)
    TIM_TI3_SetConfig                        0x08003ed3   Thumb Code    56  stm32f1xx_hal_tim.o(i.TIM_TI3_SetConfig)
    i.TIM_TI4_SetConfig                      0x08003f0a   Section        0  stm32f1xx_hal_tim.o(i.TIM_TI4_SetConfig)
    TIM_TI4_SetConfig                        0x08003f0b   Thumb Code    60  stm32f1xx_hal_tim.o(i.TIM_TI4_SetConfig)
    i.UART_DMAAbortOnError                   0x08003f46   Section        0  stm32f1xx_hal_uart.o(i.UART_DMAAbortOnError)
    UART_DMAAbortOnError                     0x08003f47   Thumb Code    20  stm32f1xx_hal_uart.o(i.UART_DMAAbortOnError)
    i.UART_Enable_Receive                    0x08003f5c   Section        0  usart_parse.o(i.UART_Enable_Receive)
    i.UART_EndRxTransfer                     0x08003f84   Section        0  stm32f1xx_hal_uart.o(i.UART_EndRxTransfer)
    UART_EndRxTransfer                       0x08003f85   Thumb Code   108  stm32f1xx_hal_uart.o(i.UART_EndRxTransfer)
    i.UART_EndTransmit_IT                    0x08003ff0   Section        0  stm32f1xx_hal_uart.o(i.UART_EndTransmit_IT)
    UART_EndTransmit_IT                      0x08003ff1   Thumb Code    32  stm32f1xx_hal_uart.o(i.UART_EndTransmit_IT)
    i.UART_Launch                            0x08004010   Section        0  usart_parse.o(i.UART_Launch)
    i.UART_Parse_Data                        0x080040b0   Section        0  usart_parse.o(i.UART_Parse_Data)
    i.UART_Receive_IT                        0x08004148   Section        0  stm32f1xx_hal_uart.o(i.UART_Receive_IT)
    UART_Receive_IT                          0x08004149   Thumb Code   252  stm32f1xx_hal_uart.o(i.UART_Receive_IT)
    i.UART_SetConfig                         0x08004244   Section        0  stm32f1xx_hal_uart.o(i.UART_SetConfig)
    UART_SetConfig                           0x08004245   Thumb Code   248  stm32f1xx_hal_uart.o(i.UART_SetConfig)
    i.UART_Start_Receive_IT                  0x08004340   Section        0  stm32f1xx_hal_uart.o(i.UART_Start_Receive_IT)
    i.UART_Transmit_IT                       0x08004380   Section        0  stm32f1xx_hal_uart.o(i.UART_Transmit_IT)
    UART_Transmit_IT                         0x08004381   Thumb Code    96  stm32f1xx_hal_uart.o(i.UART_Transmit_IT)
    i.UART_Validate_Packet                   0x080043e0   Section        0  usart_parse.o(i.UART_Validate_Packet)
    UART_Validate_Packet                     0x080043e1   Thumb Code    34  usart_parse.o(i.UART_Validate_Packet)
    i.UART_WaitOnFlagUntilTimeout            0x08004402   Section        0  stm32f1xx_hal_uart.o(i.UART_WaitOnFlagUntilTimeout)
    UART_WaitOnFlagUntilTimeout              0x08004403   Thumb Code   140  stm32f1xx_hal_uart.o(i.UART_WaitOnFlagUntilTimeout)
    i.USART1_IRQHandler                      0x08004490   Section        0  stm32f1xx_it.o(i.USART1_IRQHandler)
    i.Ultrasound_Init                        0x080044a0   Section        0  ultrasound.o(i.Ultrasound_Init)
    i.Ultrasound_TakeMeasurement             0x08004528   Section        0  ultrasound.o(i.Ultrasound_TakeMeasurement)
    i.Ultrasound_Trigger                     0x0800455c   Section        0  ultrasound.o(i.Ultrasound_Trigger)
    Ultrasound_Trigger                       0x0800455d   Thumb Code   112  ultrasound.o(i.Ultrasound_Trigger)
    i.Ultrasound_Update                      0x080045e0   Section        0  ultrasound.o(i.Ultrasound_Update)
    i.UsageFault_Handler                     0x080046b8   Section        0  stm32f1xx_it.o(i.UsageFault_Handler)
    i.WaterPump_Init                         0x080046bc   Section        0  water_pump.o(i.WaterPump_Init)
    i.WaterPump_IsOn                         0x080046d8   Section        0  water_pump.o(i.WaterPump_IsOn)
    i.WaterPump_Off                          0x080046e4   Section        0  water_pump.o(i.WaterPump_Off)
    i.WaterPump_Set                          0x080046f0   Section        0  water_pump.o(i.WaterPump_Set)
    i.__NVIC_GetPriorityGrouping             0x0800470c   Section        0  stm32f1xx_hal_cortex.o(i.__NVIC_GetPriorityGrouping)
    __NVIC_GetPriorityGrouping               0x0800470d   Thumb Code    10  stm32f1xx_hal_cortex.o(i.__NVIC_GetPriorityGrouping)
    i.__NVIC_SetPriority                     0x0800471c   Section        0  stm32f1xx_hal_cortex.o(i.__NVIC_SetPriority)
    __NVIC_SetPriority                       0x0800471d   Thumb Code    32  stm32f1xx_hal_cortex.o(i.__NVIC_SetPriority)
    i.__scatterload_copy                     0x08004744   Section       14  handlers.o(i.__scatterload_copy)
    i.__scatterload_null                     0x08004752   Section        2  handlers.o(i.__scatterload_null)
    i.__scatterload_zeroinit                 0x08004754   Section       14  handlers.o(i.__scatterload_zeroinit)
    i.can_SendCmd                            0x08004764   Section        0  hcan.o(i.can_SendCmd)
    i.main                                   0x0800484c   Section        0  main.o(i.main)
    i.mecanum_move                           0x08004884   Section        0  motor.o(i.mecanum_move)
    i.mecanum_with_heading_control           0x08004904   Section        0  motor.o(i.mecanum_with_heading_control)
    i.motor_PWM_Init                         0x08004930   Section        0  motor.o(i.motor_PWM_Init)
    i.motor_clamp_pwm                        0x08004958   Section        0  motor.o(i.motor_clamp_pwm)
    motor_clamp_pwm                          0x08004959   Thumb Code    32  motor.o(i.motor_clamp_pwm)
    i.motor_lb_back_pin                      0x0800497c   Section        0  motor.o(i.motor_lb_back_pin)
    i.motor_lb_forward_pin                   0x0800499c   Section        0  motor.o(i.motor_lb_forward_pin)
    i.motor_lf_back_pin                      0x080049bc   Section        0  motor.o(i.motor_lf_back_pin)
    i.motor_lf_forward_pin                   0x080049dc   Section        0  motor.o(i.motor_lf_forward_pin)
    i.motor_rb_back_pin                      0x080049fc   Section        0  motor.o(i.motor_rb_back_pin)
    i.motor_rb_forward_pin                   0x08004a18   Section        0  motor.o(i.motor_rb_forward_pin)
    i.motor_rf_back_pin                      0x08004a34   Section        0  motor.o(i.motor_rf_back_pin)
    i.motor_rf_forward_pin                   0x08004a58   Section        0  motor.o(i.motor_rf_forward_pin)
    i.motor_set_channel_pwm                  0x08004a7c   Section        0  motor.o(i.motor_set_channel_pwm)
    motor_set_channel_pwm                    0x08004a7d   Thumb Code    42  motor.o(i.motor_set_channel_pwm)
    i.normalize_angle                        0x08004aac   Section        0  mulun.o(i.normalize_angle)
    normalize_angle                          0x08004aad   Thumb Code    52  mulun.o(i.normalize_angle)
    .constdata                               0x08004aec   Section       18  stm32f1xx_hal_rcc.o(.constdata)
    aPLLMULFactorTable                       0x08004aec   Data          16  stm32f1xx_hal_rcc.o(.constdata)
    aPredivFactorTable                       0x08004afc   Data           2  stm32f1xx_hal_rcc.o(.constdata)
    .constdata                               0x08004afe   Section       24  system_stm32f1xx.o(.constdata)
    .data                                    0x20000000   Section        9  stm32f1xx_hal.o(.data)
    .data                                    0x2000000c   Section        4  system_stm32f1xx.o(.data)
    .data                                    0x20000010   Section       10  state_machine.o(.data)
    state_machine                            0x20000018   Data           2  state_machine.o(.data)
    .data                                    0x2000001a   Section        5  usart_parse.o(.data)
    .data                                    0x2000001f   Section        1  water_pump.o(.data)
    water_pump_is_on                         0x2000001f   Data           1  water_pump.o(.data)
    .data                                    0x20000020   Section       20  ultrasound.o(.data)
    ultrasound_state                         0x20000020   Data           1  ultrasound.o(.data)
    echo_rising_count                        0x20000022   Data           2  ultrasound.o(.data)
    echo_pulse_us                            0x20000024   Data           2  ultrasound.o(.data)
    trigger_tick                             0x20000028   Data           4  ultrasound.o(.data)
    last_trigger_tick                        0x2000002c   Data           4  ultrasound.o(.data)
    result_distance_mm                       0x20000030   Data           2  ultrasound.o(.data)
    result_valid                             0x20000032   Data           1  ultrasound.o(.data)
    result_ready                             0x20000033   Data           1  ultrasound.o(.data)
    .data                                    0x20000034   Section       17  milk_monitor.o(.data)
    pump_requested                           0x20000034   Data           1  milk_monitor.o(.data)
    distance_valid                           0x20000035   Data           1  milk_monitor.o(.data)
    has_measurement                          0x20000036   Data           1  milk_monitor.o(.data)
    distance_mm                              0x20000038   Data           2  milk_monitor.o(.data)
    last_measurement_tick                    0x2000003c   Data           4  milk_monitor.o(.data)
    last_telemetry_tick                      0x20000040   Data           4  milk_monitor.o(.data)
    telemetry_sequence                       0x20000044   Data           1  milk_monitor.o(.data)
    .bss                                     0x20000048   Section       40  can.o(.bss)
    .bss                                     0x20000070   Section       84  i2c.o(.bss)
    .bss                                     0x200000c4   Section      216  tim.o(.bss)
    .bss                                     0x2000019c   Section       72  usart.o(.bss)
    .bss                                     0x200001e4   Section       28  motor.o(.bss)
    mulun_pid                                0x200001e4   Data          28  motor.o(.bss)
    .bss                                     0x20000200   Section       30  usart_parse.o(.bss)
    rx_packet                                0x2000020a   Data          10  usart_parse.o(.bss)
    last_packet                              0x20000214   Data          10  usart_parse.o(.bss)
    STACK                                    0x20000220   Section     1024  startup_stm32f103xb.o(STACK)

    Global Symbols

    Symbol Name                              Value     Ov Type        Size  Object(Section)

    BuildAttributes$$THM_ISAv4$P$D$K$B$S$PE$A:L22UL41UL21$X:L11$S22US41US21$IEEE1$IW$USESV6$~STKCKD$USESV7$~SHL$OTIME$ROPI$EBA8$MICROLIB$REQ8$PRES8$EABIv2 0x00000000   Number         0  anon$$obj.o ABSOLUTE
    __ARM_use_no_argv                        0x00000000   Number         0  main.o ABSOLUTE
    __cpp_initialize__aeabi_                  - Undefined Weak Reference
    __cxa_finalize                            - Undefined Weak Reference
    __decompress                              - Undefined Weak Reference
    _clock_init                               - Undefined Weak Reference
    _microlib_exit                            - Undefined Weak Reference
    __Vectors_Size                           0x000000ec   Number         0  startup_stm32f103xb.o ABSOLUTE
    __Vectors                                0x08000000   Data           4  startup_stm32f103xb.o(RESET)
    __Vectors_End                            0x080000ec   Data           0  startup_stm32f103xb.o(RESET)
    __main                                   0x080000ed   Thumb Code     0  entry.o(.ARM.Collect$$$$00000000)
    _main_stk                                0x080000ed   Thumb Code     0  entry2.o(.ARM.Collect$$$$00000001)
    _main_scatterload                        0x080000f1   Thumb Code     0  entry5.o(.ARM.Collect$$$$00000004)
    __main_after_scatterload                 0x080000f5   Thumb Code     0  entry5.o(.ARM.Collect$$$$00000004)
    _main_clock                              0x080000f5   Thumb Code     0  entry7b.o(.ARM.Collect$$$$00000008)
    _main_cpp_init                           0x080000f5   Thumb Code     0  entry8b.o(.ARM.Collect$$$$0000000A)
    _main_init                               0x080000f5   Thumb Code     0  entry9a.o(.ARM.Collect$$$$0000000B)
    __rt_final_cpp                           0x080000fd   Thumb Code     0  entry10a.o(.ARM.Collect$$$$0000000D)
    __rt_final_exit                          0x080000fd   Thumb Code     0  entry11a.o(.ARM.Collect$$$$0000000F)
    Reset_Handler                            0x08000101   Thumb Code     8  startup_stm32f103xb.o(.text)
    ADC1_2_IRQHandler                        0x0800011b   Thumb Code     0  startup_stm32f103xb.o(.text)
    CAN1_SCE_IRQHandler                      0x0800011b   Thumb Code     0  startup_stm32f103xb.o(.text)
    DMA1_Channel1_IRQHandler                 0x0800011b   Thumb Code     0  startup_stm32f103xb.o(.text)
    DMA1_Channel2_IRQHandler                 0x0800011b   Thumb Code     0  startup_stm32f103xb.o(.text)
    DMA1_Channel3_IRQHandler                 0x0800011b   Thumb Code     0  startup_stm32f103xb.o(.text)
    DMA1_Channel4_IRQHandler                 0x0800011b   Thumb Code     0  startup_stm32f103xb.o(.text)
    DMA1_Channel5_IRQHandler                 0x0800011b   Thumb Code     0  startup_stm32f103xb.o(.text)
    DMA1_Channel6_IRQHandler                 0x0800011b   Thumb Code     0  startup_stm32f103xb.o(.text)
    DMA1_Channel7_IRQHandler                 0x0800011b   Thumb Code     0  startup_stm32f103xb.o(.text)
    EXTI0_IRQHandler                         0x0800011b   Thumb Code     0  startup_stm32f103xb.o(.text)
    EXTI15_10_IRQHandler                     0x0800011b   Thumb Code     0  startup_stm32f103xb.o(.text)
    EXTI1_IRQHandler                         0x0800011b   Thumb Code     0  startup_stm32f103xb.o(.text)
    EXTI2_IRQHandler                         0x0800011b   Thumb Code     0  startup_stm32f103xb.o(.text)
    EXTI3_IRQHandler                         0x0800011b   Thumb Code     0  startup_stm32f103xb.o(.text)
    EXTI4_IRQHandler                         0x0800011b   Thumb Code     0  startup_stm32f103xb.o(.text)
    EXTI9_5_IRQHandler                       0x0800011b   Thumb Code     0  startup_stm32f103xb.o(.text)
    FLASH_IRQHandler                         0x0800011b   Thumb Code     0  startup_stm32f103xb.o(.text)
    I2C1_ER_IRQHandler                       0x0800011b   Thumb Code     0  startup_stm32f103xb.o(.text)
    I2C1_EV_IRQHandler                       0x0800011b   Thumb Code     0  startup_stm32f103xb.o(.text)
    I2C2_ER_IRQHandler                       0x0800011b   Thumb Code     0  startup_stm32f103xb.o(.text)
    I2C2_EV_IRQHandler                       0x0800011b   Thumb Code     0  startup_stm32f103xb.o(.text)
    PVD_IRQHandler                           0x0800011b   Thumb Code     0  startup_stm32f103xb.o(.text)
    RCC_IRQHandler                           0x0800011b   Thumb Code     0  startup_stm32f103xb.o(.text)
    RTC_Alarm_IRQHandler                     0x0800011b   Thumb Code     0  startup_stm32f103xb.o(.text)
    RTC_IRQHandler                           0x0800011b   Thumb Code     0  startup_stm32f103xb.o(.text)
    SPI1_IRQHandler                          0x0800011b   Thumb Code     0  startup_stm32f103xb.o(.text)
    SPI2_IRQHandler                          0x0800011b   Thumb Code     0  startup_stm32f103xb.o(.text)
    TAMPER_IRQHandler                        0x0800011b   Thumb Code     0  startup_stm32f103xb.o(.text)
    TIM1_BRK_IRQHandler                      0x0800011b   Thumb Code     0  startup_stm32f103xb.o(.text)
    TIM1_CC_IRQHandler                       0x0800011b   Thumb Code     0  startup_stm32f103xb.o(.text)
    TIM1_TRG_COM_IRQHandler                  0x0800011b   Thumb Code     0  startup_stm32f103xb.o(.text)
    TIM1_UP_IRQHandler                       0x0800011b   Thumb Code     0  startup_stm32f103xb.o(.text)
    TIM3_IRQHandler                          0x0800011b   Thumb Code     0  startup_stm32f103xb.o(.text)
    USART2_IRQHandler                        0x0800011b   Thumb Code     0  startup_stm32f103xb.o(.text)
    USART3_IRQHandler                        0x0800011b   Thumb Code     0  startup_stm32f103xb.o(.text)
    USBWakeUp_IRQHandler                     0x0800011b   Thumb Code     0  startup_stm32f103xb.o(.text)
    USB_HP_CAN1_TX_IRQHandler                0x0800011b   Thumb Code     0  startup_stm32f103xb.o(.text)
    USB_LP_CAN1_RX0_IRQHandler               0x0800011b   Thumb Code     0  startup_stm32f103xb.o(.text)
    WWDG_IRQHandler                          0x0800011b   Thumb Code     0  startup_stm32f103xb.o(.text)
    __aeabi_memset                           0x08000125   Thumb Code    14  memseta.o(.text)
    __aeabi_memset4                          0x08000125   Thumb Code     0  memseta.o(.text)
    __aeabi_memset8                          0x08000125   Thumb Code     0  memseta.o(.text)
    __aeabi_memclr                           0x08000133   Thumb Code     4  memseta.o(.text)
    __aeabi_memclr4                          0x08000133   Thumb Code     0  memseta.o(.text)
    __aeabi_memclr8                          0x08000133   Thumb Code     0  memseta.o(.text)
    _memset$wrapper                          0x08000137   Thumb Code    18  memseta.o(.text)
    __aeabi_fadd                             0x08000149   Thumb Code   164  fadd.o(.text)
    __aeabi_fsub                             0x080001ed   Thumb Code     6  fadd.o(.text)
    __aeabi_frsub                            0x080001f3   Thumb Code     6  fadd.o(.text)
    __aeabi_fmul                             0x080001f9   Thumb Code   100  fmul.o(.text)
    __aeabi_fdiv                             0x0800025d   Thumb Code   124  fdiv.o(.text)
    __aeabi_i2f                              0x080002d9   Thumb Code    18  fflti.o(.text)
    __aeabi_ui2f                             0x080002eb   Thumb Code    10  ffltui.o(.text)
    __aeabi_f2iz                             0x080002f5   Thumb Code    50  ffixi.o(.text)
    __aeabi_f2uiz                            0x08000327   Thumb Code    40  ffixui.o(.text)
    __aeabi_cfcmpeq                          0x08000351   Thumb Code     0  cfcmple.o(.text)
    __aeabi_cfcmple                          0x08000351   Thumb Code    20  cfcmple.o(.text)
    __aeabi_cfrcmple                         0x08000365   Thumb Code    20  cfrcmple.o(.text)
    __I$use$fp                               0x08000379   Thumb Code     0  iusefp.o(.text)
    _float_round                             0x08000379   Thumb Code    18  fepilogue.o(.text)
    _float_epilogue                          0x0800038b   Thumb Code    92  fepilogue.o(.text)
    __scatterload                            0x080003e9   Thumb Code    28  init.o(.text)
    __scatterload_rt2                        0x080003e9   Thumb Code     0  init.o(.text)
    BusFault_Handler                         0x0800040d   Thumb Code     4  stm32f1xx_it.o(i.BusFault_Handler)
    CAN1_RX1_IRQHandler                      0x08000411   Thumb Code    10  stm32f1xx_it.o(i.CAN1_RX1_IRQHandler)
    CAN_Start                                0x0800043d   Thumb Code    38  hcan.o(i.CAN_Start)
    DebugMon_Handler                         0x08000463   Thumb Code     2  stm32f1xx_it.o(i.DebugMon_Handler)
    Emm_V5_Pos_Control                       0x08000465   Thumb Code   108  emm_v5.o(i.Emm_V5_Pos_Control)
    Error_Handler                            0x080004d1   Thumb Code     6  main.o(i.Error_Handler)
    Gear_StepMotor_ControlByMM               0x080004d9   Thumb Code    84  tower.o(i.Gear_StepMotor_ControlByMM)
    HAL_CAN_AbortTxRequest                   0x08000531   Thumb Code    86  stm32f1xx_hal_can.o(i.HAL_CAN_AbortTxRequest)
    HAL_CAN_ActivateNotification             0x08000587   Thumb Code    42  stm32f1xx_hal_can.o(i.HAL_CAN_ActivateNotification)
    HAL_CAN_AddTxMessage                     0x080005b1   Thumb Code   330  stm32f1xx_hal_can.o(i.HAL_CAN_AddTxMessage)
    HAL_CAN_ConfigFilter                     0x080006fb   Thumb Code   266  stm32f1xx_hal_can.o(i.HAL_CAN_ConfigFilter)
    HAL_CAN_ErrorCallback                    0x08000805   Thumb Code     2  stm32f1xx_hal_can.o(i.HAL_CAN_ErrorCallback)
    HAL_CAN_IRQHandler                       0x08000807   Thumb Code   590  stm32f1xx_hal_can.o(i.HAL_CAN_IRQHandler)
    HAL_CAN_Init                             0x08000a55   Thumb Code   372  stm32f1xx_hal_can.o(i.HAL_CAN_Init)
    HAL_CAN_MspInit                          0x08000bc9   Thumb Code   138  can.o(i.HAL_CAN_MspInit)
    HAL_CAN_RxFifo0FullCallback              0x08000c61   Thumb Code     2  stm32f1xx_hal_can.o(i.HAL_CAN_RxFifo0FullCallback)
    HAL_CAN_RxFifo0MsgPendingCallback        0x08000c63   Thumb Code     2  stm32f1xx_hal_can.o(i.HAL_CAN_RxFifo0MsgPendingCallback)
    HAL_CAN_RxFifo1FullCallback              0x08000c65   Thumb Code     2  stm32f1xx_hal_can.o(i.HAL_CAN_RxFifo1FullCallback)
    HAL_CAN_RxFifo1MsgPendingCallback        0x08000c67   Thumb Code     2  stm32f1xx_hal_can.o(i.HAL_CAN_RxFifo1MsgPendingCallback)
    HAL_CAN_SleepCallback                    0x08000c69   Thumb Code     2  stm32f1xx_hal_can.o(i.HAL_CAN_SleepCallback)
    HAL_CAN_Start                            0x08000c6b   Thumb Code    94  stm32f1xx_hal_can.o(i.HAL_CAN_Start)
    HAL_CAN_TxMailbox0AbortCallback          0x08000cc9   Thumb Code     2  stm32f1xx_hal_can.o(i.HAL_CAN_TxMailbox0AbortCallback)
    HAL_CAN_TxMailbox0CompleteCallback       0x08000ccb   Thumb Code     2  stm32f1xx_hal_can.o(i.HAL_CAN_TxMailbox0CompleteCallback)
    HAL_CAN_TxMailbox1AbortCallback          0x08000ccd   Thumb Code     2  stm32f1xx_hal_can.o(i.HAL_CAN_TxMailbox1AbortCallback)
    HAL_CAN_TxMailbox1CompleteCallback       0x08000ccf   Thumb Code     2  stm32f1xx_hal_can.o(i.HAL_CAN_TxMailbox1CompleteCallback)
    HAL_CAN_TxMailbox2AbortCallback          0x08000cd1   Thumb Code     2  stm32f1xx_hal_can.o(i.HAL_CAN_TxMailbox2AbortCallback)
    HAL_CAN_TxMailbox2CompleteCallback       0x08000cd3   Thumb Code     2  stm32f1xx_hal_can.o(i.HAL_CAN_TxMailbox2CompleteCallback)
    HAL_CAN_WakeUpFromRxMsgCallback          0x08000cd5   Thumb Code     2  stm32f1xx_hal_can.o(i.HAL_CAN_WakeUpFromRxMsgCallback)
    HAL_DMA_Abort                            0x08000cd7   Thumb Code    86  stm32f1xx_hal_dma.o(i.HAL_DMA_Abort)
    HAL_DMA_Abort_IT                         0x08000d2d   Thumb Code   172  stm32f1xx_hal_dma.o(i.HAL_DMA_Abort_IT)
    HAL_Delay                                0x08000ddd   Thumb Code    36  stm32f1xx_hal.o(i.HAL_Delay)
    HAL_GPIO_Init                            0x08000e05   Thumb Code   766  stm32f1xx_hal_gpio.o(i.HAL_GPIO_Init)
    HAL_GPIO_WritePin                        0x08001125   Thumb Code    12  stm32f1xx_hal_gpio.o(i.HAL_GPIO_WritePin)
    HAL_GetTick                              0x08001131   Thumb Code     6  stm32f1xx_hal.o(i.HAL_GetTick)
    HAL_I2C_Init                             0x0800113d   Thumb Code   446  stm32f1xx_hal_i2c.o(i.HAL_I2C_Init)
    HAL_I2C_Mem_Read                         0x0800130d   Thumb Code   868  stm32f1xx_hal_i2c.o(i.HAL_I2C_Mem_Read)
    HAL_I2C_MspInit                          0x08001681   Thumb Code   124  i2c.o(i.HAL_I2C_MspInit)
    HAL_IncTick                              0x0800170d   Thumb Code    16  stm32f1xx_hal.o(i.HAL_IncTick)
    HAL_Init                                 0x08001725   Thumb Code    34  stm32f1xx_hal.o(i.HAL_Init)
    HAL_InitTick                             0x0800174d   Thumb Code    64  stm32f1xx_hal.o(i.HAL_InitTick)
    HAL_MspInit                              0x08001799   Thumb Code    76  stm32f1xx_hal_msp.o(i.HAL_MspInit)
    HAL_NVIC_EnableIRQ                       0x080017ed   Thumb Code    32  stm32f1xx_hal_cortex.o(i.HAL_NVIC_EnableIRQ)
    HAL_NVIC_SetPriority                     0x0800180d   Thumb Code   124  stm32f1xx_hal_cortex.o(i.HAL_NVIC_SetPriority)
    HAL_NVIC_SetPriorityGrouping             0x08001889   Thumb Code    32  stm32f1xx_hal_cortex.o(i.HAL_NVIC_SetPriorityGrouping)
    HAL_RCC_ClockConfig                      0x080018b1   Thumb Code   376  stm32f1xx_hal_rcc.o(i.HAL_RCC_ClockConfig)
    HAL_RCC_GetHCLKFreq                      0x08001a3d   Thumb Code     6  stm32f1xx_hal_rcc.o(i.HAL_RCC_GetHCLKFreq)
    HAL_RCC_GetPCLK1Freq                     0x08001a49   Thumb Code    22  stm32f1xx_hal_rcc.o(i.HAL_RCC_GetPCLK1Freq)
    HAL_RCC_GetPCLK2Freq                     0x08001a69   Thumb Code    22  stm32f1xx_hal_rcc.o(i.HAL_RCC_GetPCLK2Freq)
    HAL_RCC_GetSysClockFreq                  0x08001a89   Thumb Code    92  stm32f1xx_hal_rcc.o(i.HAL_RCC_GetSysClockFreq)
    HAL_RCC_OscConfig                        0x08001af9   Thumb Code  1114  stm32f1xx_hal_rcc.o(i.HAL_RCC_OscConfig)
    HAL_SYSTICK_Config                       0x08001f5d   Thumb Code    52  stm32f1xx_hal_cortex.o(i.HAL_SYSTICK_Config)
    HAL_TIMEx_BreakCallback                  0x08001f91   Thumb Code     2  stm32f1xx_hal_tim_ex.o(i.HAL_TIMEx_BreakCallback)
    HAL_TIMEx_CommutCallback                 0x08001f93   Thumb Code     2  stm32f1xx_hal_tim_ex.o(i.HAL_TIMEx_CommutCallback)
    HAL_TIMEx_MasterConfigSynchronization    0x08001f95   Thumb Code   118  stm32f1xx_hal_tim_ex.o(i.HAL_TIMEx_MasterConfigSynchronization)
    HAL_TIM_IC_CaptureCallback               0x08002019   Thumb Code   140  ultrasound.o(i.HAL_TIM_IC_CaptureCallback)
    HAL_TIM_IC_ConfigChannel                 0x080020b5   Thumb Code   222  stm32f1xx_hal_tim.o(i.HAL_TIM_IC_ConfigChannel)
    HAL_TIM_IC_Init                          0x08002193   Thumb Code   102  stm32f1xx_hal_tim.o(i.HAL_TIM_IC_Init)
    HAL_TIM_IC_MspInit                       0x080021f9   Thumb Code   116  tim.o(i.HAL_TIM_IC_MspInit)
    HAL_TIM_IC_Start_IT                      0x08002279   Thumb Code   340  stm32f1xx_hal_tim.o(i.HAL_TIM_IC_Start_IT)
    HAL_TIM_IRQHandler                       0x080023d9   Thumb Code   364  stm32f1xx_hal_tim.o(i.HAL_TIM_IRQHandler)
    HAL_TIM_MspPostInit                      0x08002545   Thumb Code   130  tim.o(i.HAL_TIM_MspPostInit)
    HAL_TIM_OC_DelayElapsedCallback          0x080025d5   Thumb Code     2  stm32f1xx_hal_tim.o(i.HAL_TIM_OC_DelayElapsedCallback)
    HAL_TIM_PWM_ConfigChannel                0x080025d7   Thumb Code   260  stm32f1xx_hal_tim.o(i.HAL_TIM_PWM_ConfigChannel)
    HAL_TIM_PWM_Init                         0x080026db   Thumb Code   102  stm32f1xx_hal_tim.o(i.HAL_TIM_PWM_Init)
    HAL_TIM_PWM_MspInit                      0x08002741   Thumb Code    96  tim.o(i.HAL_TIM_PWM_MspInit)
    HAL_TIM_PWM_PulseFinishedCallback        0x080027a9   Thumb Code     2  stm32f1xx_hal_tim.o(i.HAL_TIM_PWM_PulseFinishedCallback)
    HAL_TIM_PWM_Start                        0x080027ad   Thumb Code   198  stm32f1xx_hal_tim.o(i.HAL_TIM_PWM_Start)
    HAL_TIM_PeriodElapsedCallback            0x08002881   Thumb Code     2  stm32f1xx_hal_tim.o(i.HAL_TIM_PeriodElapsedCallback)
    HAL_TIM_ReadCapturedValue                0x08002883   Thumb Code    50  stm32f1xx_hal_tim.o(i.HAL_TIM_ReadCapturedValue)
    HAL_TIM_TriggerCallback                  0x080028b5   Thumb Code     2  stm32f1xx_hal_tim.o(i.HAL_TIM_TriggerCallback)
    HAL_UARTEx_RxEventCallback               0x080028b7   Thumb Code     2  stm32f1xx_hal_uart.o(i.HAL_UARTEx_RxEventCallback)
    HAL_UART_ErrorCallback                   0x080028b9   Thumb Code     2  stm32f1xx_hal_uart.o(i.HAL_UART_ErrorCallback)
    HAL_UART_IRQHandler                      0x080028bd   Thumb Code   736  stm32f1xx_hal_uart.o(i.HAL_UART_IRQHandler)
    HAL_UART_Init                            0x08002ba1   Thumb Code   118  stm32f1xx_hal_uart.o(i.HAL_UART_Init)
    HAL_UART_MspInit                         0x08002c19   Thumb Code   138  usart.o(i.HAL_UART_MspInit)
    HAL_UART_Receive_IT                      0x08002cb1   Thumb Code    44  stm32f1xx_hal_uart.o(i.HAL_UART_Receive_IT)
    HAL_UART_RxCpltCallback                  0x08002cdd   Thumb Code   120  usart_parse.o(i.HAL_UART_RxCpltCallback)
    HAL_UART_Transmit                        0x08002d71   Thumb Code   190  stm32f1xx_hal_uart.o(i.HAL_UART_Transmit)
    HAL_UART_TxCpltCallback                  0x08002e2f   Thumb Code     2  stm32f1xx_hal_uart.o(i.HAL_UART_TxCpltCallback)
    HardFault_Handler                        0x08002e31   Thumb Code     4  stm32f1xx_it.o(i.HardFault_Handler)
    MX_CAN_Init                              0x0800327d   Thumb Code    56  can.o(i.MX_CAN_Init)
    MX_GPIO_Init                             0x080032bd   Thumb Code   306  gpio.o(i.MX_GPIO_Init)
    MX_I2C1_Init                             0x08003401   Thumb Code    48  i2c.o(i.MX_I2C1_Init)
    MX_TIM2_Init                             0x0800343d   Thumb Code   164  tim.o(i.MX_TIM2_Init)
    MX_TIM3_Init                             0x080034e5   Thumb Code   130  tim.o(i.MX_TIM3_Init)
    MX_TIM4_Init                             0x08003571   Thumb Code    82  tim.o(i.MX_TIM4_Init)
    MX_USART1_UART_Init                      0x080035cd   Thumb Code    46  usart.o(i.MX_USART1_UART_Init)
    MemManage_Handler                        0x08003605   Thumb Code     4  stm32f1xx_it.o(i.MemManage_Handler)
    MilkMonitor_Init                         0x08003611   Thumb Code    52  milk_monitor.o(i.MilkMonitor_Init)
    MilkMonitor_SetPumpRequest               0x0800373d   Thumb Code    16  milk_monitor.o(i.MilkMonitor_SetPumpRequest)
    MilkMonitor_Update                       0x08003751   Thumb Code   108  milk_monitor.o(i.MilkMonitor_Update)
    Motor_Init                               0x080037d5   Thumb Code    10  motor.o(i.Motor_Init)
    Motor_LB_SetSpeed                        0x080037e5   Thumb Code    36  motor.o(i.Motor_LB_SetSpeed)
    Motor_LF_SetSpeed                        0x08003809   Thumb Code    36  motor.o(i.Motor_LF_SetSpeed)
    Motor_RB_SetSpeed                        0x0800382d   Thumb Code    36  motor.o(i.Motor_RB_SetSpeed)
    Motor_RF_SetSpeed                        0x08003851   Thumb Code    36  motor.o(i.Motor_RF_SetSpeed)
    NMI_Handler                              0x08003875   Thumb Code     4  stm32f1xx_it.o(i.NMI_Handler)
    PID_Mulun_Calc                           0x08003879   Thumb Code   220  mulun.o(i.PID_Mulun_Calc)
    PID_Mulun_Init                           0x0800395d   Thumb Code    32  mulun.o(i.PID_Mulun_Init)
    PendSV_Handler                           0x08003989   Thumb Code     2  stm32f1xx_it.o(i.PendSV_Handler)
    Rail_StepMotor_ControlByMM               0x080039b5   Thumb Code    68  tower.o(i.Rail_StepMotor_ControlByMM)
    Read_Yaw                                 0x080039fd   Thumb Code    80  wt101.o(i.Read_Yaw)
    SVC_Handler                              0x08003a55   Thumb Code     2  stm32f1xx_it.o(i.SVC_Handler)
    Servo_Init                               0x08003a59   Thumb Code    20  servo.o(i.Servo_Init)
    Servo_SetAngle_2                         0x08003a71   Thumb Code    30  servo.o(i.Servo_SetAngle_2)
    State_Machine_Init                       0x08003af9   Thumb Code    10  state_machine.o(i.State_Machine_Init)
    State_Machine_Update                     0x08003b25   Thumb Code    62  state_machine.o(i.State_Machine_Update)
    SysTick_Handler                          0x08003b7f   Thumb Code     8  stm32f1xx_it.o(i.SysTick_Handler)
    SystemClock_Config                       0x08003b87   Thumb Code   102  main.o(i.SystemClock_Config)
    SystemInit                               0x08003bed   Thumb Code     2  system_stm32f1xx.o(i.SystemInit)
    TIM2_IRQHandler                          0x08003bf1   Thumb Code    10  stm32f1xx_it.o(i.TIM2_IRQHandler)
    TIM4_IRQHandler                          0x08003c01   Thumb Code    10  stm32f1xx_it.o(i.TIM4_IRQHandler)
    TIM_Base_SetConfig                       0x08003c11   Thumb Code   120  stm32f1xx_hal_tim.o(i.TIM_Base_SetConfig)
    TIM_CCxChannelCmd                        0x08003c95   Thumb Code    34  stm32f1xx_hal_tim.o(i.TIM_CCxChannelCmd)
    TIM_OC2_SetConfig                        0x08003d19   Thumb Code   100  stm32f1xx_hal_tim.o(i.TIM_OC2_SetConfig)
    TIM_TI1_SetConfig                        0x08003e31   Thumb Code    90  stm32f1xx_hal_tim.o(i.TIM_TI1_SetConfig)
    UART_Enable_Receive                      0x08003f5d   Thumb Code    24  usart_parse.o(i.UART_Enable_Receive)
    UART_Launch                              0x08004011   Thumb Code   138  usart_parse.o(i.UART_Launch)
    UART_Parse_Data                          0x080040b1   Thumb Code   122  usart_parse.o(i.UART_Parse_Data)
    UART_Start_Receive_IT                    0x08004341   Thumb Code    64  stm32f1xx_hal_uart.o(i.UART_Start_Receive_IT)
    USART1_IRQHandler                        0x08004491   Thumb Code    10  stm32f1xx_it.o(i.USART1_IRQHandler)
    Ultrasound_Init                          0x080044a1   Thumb Code    96  ultrasound.o(i.Ultrasound_Init)
    Ultrasound_TakeMeasurement               0x08004529   Thumb Code    38  ultrasound.o(i.Ultrasound_TakeMeasurement)
    Ultrasound_Update                        0x080045e1   Thumb Code   184  ultrasound.o(i.Ultrasound_Update)
    UsageFault_Handler                       0x080046b9   Thumb Code     4  stm32f1xx_it.o(i.UsageFault_Handler)
    WaterPump_Init                           0x080046bd   Thumb Code    20  water_pump.o(i.WaterPump_Init)
    WaterPump_IsOn                           0x080046d9   Thumb Code     6  water_pump.o(i.WaterPump_IsOn)
    WaterPump_Off                            0x080046e5   Thumb Code    10  water_pump.o(i.WaterPump_Off)
    WaterPump_Set                            0x080046f1   Thumb Code    20  water_pump.o(i.WaterPump_Set)
    __scatterload_copy                       0x08004745   Thumb Code    14  handlers.o(i.__scatterload_copy)
    __scatterload_null                       0x08004753   Thumb Code     2  handlers.o(i.__scatterload_null)
    __scatterload_zeroinit                   0x08004755   Thumb Code    14  handlers.o(i.__scatterload_zeroinit)
    can_SendCmd                              0x08004765   Thumb Code   226  hcan.o(i.can_SendCmd)
    main                                     0x0800484d   Thumb Code    56  main.o(i.main)
    mecanum_move                             0x08004885   Thumb Code   126  motor.o(i.mecanum_move)
    mecanum_with_heading_control             0x08004905   Thumb Code    38  motor.o(i.mecanum_with_heading_control)
    motor_PWM_Init                           0x08004931   Thumb Code    36  motor.o(i.motor_PWM_Init)
    motor_lb_back_pin                        0x0800497d   Thumb Code    26  motor.o(i.motor_lb_back_pin)
    motor_lb_forward_pin                     0x0800499d   Thumb Code    26  motor.o(i.motor_lb_forward_pin)
    motor_lf_back_pin                        0x080049bd   Thumb Code    26  motor.o(i.motor_lf_back_pin)
    motor_lf_forward_pin                     0x080049dd   Thumb Code    26  motor.o(i.motor_lf_forward_pin)
    motor_rb_back_pin                        0x080049fd   Thumb Code    24  motor.o(i.motor_rb_back_pin)
    motor_rb_forward_pin                     0x08004a19   Thumb Code    24  motor.o(i.motor_rb_forward_pin)
    motor_rf_back_pin                        0x08004a35   Thumb Code    26  motor.o(i.motor_rf_back_pin)
    motor_rf_forward_pin                     0x08004a59   Thumb Code    26  motor.o(i.motor_rf_forward_pin)
    AHBPrescTable                            0x08004afe   Data          16  system_stm32f1xx.o(.constdata)
    APBPrescTable                            0x08004b0e   Data           8  system_stm32f1xx.o(.constdata)
    Region$$Table$$Base                      0x08004b18   Number         0  anon$$obj.o(Region$$Table)
    Region$$Table$$Limit                     0x08004b38   Number         0  anon$$obj.o(Region$$Table)
    uwTick                                   0x20000000   Data           4  stm32f1xx_hal.o(.data)
    uwTickPrio                               0x20000004   Data           4  stm32f1xx_hal.o(.data)
    uwTickFreq                               0x20000008   Data           1  stm32f1xx_hal.o(.data)
    SystemCoreClock                          0x2000000c   Data           4  system_stm32f1xx.o(.data)
    motor_vx                                 0x20000010   Data           2  state_machine.o(.data)
    motor_vy                                 0x20000012   Data           2  state_machine.o(.data)
    target_yaw                               0x20000014   Data           4  state_machine.o(.data)
    rx_data                                  0x2000001a   Data           1  usart_parse.o(.data)
    rx_cnt                                   0x2000001b   Data           1  usart_parse.o(.data)
    motor_enable                             0x2000001c   Data           1  usart_parse.o(.data)
    rx_complete_flag                         0x2000001d   Data           1  usart_parse.o(.data)
    parsing_in_progress                      0x2000001e   Data           1  usart_parse.o(.data)
    hcan                                     0x20000048   Data          40  can.o(.bss)
    hi2c1                                    0x20000070   Data          84  i2c.o(.bss)
    htim2                                    0x200000c4   Data          72  tim.o(.bss)
    htim3                                    0x2000010c   Data          72  tim.o(.bss)
    htim4                                    0x20000154   Data          72  tim.o(.bss)
    huart1                                   0x2000019c   Data          72  usart.o(.bss)
    rx_buffer                                0x20000200   Data          10  usart_parse.o(.bss)
    __initial_sp                             0x20000620   Data           0  startup_stm32f103xb.o(STACK)



==============================================================================

Memory Map of the image

  Image Entry point : 0x080000ed

  Load Region LR_IROM1 (Base: 0x08000000, Size: 0x00004b80, Max: 0x00010000, ABSOLUTE)

    Execution Region ER_IROM1 (Exec base: 0x08000000, Load base: 0x08000000, Size: 0x00004b38, Max: 0x00010000, ABSOLUTE)

    Exec Addr    Load Addr    Size         Type   Attr      Idx    E Section Name        Object

    0x08000000   0x08000000   0x000000ec   Data   RO            3    RESET               startup_stm32f103xb.o
    0x080000ec   0x080000ec   0x00000000   Code   RO         4495  * .ARM.Collect$$$$00000000  mc_w.l(entry.o)
    0x080000ec   0x080000ec   0x00000004   Code   RO         4520    .ARM.Collect$$$$00000001  mc_w.l(entry2.o)
    0x080000f0   0x080000f0   0x00000004   Code   RO         4523    .ARM.Collect$$$$00000004  mc_w.l(entry5.o)
    0x080000f4   0x080000f4   0x00000000   Code   RO         4525    .ARM.Collect$$$$00000008  mc_w.l(entry7b.o)
    0x080000f4   0x080000f4   0x00000000   Code   RO         4527    .ARM.Collect$$$$0000000A  mc_w.l(entry8b.o)
    0x080000f4   0x080000f4   0x00000008   Code   RO         4528    .ARM.Collect$$$$0000000B  mc_w.l(entry9a.o)
    0x080000fc   0x080000fc   0x00000000   Code   RO         4530    .ARM.Collect$$$$0000000D  mc_w.l(entry10a.o)
    0x080000fc   0x080000fc   0x00000000   Code   RO         4532    .ARM.Collect$$$$0000000F  mc_w.l(entry11a.o)
    0x080000fc   0x080000fc   0x00000004   Code   RO         4521    .ARM.Collect$$$$00002712  mc_w.l(entry2.o)
    0x08000100   0x08000100   0x00000024   Code   RO            4    .text               startup_stm32f103xb.o
    0x08000124   0x08000124   0x00000024   Code   RO         4500    .text               mc_w.l(memseta.o)
    0x08000148   0x08000148   0x000000b0   Code   RO         4502    .text               mf_w.l(fadd.o)
    0x080001f8   0x080001f8   0x00000064   Code   RO         4504    .text               mf_w.l(fmul.o)
    0x0800025c   0x0800025c   0x0000007c   Code   RO         4506    .text               mf_w.l(fdiv.o)
    0x080002d8   0x080002d8   0x00000012   Code   RO         4508    .text               mf_w.l(fflti.o)
    0x080002ea   0x080002ea   0x0000000a   Code   RO         4510    .text               mf_w.l(ffltui.o)
    0x080002f4   0x080002f4   0x00000032   Code   RO         4512    .text               mf_w.l(ffixi.o)
    0x08000326   0x08000326   0x00000028   Code   RO         4514    .text               mf_w.l(ffixui.o)
    0x0800034e   0x0800034e   0x00000002   PAD
    0x08000350   0x08000350   0x00000014   Code   RO         4516    .text               mf_w.l(cfcmple.o)
    0x08000364   0x08000364   0x00000014   Code   RO         4518    .text               mf_w.l(cfrcmple.o)
    0x08000378   0x08000378   0x00000000   Code   RO         4534    .text               mc_w.l(iusefp.o)
    0x08000378   0x08000378   0x0000006e   Code   RO         4535    .text               mf_w.l(fepilogue.o)
    0x080003e6   0x080003e6   0x00000002   PAD
    0x080003e8   0x080003e8   0x00000024   Code   RO         4537    .text               mc_w.l(init.o)
    0x0800040c   0x0800040c   0x00000004   Code   RO          437    i.BusFault_Handler  stm32f1xx_it.o
    0x08000410   0x08000410   0x00000010   Code   RO          438    i.CAN1_RX1_IRQHandler  stm32f1xx_it.o
    0x08000420   0x08000420   0x0000001c   Code   RO         4264    i.CAN_Filter_ParamsInit  hcan.o
    0x0800043c   0x0800043c   0x00000026   Code   RO         4266    i.CAN_Start         hcan.o
    0x08000462   0x08000462   0x00000002   Code   RO          439    i.DebugMon_Handler  stm32f1xx_it.o
    0x08000464   0x08000464   0x0000006c   Code   RO         4174    i.Emm_V5_Pos_Control  emm_v5.o
    0x080004d0   0x080004d0   0x00000006   Code   RO           13    i.Error_Handler     main.o
    0x080004d6   0x080004d6   0x00000002   PAD
    0x080004d8   0x080004d8   0x00000058   Code   RO         4305    i.Gear_StepMotor_ControlByMM  tower.o
    0x08000530   0x08000530   0x00000056   Code   RO          598    i.HAL_CAN_AbortTxRequest  stm32f1xx_hal_can.o
    0x08000586   0x08000586   0x0000002a   Code   RO          599    i.HAL_CAN_ActivateNotification  stm32f1xx_hal_can.o
    0x080005b0   0x080005b0   0x0000014a   Code   RO          600    i.HAL_CAN_AddTxMessage  stm32f1xx_hal_can.o
    0x080006fa   0x080006fa   0x0000010a   Code   RO          601    i.HAL_CAN_ConfigFilter  stm32f1xx_hal_can.o
    0x08000804   0x08000804   0x00000002   Code   RO          604    i.HAL_CAN_ErrorCallback  stm32f1xx_hal_can.o
    0x08000806   0x08000806   0x0000024e   Code   RO          611    i.HAL_CAN_IRQHandler  stm32f1xx_hal_can.o
    0x08000a54   0x08000a54   0x00000174   Code   RO          612    i.HAL_CAN_Init      stm32f1xx_hal_can.o
    0x08000bc8   0x08000bc8   0x00000098   Code   RO          240    i.HAL_CAN_MspInit   can.o
    0x08000c60   0x08000c60   0x00000002   Code   RO          619    i.HAL_CAN_RxFifo0FullCallback  stm32f1xx_hal_can.o
    0x08000c62   0x08000c62   0x00000002   Code   RO          620    i.HAL_CAN_RxFifo0MsgPendingCallback  stm32f1xx_hal_can.o
    0x08000c64   0x08000c64   0x00000002   Code   RO          621    i.HAL_CAN_RxFifo1FullCallback  stm32f1xx_hal_can.o
    0x08000c66   0x08000c66   0x00000002   Code   RO          622    i.HAL_CAN_RxFifo1MsgPendingCallback  stm32f1xx_hal_can.o
    0x08000c68   0x08000c68   0x00000002   Code   RO          623    i.HAL_CAN_SleepCallback  stm32f1xx_hal_can.o
    0x08000c6a   0x08000c6a   0x0000005e   Code   RO          624    i.HAL_CAN_Start     stm32f1xx_hal_can.o
    0x08000cc8   0x08000cc8   0x00000002   Code   RO          626    i.HAL_CAN_TxMailbox0AbortCallback  stm32f1xx_hal_can.o
    0x08000cca   0x08000cca   0x00000002   Code   RO          627    i.HAL_CAN_TxMailbox0CompleteCallback  stm32f1xx_hal_can.o
    0x08000ccc   0x08000ccc   0x00000002   Code   RO          628    i.HAL_CAN_TxMailbox1AbortCallback  stm32f1xx_hal_can.o
    0x08000cce   0x08000cce   0x00000002   Code   RO          629    i.HAL_CAN_TxMailbox1CompleteCallback  stm32f1xx_hal_can.o
    0x08000cd0   0x08000cd0   0x00000002   Code   RO          630    i.HAL_CAN_TxMailbox2AbortCallback  stm32f1xx_hal_can.o
    0x08000cd2   0x08000cd2   0x00000002   Code   RO          631    i.HAL_CAN_TxMailbox2CompleteCallback  stm32f1xx_hal_can.o
    0x08000cd4   0x08000cd4   0x00000002   Code   RO          633    i.HAL_CAN_WakeUpFromRxMsgCallback  stm32f1xx_hal_can.o
    0x08000cd6   0x08000cd6   0x00000056   Code   RO         1218    i.HAL_DMA_Abort     stm32f1xx_hal_dma.o
    0x08000d2c   0x08000d2c   0x000000b0   Code   RO         1219    i.HAL_DMA_Abort_IT  stm32f1xx_hal_dma.o
    0x08000ddc   0x08000ddc   0x00000028   Code   RO          839    i.HAL_Delay         stm32f1xx_hal.o
    0x08000e04   0x08000e04   0x00000320   Code   RO         1154    i.HAL_GPIO_Init     stm32f1xx_hal_gpio.o
    0x08001124   0x08001124   0x0000000c   Code   RO         1158    i.HAL_GPIO_WritePin  stm32f1xx_hal_gpio.o
    0x08001130   0x08001130   0x0000000c   Code   RO          843    i.HAL_GetTick       stm32f1xx_hal.o
    0x0800113c   0x0800113c   0x000001d0   Code   RO         1851    i.HAL_I2C_Init      stm32f1xx_hal_i2c.o
    0x0800130c   0x0800130c   0x00000374   Code   RO         1869    i.HAL_I2C_Mem_Read  stm32f1xx_hal_i2c.o
    0x08001680   0x08001680   0x0000008c   Code   RO          282    i.HAL_I2C_MspInit   i2c.o
    0x0800170c   0x0800170c   0x00000018   Code   RO          849    i.HAL_IncTick       stm32f1xx_hal.o
    0x08001724   0x08001724   0x00000028   Code   RO          850    i.HAL_Init          stm32f1xx_hal.o
    0x0800174c   0x0800174c   0x0000004c   Code   RO          851    i.HAL_InitTick      stm32f1xx_hal.o
    0x08001798   0x08001798   0x00000054   Code   RO          538    i.HAL_MspInit       stm32f1xx_hal_msp.o
    0x080017ec   0x080017ec   0x00000020   Code   RO         1314    i.HAL_NVIC_EnableIRQ  stm32f1xx_hal_cortex.o
    0x0800180c   0x0800180c   0x0000007c   Code   RO         1320    i.HAL_NVIC_SetPriority  stm32f1xx_hal_cortex.o
    0x08001888   0x08001888   0x00000028   Code   RO         1321    i.HAL_NVIC_SetPriorityGrouping  stm32f1xx_hal_cortex.o
    0x080018b0   0x080018b0   0x0000018c   Code   RO         1007    i.HAL_RCC_ClockConfig  stm32f1xx_hal_rcc.o
    0x08001a3c   0x08001a3c   0x0000000c   Code   RO         1012    i.HAL_RCC_GetHCLKFreq  stm32f1xx_hal_rcc.o
    0x08001a48   0x08001a48   0x00000020   Code   RO         1014    i.HAL_RCC_GetPCLK1Freq  stm32f1xx_hal_rcc.o
    0x08001a68   0x08001a68   0x00000020   Code   RO         1015    i.HAL_RCC_GetPCLK2Freq  stm32f1xx_hal_rcc.o
    0x08001a88   0x08001a88   0x00000070   Code   RO         1016    i.HAL_RCC_GetSysClockFreq  stm32f1xx_hal_rcc.o
    0x08001af8   0x08001af8   0x00000464   Code   RO         1019    i.HAL_RCC_OscConfig  stm32f1xx_hal_rcc.o
    0x08001f5c   0x08001f5c   0x00000034   Code   RO         1325    i.HAL_SYSTICK_Config  stm32f1xx_hal_cortex.o
    0x08001f90   0x08001f90   0x00000002   Code   RO         3034    i.HAL_TIMEx_BreakCallback  stm32f1xx_hal_tim_ex.o
    0x08001f92   0x08001f92   0x00000002   Code   RO         3035    i.HAL_TIMEx_CommutCallback  stm32f1xx_hal_tim_ex.o
    0x08001f94   0x08001f94   0x00000084   Code   RO         3053    i.HAL_TIMEx_MasterConfigSynchronization  stm32f1xx_hal_tim_ex.o
    0x08002018   0x08002018   0x0000009c   Code   RO         4385    i.HAL_TIM_IC_CaptureCallback  ultrasound.o
    0x080020b4   0x080020b4   0x000000de   Code   RO         2355    i.HAL_TIM_IC_ConfigChannel  stm32f1xx_hal_tim.o
    0x08002192   0x08002192   0x00000066   Code   RO         2358    i.HAL_TIM_IC_Init   stm32f1xx_hal_tim.o
    0x080021f8   0x080021f8   0x00000080   Code   RO          324    i.HAL_TIM_IC_MspInit  tim.o
    0x08002278   0x08002278   0x00000160   Code   RO         2363    i.HAL_TIM_IC_Start_IT  stm32f1xx_hal_tim.o
    0x080023d8   0x080023d8   0x0000016c   Code   RO         2367    i.HAL_TIM_IRQHandler  stm32f1xx_hal_tim.o
    0x08002544   0x08002544   0x00000090   Code   RO          325    i.HAL_TIM_MspPostInit  tim.o
    0x080025d4   0x080025d4   0x00000002   Code   RO         2370    i.HAL_TIM_OC_DelayElapsedCallback  stm32f1xx_hal_tim.o
    0x080025d6   0x080025d6   0x00000104   Code   RO         2391    i.HAL_TIM_PWM_ConfigChannel  stm32f1xx_hal_tim.o
    0x080026da   0x080026da   0x00000066   Code   RO         2394    i.HAL_TIM_PWM_Init  stm32f1xx_hal_tim.o
    0x08002740   0x08002740   0x00000068   Code   RO          327    i.HAL_TIM_PWM_MspInit  tim.o
    0x080027a8   0x080027a8   0x00000002   Code   RO         2397    i.HAL_TIM_PWM_PulseFinishedCallback  stm32f1xx_hal_tim.o
    0x080027aa   0x080027aa   0x00000002   PAD
    0x080027ac   0x080027ac   0x000000d4   Code   RO         2399    i.HAL_TIM_PWM_Start  stm32f1xx_hal_tim.o
    0x08002880   0x08002880   0x00000002   Code   RO         2405    i.HAL_TIM_PeriodElapsedCallback  stm32f1xx_hal_tim.o
    0x08002882   0x08002882   0x00000032   Code   RO         2407    i.HAL_TIM_ReadCapturedValue  stm32f1xx_hal_tim.o
    0x080028b4   0x080028b4   0x00000002   Code   RO         2410    i.HAL_TIM_TriggerCallback  stm32f1xx_hal_tim.o
    0x080028b6   0x080028b6   0x00000002   Code   RO         3313    i.HAL_UARTEx_RxEventCallback  stm32f1xx_hal_uart.o
    0x080028b8   0x080028b8   0x00000002   Code   RO         3327    i.HAL_UART_ErrorCallback  stm32f1xx_hal_uart.o
    0x080028ba   0x080028ba   0x00000002   PAD
    0x080028bc   0x080028bc   0x000002e4   Code   RO         3330    i.HAL_UART_IRQHandler  stm32f1xx_hal_uart.o
    0x08002ba0   0x08002ba0   0x00000076   Code   RO         3331    i.HAL_UART_Init     stm32f1xx_hal_uart.o
    0x08002c16   0x08002c16   0x00000002   PAD
    0x08002c18   0x08002c18   0x00000098   Code   RO          396    i.HAL_UART_MspInit  usart.o
    0x08002cb0   0x08002cb0   0x0000002c   Code   RO         3336    i.HAL_UART_Receive_IT  stm32f1xx_hal_uart.o
    0x08002cdc   0x08002cdc   0x00000094   Code   RO         4108    i.HAL_UART_RxCpltCallback  usart_parse.o
    0x08002d70   0x08002d70   0x000000be   Code   RO         3339    i.HAL_UART_Transmit  stm32f1xx_hal_uart.o
    0x08002e2e   0x08002e2e   0x00000002   Code   RO         3342    i.HAL_UART_TxCpltCallback  stm32f1xx_hal_uart.o
    0x08002e30   0x08002e30   0x00000004   Code   RO          440    i.HardFault_Handler  stm32f1xx_it.o
    0x08002e34   0x08002e34   0x0000003e   Code   RO         1895    i.I2C_IsAcknowledgeFailed  stm32f1xx_hal_i2c.o
    0x08002e72   0x08002e72   0x00000002   PAD
    0x08002e74   0x08002e74   0x00000160   Code   RO         1906    i.I2C_RequestMemoryRead  stm32f1xx_hal_i2c.o
    0x08002fd4   0x08002fd4   0x000000be   Code   RO         1916    i.I2C_WaitOnFlagUntilTimeout  stm32f1xx_hal_i2c.o
    0x08003092   0x08003092   0x000000fa   Code   RO         1917    i.I2C_WaitOnMasterAddressFlagUntilTimeout  stm32f1xx_hal_i2c.o
    0x0800318c   0x0800318c   0x0000008a   Code   RO         1918    i.I2C_WaitOnRXNEFlagUntilTimeout  stm32f1xx_hal_i2c.o
    0x08003216   0x08003216   0x00000066   Code   RO         1921    i.I2C_WaitOnTXEFlagUntilTimeout  stm32f1xx_hal_i2c.o
    0x0800327c   0x0800327c   0x00000040   Code   RO          241    i.MX_CAN_Init       can.o
    0x080032bc   0x080032bc   0x00000144   Code   RO          215    i.MX_GPIO_Init      gpio.o
    0x08003400   0x08003400   0x0000003c   Code   RO          283    i.MX_I2C1_Init      i2c.o
    0x0800343c   0x0800343c   0x000000a8   Code   RO          328    i.MX_TIM2_Init      tim.o
    0x080034e4   0x080034e4   0x0000008c   Code   RO          329    i.MX_TIM3_Init      tim.o
    0x08003570   0x08003570   0x0000005c   Code   RO          330    i.MX_TIM4_Init      tim.o
    0x080035cc   0x080035cc   0x00000038   Code   RO          397    i.MX_USART1_UART_Init  usart.o
    0x08003604   0x08003604   0x00000004   Code   RO          441    i.MemManage_Handler  stm32f1xx_it.o
    0x08003608   0x08003608   0x00000006   Code   RO         4434    i.MilkMonitor_GetLevelPercent  milk_monitor.o
    0x0800360e   0x0800360e   0x00000002   PAD
    0x08003610   0x08003610   0x00000050   Code   RO         4436    i.MilkMonitor_Init  milk_monitor.o
    0x08003660   0x08003660   0x00000004   Code   RO         4437    i.MilkMonitor_IsCalibrated  milk_monitor.o
    0x08003664   0x08003664   0x0000002c   Code   RO         4438    i.MilkMonitor_IsMeasurementSafe  milk_monitor.o
    0x08003690   0x08003690   0x000000ac   Code   RO         4439    i.MilkMonitor_SendTelemetry  milk_monitor.o
    0x0800373c   0x0800373c   0x00000014   Code   RO         4440    i.MilkMonitor_SetPumpRequest  milk_monitor.o
    0x08003750   0x08003750   0x00000084   Code   RO         4441    i.MilkMonitor_Update  milk_monitor.o
    0x080037d4   0x080037d4   0x00000010   Code   RO         3711    i.Motor_Init        motor.o
    0x080037e4   0x080037e4   0x00000024   Code   RO         3712    i.Motor_LB_SetSpeed  motor.o
    0x08003808   0x08003808   0x00000024   Code   RO         3713    i.Motor_LF_SetSpeed  motor.o
    0x0800382c   0x0800382c   0x00000024   Code   RO         3714    i.Motor_RB_SetSpeed  motor.o
    0x08003850   0x08003850   0x00000024   Code   RO         3715    i.Motor_RF_SetSpeed  motor.o
    0x08003874   0x08003874   0x00000004   Code   RO          442    i.NMI_Handler       stm32f1xx_it.o
    0x08003878   0x08003878   0x000000e4   Code   RO         3913    i.PID_Mulun_Calc    mulun.o
    0x0800395c   0x0800395c   0x0000002c   Code   RO         3914    i.PID_Mulun_Init    mulun.o
    0x08003988   0x08003988   0x00000002   Code   RO          443    i.PendSV_Handler    stm32f1xx_it.o
    0x0800398a   0x0800398a   0x00000002   PAD
    0x0800398c   0x0800398c   0x00000028   Code   RO         1020    i.RCC_Delay         stm32f1xx_hal_rcc.o
    0x080039b4   0x080039b4   0x00000048   Code   RO         4306    i.Rail_StepMotor_ControlByMM  tower.o
    0x080039fc   0x080039fc   0x00000058   Code   RO         4037    i.Read_Yaw          wt101.o
    0x08003a54   0x08003a54   0x00000002   Code   RO          444    i.SVC_Handler       stm32f1xx_it.o
    0x08003a56   0x08003a56   0x00000002   PAD
    0x08003a58   0x08003a58   0x00000018   Code   RO         4061    i.Servo_Init        servo.o
    0x08003a70   0x08003a70   0x00000024   Code   RO         4063    i.Servo_SetAngle_2  servo.o
    0x08003a94   0x08003a94   0x0000003c   Code   RO         3948    i.State_Idle_Handler  state_machine.o
    0x08003ad0   0x08003ad0   0x00000028   Code   RO         3949    i.State_Init_Handler  state_machine.o
    0x08003af8   0x08003af8   0x00000010   Code   RO         3951    i.State_Machine_Init  state_machine.o
    0x08003b08   0x08003b08   0x0000001c   Code   RO         3952    i.State_Machine_Transition  state_machine.o
    0x08003b24   0x08003b24   0x00000044   Code   RO         3953    i.State_Machine_Update  state_machine.o
    0x08003b68   0x08003b68   0x00000002   Code   RO         3954    i.State_Task1_Handler  state_machine.o
    0x08003b6a   0x08003b6a   0x00000002   Code   RO         3955    i.State_Task2_Handler  state_machine.o
    0x08003b6c   0x08003b6c   0x00000012   Code   RO         3956    i.State_UART_Parse_Handler  state_machine.o
    0x08003b7e   0x08003b7e   0x00000008   Code   RO          445    i.SysTick_Handler   stm32f1xx_it.o
    0x08003b86   0x08003b86   0x00000066   Code   RO           14    i.SystemClock_Config  main.o
    0x08003bec   0x08003bec   0x00000002   Code   RO         3675    i.SystemInit        system_stm32f1xx.o
    0x08003bee   0x08003bee   0x00000002   PAD
    0x08003bf0   0x08003bf0   0x00000010   Code   RO          446    i.TIM2_IRQHandler   stm32f1xx_it.o
    0x08003c00   0x08003c00   0x00000010   Code   RO          447    i.TIM4_IRQHandler   stm32f1xx_it.o
    0x08003c10   0x08003c10   0x00000084   Code   RO         2412    i.TIM_Base_SetConfig  stm32f1xx_hal_tim.o
    0x08003c94   0x08003c94   0x00000022   Code   RO         2413    i.TIM_CCxChannelCmd  stm32f1xx_hal_tim.o
    0x08003cb6   0x08003cb6   0x00000002   PAD
    0x08003cb8   0x08003cb8   0x00000060   Code   RO         2425    i.TIM_OC1_SetConfig  stm32f1xx_hal_tim.o
    0x08003d18   0x08003d18   0x00000068   Code   RO         2426    i.TIM_OC2_SetConfig  stm32f1xx_hal_tim.o
    0x08003d80   0x08003d80   0x00000068   Code   RO         2427    i.TIM_OC3_SetConfig  stm32f1xx_hal_tim.o
    0x08003de8   0x08003de8   0x00000048   Code   RO         2428    i.TIM_OC4_SetConfig  stm32f1xx_hal_tim.o
    0x08003e30   0x08003e30   0x00000068   Code   RO         2431    i.TIM_TI1_SetConfig  stm32f1xx_hal_tim.o
    0x08003e98   0x08003e98   0x0000003a   Code   RO         2433    i.TIM_TI2_SetConfig  stm32f1xx_hal_tim.o
    0x08003ed2   0x08003ed2   0x00000038   Code   RO         2434    i.TIM_TI3_SetConfig  stm32f1xx_hal_tim.o
    0x08003f0a   0x08003f0a   0x0000003c   Code   RO         2435    i.TIM_TI4_SetConfig  stm32f1xx_hal_tim.o
    0x08003f46   0x08003f46   0x00000014   Code   RO         3344    i.UART_DMAAbortOnError  stm32f1xx_hal_uart.o
    0x08003f5a   0x08003f5a   0x00000002   PAD
    0x08003f5c   0x08003f5c   0x00000028   Code   RO         4110    i.UART_Enable_Receive  usart_parse.o
    0x08003f84   0x08003f84   0x0000006c   Code   RO         3354    i.UART_EndRxTransfer  stm32f1xx_hal_uart.o
    0x08003ff0   0x08003ff0   0x00000020   Code   RO         3355    i.UART_EndTransmit_IT  stm32f1xx_hal_uart.o
    0x08004010   0x08004010   0x000000a0   Code   RO         4111    i.UART_Launch       usart_parse.o
    0x080040b0   0x080040b0   0x00000098   Code   RO         4112    i.UART_Parse_Data   usart_parse.o
    0x08004148   0x08004148   0x000000fc   Code   RO         3357    i.UART_Receive_IT   stm32f1xx_hal_uart.o
    0x08004244   0x08004244   0x000000fc   Code   RO         3358    i.UART_SetConfig    stm32f1xx_hal_uart.o
    0x08004340   0x08004340   0x00000040   Code   RO         3360    i.UART_Start_Receive_IT  stm32f1xx_hal_uart.o
    0x08004380   0x08004380   0x00000060   Code   RO         3361    i.UART_Transmit_IT  stm32f1xx_hal_uart.o
    0x080043e0   0x080043e0   0x00000022   Code   RO         4113    i.UART_Validate_Packet  usart_parse.o
    0x08004402   0x08004402   0x0000008c   Code   RO         3362    i.UART_WaitOnFlagUntilTimeout  stm32f1xx_hal_uart.o
    0x0800448e   0x0800448e   0x00000002   PAD
    0x08004490   0x08004490   0x00000010   Code   RO          448    i.USART1_IRQHandler  stm32f1xx_it.o
    0x080044a0   0x080044a0   0x00000088   Code   RO         4386    i.Ultrasound_Init   ultrasound.o
    0x08004528   0x08004528   0x00000034   Code   RO         4387    i.Ultrasound_TakeMeasurement  ultrasound.o
    0x0800455c   0x0800455c   0x00000084   Code   RO         4388    i.Ultrasound_Trigger  ultrasound.o
    0x080045e0   0x080045e0   0x000000d8   Code   RO         4389    i.Ultrasound_Update  ultrasound.o
    0x080046b8   0x080046b8   0x00000004   Code   RO          449    i.UsageFault_Handler  stm32f1xx_it.o
    0x080046bc   0x080046bc   0x0000001c   Code   RO         4335    i.WaterPump_Init    water_pump.o
    0x080046d8   0x080046d8   0x0000000c   Code   RO         4336    i.WaterPump_IsOn    water_pump.o
    0x080046e4   0x080046e4   0x0000000a   Code   RO         4337    i.WaterPump_Off     water_pump.o
    0x080046ee   0x080046ee   0x00000002   PAD
    0x080046f0   0x080046f0   0x0000001c   Code   RO         4339    i.WaterPump_Set     water_pump.o
    0x0800470c   0x0800470c   0x00000010   Code   RO         1327    i.__NVIC_GetPriorityGrouping  stm32f1xx_hal_cortex.o
    0x0800471c   0x0800471c   0x00000028   Code   RO         1328    i.__NVIC_SetPriority  stm32f1xx_hal_cortex.o
    0x08004744   0x08004744   0x0000000e   Code   RO         4541    i.__scatterload_copy  mc_w.l(handlers.o)
    0x08004752   0x08004752   0x00000002   Code   RO         4542    i.__scatterload_null  mc_w.l(handlers.o)
    0x08004754   0x08004754   0x0000000e   Code   RO         4543    i.__scatterload_zeroinit  mc_w.l(handlers.o)
    0x08004762   0x08004762   0x00000002   PAD
    0x08004764   0x08004764   0x000000e8   Code   RO         4267    i.can_SendCmd       hcan.o
    0x0800484c   0x0800484c   0x00000038   Code   RO           15    i.main              main.o
    0x08004884   0x08004884   0x0000007e   Code   RO         3716    i.mecanum_move      motor.o
    0x08004902   0x08004902   0x00000002   PAD
    0x08004904   0x08004904   0x0000002c   Code   RO         3717    i.mecanum_with_heading_control  motor.o
    0x08004930   0x08004930   0x00000028   Code   RO         3718    i.motor_PWM_Init    motor.o
    0x08004958   0x08004958   0x00000024   Code   RO         3721    i.motor_clamp_pwm   motor.o
    0x0800497c   0x0800497c   0x00000020   Code   RO         3723    i.motor_lb_back_pin  motor.o
    0x0800499c   0x0800499c   0x00000020   Code   RO         3724    i.motor_lb_forward_pin  motor.o
    0x080049bc   0x080049bc   0x00000020   Code   RO         3725    i.motor_lf_back_pin  motor.o
    0x080049dc   0x080049dc   0x00000020   Code   RO         3726    i.motor_lf_forward_pin  motor.o
    0x080049fc   0x080049fc   0x0000001c   Code   RO         3727    i.motor_rb_back_pin  motor.o
    0x08004a18   0x08004a18   0x0000001c   Code   RO         3728    i.motor_rb_forward_pin  motor.o
    0x08004a34   0x08004a34   0x00000024   Code   RO         3729    i.motor_rf_back_pin  motor.o
    0x08004a58   0x08004a58   0x00000024   Code   RO         3730    i.motor_rf_forward_pin  motor.o
    0x08004a7c   0x08004a7c   0x00000030   Code   RO         3731    i.motor_set_channel_pwm  motor.o
    0x08004aac   0x08004aac   0x00000040   Code   RO         3915    i.normalize_angle   mulun.o
    0x08004aec   0x08004aec   0x00000012   Data   RO         1021    .constdata          stm32f1xx_hal_rcc.o
    0x08004afe   0x08004afe   0x00000018   Data   RO         3676    .constdata          system_stm32f1xx.o
    0x08004b16   0x08004b16   0x00000002   PAD
    0x08004b18   0x08004b18   0x00000020   Data   RO         4539    Region$$Table       anon$$obj.o


    Execution Region RW_IRAM1 (Exec base: 0x20000000, Load base: 0x08004b38, Size: 0x00000620, Max: 0x00005000, ABSOLUTE)

    Exec Addr    Load Addr    Size         Type   Attr      Idx    E Section Name        Object

    0x20000000   0x08004b38   0x00000009   Data   RW          857    .data               stm32f1xx_hal.o
    0x20000009   0x08004b41   0x00000003   PAD
    0x2000000c   0x08004b44   0x00000004   Data   RW         3677    .data               system_stm32f1xx.o
    0x20000010   0x08004b48   0x0000000a   Data   RW         3957    .data               state_machine.o
    0x2000001a   0x08004b52   0x00000005   Data   RW         4115    .data               usart_parse.o
    0x2000001f   0x08004b57   0x00000001   Data   RW         4340    .data               water_pump.o
    0x20000020   0x08004b58   0x00000014   Data   RW         4390    .data               ultrasound.o
    0x20000034   0x08004b6c   0x00000011   Data   RW         4442    .data               milk_monitor.o
    0x20000045   0x08004b7d   0x00000003   PAD
    0x20000048        -       0x00000028   Zero   RW          242    .bss                can.o
    0x20000070        -       0x00000054   Zero   RW          284    .bss                i2c.o
    0x200000c4        -       0x000000d8   Zero   RW          331    .bss                tim.o
    0x2000019c        -       0x00000048   Zero   RW          398    .bss                usart.o
    0x200001e4        -       0x0000001c   Zero   RW         3735    .bss                motor.o
    0x20000200        -       0x0000001e   Zero   RW         4114    .bss                usart_parse.o
    0x2000021e   0x08004b7d   0x00000002   PAD
    0x20000220        -       0x00000400   Zero   RW            1    STACK               startup_stm32f103xb.o


==============================================================================

Image component sizes


      Code (inc. data)   RO Data    RW Data    ZI Data      Debug   Object Name

       216         22          0          0         40       1507   can.o
       108          0          0          0          0        801   emm_v5.o
       324         18          0          0          0        975   gpio.o
       298          6          0          0          0       2350   hcan.o
       200         28          0          0         84       1545   i2c.o
       164          0          0          0          0     445068   main.o
       458         84          0         17          0       3997   milk_monitor.o
       710         78          0          0         28       9212   motor.o
       336         32          0          0          0       2234   mulun.o
        60         10          0          0          0        868   servo.o
        36          8        236          0       1024        768   startup_stm32f103xb.o
       234         44          0         10          0       4199   state_machine.o
       192         36          0          9          0       5637   stm32f1xx_hal.o
      1806          0          0          0          0      13489   stm32f1xx_hal_can.o
       304         22          0          0          0      29191   stm32f1xx_hal_cortex.o
       262          4          0          0          0       1659   stm32f1xx_hal_dma.o
       812         34          0          0          0       2580   stm32f1xx_hal_gpio.o
      2442         38          0          0          0       8430   stm32f1xx_hal_i2c.o
        84          8          0          0          0        834   stm32f1xx_hal_msp.o
      1748         98         18          0          0       5720   stm32f1xx_hal_rcc.o
      2492         72          0          0          0      15824   stm32f1xx_hal_tim.o
       136         14          0          0          0       2301   stm32f1xx_hal_tim_ex.o
      2062          8          0          0          0      11480   stm32f1xx_hal_uart.o
        98         24          0          0          0       5356   stm32f1xx_it.o
         2          0         24          4          0       1023   system_stm32f1xx.o
       776         58          0          0        216       4002   tim.o
       160          8          0          0          0       1558   tower.o
       692        122          0         20          0       3620   ultrasound.o
       208         24          0          0         72       1530   usart.o
       534         96          0          5         30       3925   usart_parse.o
        78         22          0          1          0       1930   water_pump.o
        88          8          0          0          0        615   wt101.o

    ----------------------------------------------------------------------
     18148       1026        312         72       1496     594228   Object Totals
         0          0         32          0          0          0   (incl. Generated)
        28          0          2          6          2          0   (incl. Padding)

    ----------------------------------------------------------------------

      Code (inc. data)   RO Data    RW Data    ZI Data      Debug   Library Member Name

         0          0          0          0          0          0   entry.o
         0          0          0          0          0          0   entry10a.o
         0          0          0          0          0          0   entry11a.o
         8          4          0          0          0          0   entry2.o
         4          0          0          0          0          0   entry5.o
         0          0          0          0          0          0   entry7b.o
         0          0          0          0          0          0   entry8b.o
         8          4          0          0          0          0   entry9a.o
        30          0          0          0          0          0   handlers.o
        36          8          0          0          0         68   init.o
         0          0          0          0          0          0   iusefp.o
        36          0          0          0          0        108   memseta.o
        20          0          0          0          0         68   cfcmple.o
        20          0          0          0          0         68   cfrcmple.o
       176          0          0          0          0        140   fadd.o
       124          0          0          0          0         88   fdiv.o
       110          0          0          0          0        168   fepilogue.o
        50          0          0          0          0         68   ffixi.o
        40          0          0          0          0         68   ffixui.o
        18          0          0          0          0         68   fflti.o
        10          0          0          0          0         68   ffltui.o
       100          0          0          0          0         76   fmul.o

    ----------------------------------------------------------------------
       796         16          0          0          0       1056   Library Totals
         6          0          0          0          0          0   (incl. Padding)

    ----------------------------------------------------------------------

      Code (inc. data)   RO Data    RW Data    ZI Data      Debug   Library Name

       122         16          0          0          0        176   mc_w.l
       668          0          0          0          0        880   mf_w.l

    ----------------------------------------------------------------------
       796         16          0          0          0       1056   Library Totals

    ----------------------------------------------------------------------

==============================================================================


      Code (inc. data)   RO Data    RW Data    ZI Data      Debug   

     18944       1042        312         72       1496     585920   Grand Totals
     18944       1042        312         72       1496     585920   ELF Image Totals
     18944       1042        312         72          0          0   ROM Totals

==============================================================================

    Total RO  Size (Code + RO Data)                19256 (  18.80kB)
    Total RW  Size (RW Data + ZI Data)              1568 (   1.53kB)
    Total ROM Size (Code + RO Data + RW Data)      19328 (  18.88kB)

==============================================================================

